<?xml version="1.0"?>
<link_info>
   <banner>TI ARM Linker PC v5.2.2</banner>
   <copyright>Copyright (c) 1996-2015 Texas Instruments Incorporated</copyright>
   <link_time>0x56b26f74</link_time>
   <link_errors>0x0</link_errors>
   <output_file>EECS_388_P0.out</output_file>
   <entry_point>
      <name>_c_int00</name>
      <address>0x2bed</address>
   </entry_point>
   <input_file_list>
      <input_file id="fl-2">
         <path>.\</path>
         <kind>object</kind>
         <file>main.obj</file>
         <name>main.obj</name>
      </input_file>
      <input_file id="fl-3">
         <path>.\targetConfigs\</path>
         <kind>object</kind>
         <file>lm3s1968_startup_ccs.obj</file>
         <name>lm3s1968_startup_ccs.obj</name>
      </input_file>
      <input_file id="fl-4">
         <path>.\src\</path>
         <kind>object</kind>
         <file>led.obj</file>
         <name>led.obj</name>
      </input_file>
      <input_file id="fl-5">
         <path>.\src\</path>
         <kind>object</kind>
         <file>oled.obj</file>
         <name>oled.obj</name>
      </input_file>
      <input_file id="fl-6">
         <path>.\src\</path>
         <kind>object</kind>
         <file>system.obj</file>
         <name>system.obj</name>
      </input_file>
      <input_file id="fl-7">
         <path>.\OLED_Driver\</path>
         <kind>object</kind>
         <file>rit128x96x4.obj</file>
         <name>rit128x96x4.obj</name>
      </input_file>
      <input_file id="fl-12e">
         <path>C:\TI_CodeComposer\ccsv6\tools\compiler\ti-cgt-arm_5.2.2\lib\</path>
         <kind>archive</kind>
         <file>rtsv7M3_T_le_eabi.lib</file>
         <name>boot.obj</name>
      </input_file>
      <input_file id="fl-12f">
         <path>C:\TI_CodeComposer\ccsv6\tools\compiler\ti-cgt-arm_5.2.2\lib\</path>
         <kind>archive</kind>
         <file>rtsv7M3_T_le_eabi.lib</file>
         <name>copy_decompress_none.obj</name>
      </input_file>
      <input_file id="fl-130">
         <path>C:\TI_CodeComposer\ccsv6\tools\compiler\ti-cgt-arm_5.2.2\lib\</path>
         <kind>archive</kind>
         <file>rtsv7M3_T_le_eabi.lib</file>
         <name>copy_decompress_rle.obj</name>
      </input_file>
      <input_file id="fl-131">
         <path>C:\TI_CodeComposer\ccsv6\tools\compiler\ti-cgt-arm_5.2.2\lib\</path>
         <kind>archive</kind>
         <file>rtsv7M3_T_le_eabi.lib</file>
         <name>copy_zero_init.obj</name>
      </input_file>
      <input_file id="fl-132">
         <path>C:\TI_CodeComposer\ccsv6\tools\compiler\ti-cgt-arm_5.2.2\lib\</path>
         <kind>archive</kind>
         <file>rtsv7M3_T_le_eabi.lib</file>
         <name>exit.obj</name>
      </input_file>
      <input_file id="fl-133">
         <path>C:\TI_CodeComposer\ccsv6\tools\compiler\ti-cgt-arm_5.2.2\lib\</path>
         <kind>archive</kind>
         <file>rtsv7M3_T_le_eabi.lib</file>
         <name>fd_div_t2.obj</name>
      </input_file>
      <input_file id="fl-134">
         <path>C:\TI_CodeComposer\ccsv6\tools\compiler\ti-cgt-arm_5.2.2\lib\</path>
         <kind>archive</kind>
         <file>rtsv7M3_T_le_eabi.lib</file>
         <name>fd_tou_t2.obj</name>
      </input_file>
      <input_file id="fl-135">
         <path>C:\TI_CodeComposer\ccsv6\tools\compiler\ti-cgt-arm_5.2.2\lib\</path>
         <kind>archive</kind>
         <file>rtsv7M3_T_le_eabi.lib</file>
         <name>memcpy_t2.obj</name>
      </input_file>
      <input_file id="fl-136">
         <path>C:\TI_CodeComposer\ccsv6\tools\compiler\ti-cgt-arm_5.2.2\lib\</path>
         <kind>archive</kind>
         <file>rtsv7M3_T_le_eabi.lib</file>
         <name>memset_t2.obj</name>
      </input_file>
      <input_file id="fl-137">
         <path>C:\TI_CodeComposer\ccsv6\tools\compiler\ti-cgt-arm_5.2.2\lib\</path>
         <kind>archive</kind>
         <file>rtsv7M3_T_le_eabi.lib</file>
         <name>pre_init.obj</name>
      </input_file>
      <input_file id="fl-138">
         <path>C:\TI_CodeComposer\ccsv6\tools\compiler\ti-cgt-arm_5.2.2\lib\</path>
         <kind>archive</kind>
         <file>rtsv7M3_T_le_eabi.lib</file>
         <name>sprintf.obj</name>
      </input_file>
      <input_file id="fl-139">
         <path>C:\TI_CodeComposer\ccsv6\tools\compiler\ti-cgt-arm_5.2.2\lib\</path>
         <kind>archive</kind>
         <file>rtsv7M3_T_le_eabi.lib</file>
         <name>stkdepth_vars.obj</name>
      </input_file>
      <input_file id="fl-13a">
         <path>C:\TI_CodeComposer\ccsv6\tools\compiler\ti-cgt-arm_5.2.2\lib\</path>
         <kind>archive</kind>
         <file>rtsv7M3_T_le_eabi.lib</file>
         <name>u_tofd_t2.obj</name>
      </input_file>
      <input_file id="fl-13b">
         <path>C:\TI_CodeComposer\ccsv6\tools\compiler\ti-cgt-arm_5.2.2\lib\</path>
         <kind>archive</kind>
         <file>rtsv7M3_T_le_eabi.lib</file>
         <name>_lock.obj</name>
      </input_file>
      <input_file id="fl-13c">
         <path>C:\TI_CodeComposer\ccsv6\tools\compiler\ti-cgt-arm_5.2.2\lib\</path>
         <kind>archive</kind>
         <file>rtsv7M3_T_le_eabi.lib</file>
         <name>_printfi.obj</name>
      </input_file>
      <input_file id="fl-13d">
         <path>C:\TI_CodeComposer\ccsv6\tools\compiler\ti-cgt-arm_5.2.2\lib\</path>
         <kind>archive</kind>
         <file>rtsv7M3_T_le_eabi.lib</file>
         <name>args_main.obj</name>
      </input_file>
      <input_file id="fl-13e">
         <path>C:\TI_CodeComposer\ccsv6\tools\compiler\ti-cgt-arm_5.2.2\lib\</path>
         <kind>archive</kind>
         <file>rtsv7M3_T_le_eabi.lib</file>
         <name>atoi.obj</name>
      </input_file>
      <input_file id="fl-13f">
         <path>C:\TI_CodeComposer\ccsv6\tools\compiler\ti-cgt-arm_5.2.2\lib\</path>
         <kind>archive</kind>
         <file>rtsv7M3_T_le_eabi.lib</file>
         <name>autoinit.obj</name>
      </input_file>
      <input_file id="fl-140">
         <path>C:\TI_CodeComposer\ccsv6\tools\compiler\ti-cgt-arm_5.2.2\lib\</path>
         <kind>archive</kind>
         <file>rtsv7M3_T_le_eabi.lib</file>
         <name>cpy_tbl.obj</name>
      </input_file>
      <input_file id="fl-141">
         <path>C:\TI_CodeComposer\ccsv6\tools\compiler\ti-cgt-arm_5.2.2\lib\</path>
         <kind>archive</kind>
         <file>rtsv7M3_T_le_eabi.lib</file>
         <name>ctype.obj</name>
      </input_file>
      <input_file id="fl-142">
         <path>C:\TI_CodeComposer\ccsv6\tools\compiler\ti-cgt-arm_5.2.2\lib\</path>
         <kind>archive</kind>
         <file>rtsv7M3_T_le_eabi.lib</file>
         <name>fd_add_t2.obj</name>
      </input_file>
      <input_file id="fl-143">
         <path>C:\TI_CodeComposer\ccsv6\tools\compiler\ti-cgt-arm_5.2.2\lib\</path>
         <kind>archive</kind>
         <file>rtsv7M3_T_le_eabi.lib</file>
         <name>fd_cmp_t2.obj</name>
      </input_file>
      <input_file id="fl-144">
         <path>C:\TI_CodeComposer\ccsv6\tools\compiler\ti-cgt-arm_5.2.2\lib\</path>
         <kind>archive</kind>
         <file>rtsv7M3_T_le_eabi.lib</file>
         <name>fd_mul_t2.obj</name>
      </input_file>
      <input_file id="fl-145">
         <path>C:\TI_CodeComposer\ccsv6\tools\compiler\ti-cgt-arm_5.2.2\lib\</path>
         <kind>archive</kind>
         <file>rtsv7M3_T_le_eabi.lib</file>
         <name>fd_toi_t2.obj</name>
      </input_file>
      <input_file id="fl-146">
         <path>C:\TI_CodeComposer\ccsv6\tools\compiler\ti-cgt-arm_5.2.2\lib\</path>
         <kind>archive</kind>
         <file>rtsv7M3_T_le_eabi.lib</file>
         <name>frexp.obj</name>
      </input_file>
      <input_file id="fl-147">
         <path>C:\TI_CodeComposer\ccsv6\tools\compiler\ti-cgt-arm_5.2.2\lib\</path>
         <kind>archive</kind>
         <file>rtsv7M3_T_le_eabi.lib</file>
         <name>i_tofd_t2.obj</name>
      </input_file>
      <input_file id="fl-148">
         <path>C:\TI_CodeComposer\ccsv6\tools\compiler\ti-cgt-arm_5.2.2\lib\</path>
         <kind>archive</kind>
         <file>rtsv7M3_T_le_eabi.lib</file>
         <name>ldexp.obj</name>
      </input_file>
      <input_file id="fl-149">
         <path>C:\TI_CodeComposer\ccsv6\tools\compiler\ti-cgt-arm_5.2.2\lib\</path>
         <kind>archive</kind>
         <file>rtsv7M3_T_le_eabi.lib</file>
         <name>ltoa.obj</name>
      </input_file>
      <input_file id="fl-14a">
         <path>C:\TI_CodeComposer\ccsv6\tools\compiler\ti-cgt-arm_5.2.2\lib\</path>
         <kind>archive</kind>
         <file>rtsv7M3_T_le_eabi.lib</file>
         <name>memccpy.obj</name>
      </input_file>
      <input_file id="fl-14b">
         <path>C:\TI_CodeComposer\ccsv6\tools\compiler\ti-cgt-arm_5.2.2\lib\</path>
         <kind>archive</kind>
         <file>rtsv7M3_T_le_eabi.lib</file>
         <name>strchr.obj</name>
      </input_file>
      <input_file id="fl-14c">
         <path>C:\TI_CodeComposer\ccsv6\tools\compiler\ti-cgt-arm_5.2.2\lib\</path>
         <kind>archive</kind>
         <file>rtsv7M3_T_le_eabi.lib</file>
         <name>strlen.obj</name>
      </input_file>
      <input_file id="fl-14d">
         <path>C:\TI_CodeComposer\ccsv6\tools\compiler\ti-cgt-arm_5.2.2\lib\</path>
         <kind>archive</kind>
         <file>rtsv7M3_T_le_eabi.lib</file>
         <name>ull_div_t2.obj</name>
      </input_file>
      <input_file id="fl-14e">
         <path>C:\TI_CodeComposer\ccsv6\tools\compiler\ti-cgt-arm_5.2.2\lib\</path>
         <kind>archive</kind>
         <file>rtsv7M3_T_le_eabi.lib</file>
         <name>xdclass.obj</name>
      </input_file>
      <input_file id="fl-14f">
         <path>C:\TI_CodeComposer\ccsv6\tools\compiler\ti-cgt-arm_5.2.2\lib\</path>
         <kind>archive</kind>
         <file>rtsv7M3_T_le_eabi.lib</file>
         <name>xdscale.obj</name>
      </input_file>
      <input_file id="fl-150">
         <path>C:\TI_CodeComposer\ccsv6\tools\compiler\ti-cgt-arm_5.2.2\lib\</path>
         <kind>archive</kind>
         <file>rtsv7M3_T_le_eabi.lib</file>
         <name>xdunscal.obj</name>
      </input_file>
      <input_file id="fl-151">
         <path>C:\TI_CodeComposer\ccsv6\tools\compiler\ti-cgt-arm_5.2.2\lib\</path>
         <kind>archive</kind>
         <file>rtsv7M3_T_le_eabi.lib</file>
         <name>xferaise.obj</name>
      </input_file>
      <input_file id="fl-152">
         <path>C:\TI_CodeComposer\ccsv6\tools\compiler\ti-cgt-arm_5.2.2\lib\</path>
         <kind>archive</kind>
         <file>rtsv7M3_T_le_eabi.lib</file>
         <name>xvalues.obj</name>
      </input_file>
      <input_file id="fl-153">
         <path>C:\TI_CodeComposer\ccsv6\tools\compiler\ti-cgt-arm_5.2.2\lib\</path>
         <kind>archive</kind>
         <file>rtsv7M3_T_le_eabi.lib</file>
         <name>errno.obj</name>
      </input_file>
      <input_file id="fl-154">
         <path>C:\TI_CodeComposer\ccsv6\tools\compiler\ti-cgt-arm_5.2.2\lib\</path>
         <kind>archive</kind>
         <file>rtsv7M3_T_le_eabi.lib</file>
         <name>feraiseexcept.obj</name>
      </input_file>
      <input_file id="fl-155">
         <path>C:\TI_CodeComposer\ccsv6\tools\compiler\ti-cgt-arm_5.2.2\lib\</path>
         <kind>archive</kind>
         <file>rtsv7M3_T_le_eabi.lib</file>
         <name>raise.obj</name>
      </input_file>
      <input_file id="fl-156">
         <path>C:\TI_CodeComposer\ccsv6\tools\compiler\ti-cgt-arm_5.2.2\lib\</path>
         <kind>archive</kind>
         <file>rtsv7M3_T_le_eabi.lib</file>
         <name>signal.obj</name>
      </input_file>
      <input_file id="fl-157">
         <path>C:\TI_CodeComposer\ccsv6\tools\compiler\ti-cgt-arm_5.2.2\lib\</path>
         <kind>archive</kind>
         <file>rtsv7M3_T_le_eabi.lib</file>
         <name>xdnorm.obj</name>
      </input_file>
      <input_file id="fl-158">
         <path>C:\TI_CodeComposer\StellarisWare-LM3S1968\driverlib\ccs-cm3\Debug\</path>
         <kind>archive</kind>
         <file>driverlib-cm3.lib</file>
         <name>systick.obj</name>
      </input_file>
      <input_file id="fl-159">
         <path>C:\TI_CodeComposer\StellarisWare-LM3S1968\driverlib\ccs-cm3\Debug\</path>
         <kind>archive</kind>
         <file>driverlib-cm3.lib</file>
         <name>sysctl.obj</name>
      </input_file>
      <input_file id="fl-15a">
         <path>C:\TI_CodeComposer\StellarisWare-LM3S1968\driverlib\ccs-cm3\Debug\</path>
         <kind>archive</kind>
         <file>driverlib-cm3.lib</file>
         <name>ssi.obj</name>
      </input_file>
      <input_file id="fl-15b">
         <path>C:\TI_CodeComposer\StellarisWare-LM3S1968\driverlib\ccs-cm3\Debug\</path>
         <kind>archive</kind>
         <file>driverlib-cm3.lib</file>
         <name>interrupt.obj</name>
      </input_file>
      <input_file id="fl-15c">
         <path>C:\TI_CodeComposer\StellarisWare-LM3S1968\driverlib\ccs-cm3\Debug\</path>
         <kind>archive</kind>
         <file>driverlib-cm3.lib</file>
         <name>gpio.obj</name>
      </input_file>
      <input_file id="fl-15d">
         <path>C:\TI_CodeComposer\StellarisWare-LM3S1968\driverlib\ccs-cm3\Debug\</path>
         <kind>archive</kind>
         <file>driverlib-cm3.lib</file>
         <name>cpu.obj</name>
      </input_file>
   </input_file_list>
   <object_component_list>
      <object_component id="oc-f">
         <name>.intvecs</name>
         <load_address>0x0</load_address>
         <run_address>0x0</run_address>
         <size>0xf0</size>
         <input_file_ref idref="fl-3"/>
      </object_component>
      <object_component id="oc-1a5">
         <name>.text</name>
         <load_address>0xf0</load_address>
         <run_address>0xf0</run_address>
         <size>0x109a</size>
         <input_file_ref idref="fl-13c"/>
      </object_component>
      <object_component id="oc-118">
         <name>.text</name>
         <load_address>0x118c</load_address>
         <run_address>0x118c</run_address>
         <size>0x510</size>
         <input_file_ref idref="fl-7"/>
      </object_component>
      <object_component id="oc-1ea">
         <name>.text</name>
         <load_address>0x169c</load_address>
         <run_address>0x169c</run_address>
         <size>0x1f4</size>
         <input_file_ref idref="fl-14d"/>
      </object_component>
      <object_component id="oc-c4">
         <name>.text</name>
         <load_address>0x1890</load_address>
         <run_address>0x1890</run_address>
         <size>0x1b8</size>
         <input_file_ref idref="fl-5"/>
      </object_component>
      <object_component id="oc-214">
         <name>.text</name>
         <load_address>0x1a48</load_address>
         <run_address>0x1a48</run_address>
         <size>0x1b6</size>
         <input_file_ref idref="fl-142"/>
      </object_component>
      <object_component id="oc-f1">
         <name>.text:SysCtlClockGet</name>
         <load_address>0x1c00</load_address>
         <run_address>0x1c00</run_address>
         <size>0x198</size>
         <input_file_ref idref="fl-159"/>
      </object_component>
      <object_component id="oc-ed">
         <name>.text:SysCtlClockSet</name>
         <load_address>0x1d98</load_address>
         <run_address>0x1d98</run_address>
         <size>0x144</size>
         <input_file_ref idref="fl-159"/>
      </object_component>
      <object_component id="oc-fa">
         <name>.text</name>
         <load_address>0x1edc</load_address>
         <run_address>0x1edc</run_address>
         <size>0x136</size>
         <input_file_ref idref="fl-133"/>
      </object_component>
      <object_component id="oc-26b">
         <name>.text</name>
         <load_address>0x2014</load_address>
         <run_address>0x2014</run_address>
         <size>0x110</size>
         <input_file_ref idref="fl-14f"/>
      </object_component>
      <object_component id="oc-1fa">
         <name>.text</name>
         <load_address>0x2124</load_address>
         <run_address>0x2124</run_address>
         <size>0xfc</size>
         <input_file_ref idref="fl-144"/>
      </object_component>
      <object_component id="oc-182">
         <name>.text:GPIOPadConfigSet</name>
         <load_address>0x2220</load_address>
         <run_address>0x2220</run_address>
         <size>0xc8</size>
         <input_file_ref idref="fl-15c"/>
      </object_component>
      <object_component id="oc-28f">
         <name>.text</name>
         <load_address>0x22e8</load_address>
         <run_address>0x22e8</run_address>
         <size>0xbe</size>
         <input_file_ref idref="fl-157"/>
      </object_component>
      <object_component id="oc-36">
         <name>.text</name>
         <load_address>0x23a6</load_address>
         <run_address>0x23a6</run_address>
         <size>0x9c</size>
         <input_file_ref idref="fl-135"/>
      </object_component>
      <object_component id="oc-12a">
         <name>.text:SysCtlPeripheralReset</name>
         <load_address>0x2444</load_address>
         <run_address>0x2444</run_address>
         <size>0x88</size>
         <input_file_ref idref="fl-159"/>
      </object_component>
      <object_component id="oc-1f5">
         <name>.text:__aeabi_cdcmple</name>
         <load_address>0x24cc</load_address>
         <run_address>0x24cc</run_address>
         <size>0x86</size>
         <input_file_ref idref="fl-143"/>
      </object_component>
      <object_component id="oc-1ff">
         <name>.text:__aeabi_cdrcmple</name>
         <load_address>0x2552</load_address>
         <run_address>0x2552</run_address>
         <size>0x86</size>
         <input_file_ref idref="fl-143"/>
      </object_component>
      <object_component id="oc-4f">
         <name>.text</name>
         <load_address>0x25d8</load_address>
         <run_address>0x25d8</run_address>
         <size>0x7a</size>
         <input_file_ref idref="fl-136"/>
      </object_component>
      <object_component id="oc-ca">
         <name>.text</name>
         <load_address>0x2654</load_address>
         <run_address>0x2654</run_address>
         <size>0x70</size>
         <input_file_ref idref="fl-4"/>
      </object_component>
      <object_component id="oc-61">
         <name>.text</name>
         <load_address>0x26c4</load_address>
         <run_address>0x26c4</run_address>
         <size>0x6c</size>
         <input_file_ref idref="fl-13f"/>
      </object_component>
      <object_component id="oc-42">
         <name>.text</name>
         <load_address>0x2730</load_address>
         <run_address>0x2730</run_address>
         <size>0x6a</size>
         <input_file_ref idref="fl-130"/>
      </object_component>
      <object_component id="oc-263">
         <name>.text</name>
         <load_address>0x279a</load_address>
         <run_address>0x279a</run_address>
         <size>0x66</size>
         <input_file_ref idref="fl-150"/>
      </object_component>
      <object_component id="oc-132">
         <name>.text</name>
         <load_address>0x2800</load_address>
         <run_address>0x2800</run_address>
         <size>0x60</size>
         <input_file_ref idref="fl-138"/>
      </object_component>
      <object_component id="oc-12e">
         <name>.text:SysCtlPeripheralDisable</name>
         <load_address>0x2860</load_address>
         <run_address>0x2860</run_address>
         <size>0x58</size>
         <input_file_ref idref="fl-159"/>
      </object_component>
      <object_component id="oc-11e">
         <name>.text:SysCtlPeripheralEnable</name>
         <load_address>0x28b8</load_address>
         <run_address>0x28b8</run_address>
         <size>0x58</size>
         <input_file_ref idref="fl-159"/>
      </object_component>
      <object_component id="oc-209">
         <name>.text</name>
         <load_address>0x2910</load_address>
         <run_address>0x2910</run_address>
         <size>0x56</size>
         <input_file_ref idref="fl-149"/>
      </object_component>
      <object_component id="oc-be">
         <name>.text</name>
         <load_address>0x2968</load_address>
         <run_address>0x2968</run_address>
         <size>0x50</size>
         <input_file_ref idref="fl-6"/>
      </object_component>
      <object_component id="oc-237">
         <name>.text</name>
         <load_address>0x29b8</load_address>
         <run_address>0x29b8</run_address>
         <size>0x4c</size>
         <input_file_ref idref="fl-13e"/>
      </object_component>
      <object_component id="oc-95">
         <name>.text</name>
         <load_address>0x2a04</load_address>
         <run_address>0x2a04</run_address>
         <size>0x4c</size>
         <input_file_ref idref="fl-140"/>
      </object_component>
      <object_component id="oc-204">
         <name>.text</name>
         <load_address>0x2a50</load_address>
         <run_address>0x2a50</run_address>
         <size>0x48</size>
         <input_file_ref idref="fl-145"/>
      </object_component>
      <object_component id="oc-21f">
         <name>.text</name>
         <load_address>0x2a98</load_address>
         <run_address>0x2a98</run_address>
         <size>0x46</size>
         <input_file_ref idref="fl-148"/>
      </object_component>
      <object_component id="oc-17a">
         <name>.text:SSIConfigSetExpClk</name>
         <load_address>0x2ade</load_address>
         <run_address>0x2ade</run_address>
         <size>0x44</size>
         <input_file_ref idref="fl-15a"/>
      </object_component>
      <object_component id="oc-6d">
         <name>.text</name>
         <load_address>0x2b24</load_address>
         <run_address>0x2b24</run_address>
         <size>0x44</size>
         <input_file_ref idref="fl-132"/>
      </object_component>
      <object_component id="oc-ff">
         <name>.text</name>
         <load_address>0x2b68</load_address>
         <run_address>0x2b68</run_address>
         <size>0x44</size>
         <input_file_ref idref="fl-134"/>
      </object_component>
      <object_component id="oc-2d2">
         <name>.text</name>
         <load_address>0x2bac</load_address>
         <run_address>0x2bac</run_address>
         <size>0x40</size>
         <input_file_ref idref="fl-156"/>
      </object_component>
      <object_component id="oc-24">
         <name>.text</name>
         <load_address>0x2bec</load_address>
         <run_address>0x2bec</run_address>
         <size>0x3c</size>
         <input_file_ref idref="fl-12e"/>
      </object_component>
      <object_component id="oc-161">
         <name>.text:IntRegister</name>
         <load_address>0x2c28</load_address>
         <run_address>0x2c28</run_address>
         <size>0x34</size>
         <input_file_ref idref="fl-15b"/>
      </object_component>
      <object_component id="oc-29e">
         <name>.text</name>
         <load_address>0x2c5c</load_address>
         <run_address>0x2c5c</run_address>
         <size>0x34</size>
         <input_file_ref idref="fl-154"/>
      </object_component>
      <object_component id="oc-271">
         <name>.text</name>
         <load_address>0x2c90</load_address>
         <run_address>0x2c90</run_address>
         <size>0x30</size>
         <input_file_ref idref="fl-151"/>
      </object_component>
      <object_component id="oc-19c">
         <name>.text:GPIODirModeSet</name>
         <load_address>0x2cc0</load_address>
         <run_address>0x2cc0</run_address>
         <size>0x2e</size>
         <input_file_ref idref="fl-15c"/>
      </object_component>
      <object_component id="oc-20f">
         <name>.text</name>
         <load_address>0x2cee</load_address>
         <run_address>0x2cee</run_address>
         <size>0x2e</size>
         <input_file_ref idref="fl-147"/>
      </object_component>
      <object_component id="oc-2c2">
         <name>.text</name>
         <load_address>0x2d1c</load_address>
         <run_address>0x2d1c</run_address>
         <size>0x2e</size>
         <input_file_ref idref="fl-155"/>
      </object_component>
      <object_component id="oc-22b">
         <name>.text</name>
         <load_address>0x2d4a</load_address>
         <run_address>0x2d4a</run_address>
         <size>0x2a</size>
         <input_file_ref idref="fl-14e"/>
      </object_component>
      <object_component id="oc-219">
         <name>.text</name>
         <load_address>0x2d74</load_address>
         <run_address>0x2d74</run_address>
         <size>0x22</size>
         <input_file_ref idref="fl-146"/>
      </object_component>
      <object_component id="oc-f5">
         <name>.text</name>
         <load_address>0x2d96</load_address>
         <run_address>0x2d96</run_address>
         <size>0x20</size>
         <input_file_ref idref="fl-13a"/>
      </object_component>
      <object_component id="oc-108">
         <name>.text:SysTickIntRegister</name>
         <load_address>0x2db8</load_address>
         <run_address>0x2db8</run_address>
         <size>0x1c</size>
         <input_file_ref idref="fl-158"/>
      </object_component>
      <object_component id="oc-231">
         <name>.text</name>
         <load_address>0x2dd4</load_address>
         <run_address>0x2dd4</run_address>
         <size>0x1a</size>
         <input_file_ref idref="fl-14a"/>
      </object_component>
      <object_component id="oc-9d">
         <name>.text</name>
         <load_address>0x2dee</load_address>
         <run_address>0x2dee</run_address>
         <size>0x18</size>
         <input_file_ref idref="fl-2"/>
      </object_component>
      <object_component id="oc-67">
         <name>.text</name>
         <load_address>0x2e08</load_address>
         <run_address>0x2e08</run_address>
         <size>0x18</size>
         <input_file_ref idref="fl-13d"/>
      </object_component>
      <object_component id="oc-225">
         <name>.text</name>
         <load_address>0x2e20</load_address>
         <run_address>0x2e20</run_address>
         <size>0x16</size>
         <input_file_ref idref="fl-14b"/>
      </object_component>
      <object_component id="oc-110">
         <name>.text:SysTickEnable</name>
         <load_address>0x2e38</load_address>
         <run_address>0x2e38</run_address>
         <size>0x14</size>
         <input_file_ref idref="fl-158"/>
      </object_component>
      <object_component id="oc-10c">
         <name>.text:SysTickIntEnable</name>
         <load_address>0x2e4c</load_address>
         <run_address>0x2e4c</run_address>
         <size>0x14</size>
         <input_file_ref idref="fl-158"/>
      </object_component>
      <object_component id="oc-d8">
         <name>.text</name>
         <load_address>0x2e60</load_address>
         <run_address>0x2e60</run_address>
         <size>0x14</size>
         <input_file_ref idref="fl-13b"/>
      </object_component>
      <object_component id="oc-1ef">
         <name>.text</name>
         <load_address>0x2e74</load_address>
         <run_address>0x2e74</run_address>
         <size>0x14</size>
         <input_file_ref idref="fl-14c"/>
      </object_component>
      <object_component id="oc-122">
         <name>.text:GPIOPinTypeGPIOInput</name>
         <load_address>0x2e88</load_address>
         <run_address>0x2e88</run_address>
         <size>0x12</size>
         <input_file_ref idref="fl-15c"/>
      </object_component>
      <object_component id="oc-140">
         <name>.text:GPIOPinTypeGPIOOutput</name>
         <load_address>0x2e9a</load_address>
         <run_address>0x2e9a</run_address>
         <size>0x12</size>
         <input_file_ref idref="fl-15c"/>
      </object_component>
      <object_component id="oc-17e">
         <name>.text:GPIOPinTypeSSI</name>
         <load_address>0x2eac</load_address>
         <run_address>0x2eac</run_address>
         <size>0x12</size>
         <input_file_ref idref="fl-15c"/>
      </object_component>
      <object_component id="oc-18a">
         <name>.text:SSIDataGetNonBlocking</name>
         <load_address>0x2ebe</load_address>
         <run_address>0x2ebe</run_address>
         <size>0x12</size>
         <input_file_ref idref="fl-15a"/>
      </object_component>
      <object_component id="oc-104">
         <name>.text:SysTickPeriodSet</name>
         <load_address>0x2ed0</load_address>
         <run_address>0x2ed0</run_address>
         <size>0x10</size>
         <input_file_ref idref="fl-158"/>
      </object_component>
      <object_component id="oc-12">
         <name>.text:decompress:none</name>
         <load_address>0x2ee0</load_address>
         <run_address>0x2ee0</run_address>
         <size>0xe</size>
         <input_file_ref idref="fl-12f"/>
      </object_component>
      <object_component id="oc-1e">
         <name>.text:decompress:ZI</name>
         <load_address>0x2eee</load_address>
         <run_address>0x2eee</run_address>
         <size>0xc</size>
         <input_file_ref idref="fl-131"/>
      </object_component>
      <object_component id="oc-2d">
         <name>.text</name>
         <load_address>0x2efa</load_address>
         <run_address>0x2efa</run_address>
         <size>0xc</size>
         <input_file_ref idref="fl-3"/>
      </object_component>
      <object_component id="oc-16f">
         <name>.text:SSIDataPut</name>
         <load_address>0x2f06</load_address>
         <run_address>0x2f06</run_address>
         <size>0xa</size>
         <input_file_ref idref="fl-15a"/>
      </object_component>
      <object_component id="oc-176">
         <name>.text:SSIDisable</name>
         <load_address>0x2f10</load_address>
         <run_address>0x2f10</run_address>
         <size>0xa</size>
         <input_file_ref idref="fl-15a"/>
      </object_component>
      <object_component id="oc-186">
         <name>.text:SSIEnable</name>
         <load_address>0x2f1a</load_address>
         <run_address>0x2f1a</run_address>
         <size>0xa</size>
         <input_file_ref idref="fl-15a"/>
      </object_component>
      <object_component id="oc-16b">
         <name>.text:SSIBusy</name>
         <load_address>0x2f24</load_address>
         <run_address>0x2f24</run_address>
         <size>0x8</size>
         <input_file_ref idref="fl-15a"/>
      </object_component>
      <object_component id="oc-126">
         <name>.text:GPIOPinRead</name>
         <load_address>0x2f2c</load_address>
         <run_address>0x2f2c</run_address>
         <size>0x6</size>
         <input_file_ref idref="fl-15c"/>
      </object_component>
      <object_component id="oc-144">
         <name>.text:GPIOPinWrite</name>
         <load_address>0x2f32</load_address>
         <run_address>0x2f32</run_address>
         <size>0x6</size>
         <input_file_ref idref="fl-15c"/>
      </object_component>
      <object_component id="oc-152">
         <name>.text:SysCtlDelay</name>
         <load_address>0x2f38</load_address>
         <run_address>0x2f38</run_address>
         <size>0x6</size>
         <input_file_ref idref="fl-159"/>
      </object_component>
      <object_component id="oc-18">
         <name>.text:decompress:rle24</name>
         <load_address>0x2f3e</load_address>
         <run_address>0x2f3e</run_address>
         <size>0x6</size>
         <input_file_ref idref="fl-130"/>
      </object_component>
      <object_component id="oc-5b">
         <name>.text</name>
         <load_address>0x2f44</load_address>
         <run_address>0x2f44</run_address>
         <size>0x4</size>
         <input_file_ref idref="fl-137"/>
      </object_component>
      <object_component id="oc-192">
         <name>.const:g_pucFont</name>
         <load_address>0x2f48</load_address>
         <run_address>0x2f48</run_address>
         <size>0x1e0</size>
         <input_file_ref idref="fl-7"/>
      </object_component>
      <object_component id="oc-27f">
         <name>.const:.string:_ctypes_</name>
         <load_address>0x3128</load_address>
         <run_address>0x3128</run_address>
         <size>0x101</size>
         <input_file_ref idref="fl-141"/>
      </object_component>
      <object_component id="oc-159">
         <name>.const:g_pulXtals</name>
         <load_address>0x322c</load_address>
         <run_address>0x322c</run_address>
         <size>0x6c</size>
         <input_file_ref idref="fl-159"/>
      </object_component>
      <object_component id="oc-195">
         <name>.const:.string:g_pucRIT128x96x4Init</name>
         <load_address>0x3298</load_address>
         <run_address>0x3298</run_address>
         <size>0x4f</size>
         <input_file_ref idref="fl-7"/>
      </object_component>
      <object_component id="oc-199">
         <name>.const</name>
         <load_address>0x32e8</load_address>
         <run_address>0x32e8</run_address>
         <size>0x40</size>
         <input_file_ref idref="fl-159"/>
      </object_component>
      <object_component id="oc-18f">
         <name>.const:.string</name>
         <load_address>0x3328</load_address>
         <run_address>0x3328</run_address>
         <size>0xc</size>
         <input_file_ref idref="fl-7"/>
      </object_component>
      <object_component id="oc-14b">
         <name>.const</name>
         <load_address>0x3334</load_address>
         <run_address>0x3334</run_address>
         <size>0x4</size>
         <input_file_ref idref="fl-4"/>
      </object_component>
      <object_component id="oc-13b">
         <name>.const</name>
         <load_address>0x3338</load_address>
         <run_address>0x3338</run_address>
         <size>0x4</size>
         <input_file_ref idref="fl-5"/>
      </object_component>
      <object_component id="oc-319">
         <name>.cinit..data.load</name>
         <load_address>0x3340</load_address>
         <run_address>0x3340</run_address>
         <size>0x41</size>
      </object_component>
      <object_component id="oc-316">
         <name>__TI_handler_table</name>
         <load_address>0x3384</load_address>
         <run_address>0x3384</run_address>
         <size>0xc</size>
      </object_component>
      <object_component id="oc-31a">
         <name>.cinit..bss.load</name>
         <load_address>0x3390</load_address>
         <run_address>0x3390</run_address>
         <size>0x8</size>
      </object_component>
      <object_component id="oc-318">
         <name>.cinit..vtable.load</name>
         <load_address>0x3398</load_address>
         <run_address>0x3398</run_address>
         <size>0x8</size>
      </object_component>
      <object_component id="oc-317">
         <name>__TI_cinit_table</name>
         <load_address>0x33a0</load_address>
         <run_address>0x33a0</run_address>
         <size>0x18</size>
      </object_component>
      <object_component id="oc-1c9">
         <name>.vtable</name>
         <uninitialized>true</uninitialized>
         <run_address>0x20000000</run_address>
         <size>0x26c</size>
         <input_file_ref idref="fl-15b"/>
      </object_component>
      <object_component id="oc-29">
         <name>.stack</name>
         <uninitialized>true</uninitialized>
         <run_address>0x2000026c</run_address>
         <size>0x0</size>
         <input_file_ref idref="fl-12e"/>
      </object_component>
      <object_component id="oc-31b">
         <name>.stack</name>
         <uninitialized>true</uninitialized>
         <run_address>0x2000026c</run_address>
         <size>0x0</size>
      </object_component>
      <object_component id="oc-2a">
         <name>.bss:pulStack</name>
         <uninitialized>true</uninitialized>
         <run_address>0x200013cc</run_address>
         <size>0x100</size>
         <input_file_ref idref="fl-3"/>
      </object_component>
      <object_component id="oc-173">
         <name>.common:g_ulSSIFlags</name>
         <uninitialized>true</uninitialized>
         <run_address>0x200014d4</run_address>
         <size>0x4</size>
      </object_component>
      <object_component id="oc-18e">
         <name>.common:g_pucBuffer</name>
         <uninitialized>true</uninitialized>
         <run_address>0x200014cc</run_address>
         <size>0x8</size>
      </object_component>
      <object_component id="oc-148">
         <name>.data</name>
         <load_address>0x200013b8</load_address>
         <run_address>0x200013b8</run_address>
         <size>0x4</size>
         <input_file_ref idref="fl-4"/>
      </object_component>
      <object_component id="oc-138">
         <name>.data</name>
         <load_address>0x200013bc</load_address>
         <run_address>0x200013bc</run_address>
         <size>0x4</size>
         <input_file_ref idref="fl-5"/>
      </object_component>
      <object_component id="oc-114">
         <name>.data</name>
         <load_address>0x200013c8</load_address>
         <run_address>0x200013c8</run_address>
         <size>0x4</size>
         <input_file_ref idref="fl-6"/>
      </object_component>
      <object_component id="oc-a8">
         <name>.data</name>
         <load_address>0x200013a8</load_address>
         <run_address>0x200013a8</run_address>
         <size>0x8</size>
         <input_file_ref idref="fl-132"/>
      </object_component>
      <object_component id="oc-73">
         <name>.data</name>
         <load_address>0x200013c4</load_address>
         <run_address>0x200013c4</run_address>
         <size>0x4</size>
         <input_file_ref idref="fl-139"/>
      </object_component>
      <object_component id="oc-a5">
         <name>.data</name>
         <load_address>0x200013a0</load_address>
         <run_address>0x200013a0</run_address>
         <size>0x8</size>
         <input_file_ref idref="fl-13b"/>
      </object_component>
      <object_component id="oc-299">
         <name>.data</name>
         <load_address>0x20001320</load_address>
         <run_address>0x20001320</run_address>
         <size>0x80</size>
         <input_file_ref idref="fl-152"/>
      </object_component>
      <object_component id="oc-2a4">
         <name>.data</name>
         <load_address>0x200013c0</load_address>
         <run_address>0x200013c0</run_address>
         <size>0x4</size>
         <input_file_ref idref="fl-153"/>
      </object_component>
      <object_component id="oc-2c8">
         <name>.data</name>
         <load_address>0x200013b0</load_address>
         <run_address>0x200013b0</run_address>
         <size>0x8</size>
         <input_file_ref idref="fl-154"/>
      </object_component>
      <object_component id="oc-2e3">
         <name>.data:sigtable</name>
         <load_address>0x20001270</load_address>
         <run_address>0x20001270</run_address>
         <size>0xb0</size>
         <input_file_ref idref="fl-156"/>
      </object_component>
      <object_component id="oc-9e">
         <name>.debug_info</name>
         <load_address>0x0</load_address>
         <run_address>0x0</run_address>
         <size>0x12c</size>
         <input_file_ref idref="fl-2"/>
      </object_component>
      <object_component id="oc-7c">
         <name>.debug_info</name>
         <load_address>0x12c</load_address>
         <run_address>0x12c</run_address>
         <size>0x84</size>
         <input_file_ref idref="fl-2"/>
      </object_component>
      <object_component id="oc-1d4">
         <name>.debug_info</name>
         <load_address>0x1b0</load_address>
         <run_address>0x1b0</run_address>
         <size>0x2c</size>
         <input_file_ref idref="fl-2"/>
      </object_component>
      <object_component id="oc-35">
         <name>.debug_info</name>
         <load_address>0x1dc</load_address>
         <run_address>0x1dc</run_address>
         <size>0xf2</size>
         <input_file_ref idref="fl-3"/>
      </object_component>
      <object_component id="oc-2b">
         <name>.debug_info</name>
         <load_address>0x2ce</load_address>
         <run_address>0x2ce</run_address>
         <size>0xe2</size>
         <input_file_ref idref="fl-3"/>
      </object_component>
      <object_component id="oc-10">
         <name>.debug_info</name>
         <load_address>0x3b0</load_address>
         <run_address>0x3b0</run_address>
         <size>0xeb</size>
         <input_file_ref idref="fl-3"/>
      </object_component>
      <object_component id="oc-2e">
         <name>.debug_info</name>
         <load_address>0x49b</load_address>
         <run_address>0x49b</run_address>
         <size>0x2ae</size>
         <input_file_ref idref="fl-3"/>
      </object_component>
      <object_component id="oc-1be">
         <name>.debug_info</name>
         <load_address>0x749</load_address>
         <run_address>0x749</run_address>
         <size>0x1c0</size>
         <input_file_ref idref="fl-4"/>
      </object_component>
      <object_component id="oc-149">
         <name>.debug_info</name>
         <load_address>0x909</load_address>
         <run_address>0x909</run_address>
         <size>0xcb</size>
         <input_file_ref idref="fl-4"/>
      </object_component>
      <object_component id="oc-14c">
         <name>.debug_info</name>
         <load_address>0x9d4</load_address>
         <run_address>0x9d4</run_address>
         <size>0xc1</size>
         <input_file_ref idref="fl-4"/>
      </object_component>
      <object_component id="oc-cb">
         <name>.debug_info</name>
         <load_address>0xa95</load_address>
         <run_address>0xa95</run_address>
         <size>0x1ae</size>
         <input_file_ref idref="fl-4"/>
      </object_component>
      <object_component id="oc-13f">
         <name>.debug_info</name>
         <load_address>0xc43</load_address>
         <run_address>0xc43</run_address>
         <size>0x356</size>
         <input_file_ref idref="fl-5"/>
      </object_component>
      <object_component id="oc-139">
         <name>.debug_info</name>
         <load_address>0xf99</load_address>
         <run_address>0xf99</run_address>
         <size>0xcc</size>
         <input_file_ref idref="fl-5"/>
      </object_component>
      <object_component id="oc-13c">
         <name>.debug_info</name>
         <load_address>0x1065</load_address>
         <run_address>0x1065</run_address>
         <size>0xc2</size>
         <input_file_ref idref="fl-5"/>
      </object_component>
      <object_component id="oc-c5">
         <name>.debug_info</name>
         <load_address>0x1127</load_address>
         <run_address>0x1127</run_address>
         <size>0x394</size>
         <input_file_ref idref="fl-5"/>
      </object_component>
      <object_component id="oc-1ad">
         <name>.debug_info</name>
         <load_address>0x14bb</load_address>
         <run_address>0x14bb</run_address>
         <size>0x4e</size>
         <input_file_ref idref="fl-5"/>
      </object_component>
      <object_component id="oc-16a">
         <name>.debug_info</name>
         <load_address>0x1509</load_address>
         <run_address>0x1509</run_address>
         <size>0x1c7</size>
         <input_file_ref idref="fl-6"/>
      </object_component>
      <object_component id="oc-115">
         <name>.debug_info</name>
         <load_address>0x16d0</load_address>
         <run_address>0x16d0</run_address>
         <size>0xd3</size>
         <input_file_ref idref="fl-6"/>
      </object_component>
      <object_component id="oc-bf">
         <name>.debug_info</name>
         <load_address>0x17a3</load_address>
         <run_address>0x17a3</run_address>
         <size>0x216</size>
         <input_file_ref idref="fl-6"/>
      </object_component>
      <object_component id="oc-174">
         <name>.debug_info</name>
         <load_address>0x19b9</load_address>
         <run_address>0x19b9</run_address>
         <size>0x419</size>
         <input_file_ref idref="fl-7"/>
      </object_component>
      <object_component id="oc-190">
         <name>.debug_info</name>
         <load_address>0x1dd2</load_address>
         <run_address>0x1dd2</run_address>
         <size>0x15f</size>
         <input_file_ref idref="fl-7"/>
      </object_component>
      <object_component id="oc-193">
         <name>.debug_info</name>
         <load_address>0x1f31</load_address>
         <run_address>0x1f31</run_address>
         <size>0xf1</size>
         <input_file_ref idref="fl-7"/>
      </object_component>
      <object_component id="oc-196">
         <name>.debug_info</name>
         <load_address>0x2022</load_address>
         <run_address>0x2022</run_address>
         <size>0x107</size>
         <input_file_ref idref="fl-7"/>
      </object_component>
      <object_component id="oc-119">
         <name>.debug_info</name>
         <load_address>0x2129</load_address>
         <run_address>0x2129</run_address>
         <size>0xef9</size>
         <input_file_ref idref="fl-7"/>
      </object_component>
      <object_component id="oc-27">
         <name>.debug_info</name>
         <load_address>0x3022</load_address>
         <run_address>0x3022</run_address>
         <size>0x138</size>
         <input_file_ref idref="fl-12e"/>
      </object_component>
      <object_component id="oc-41">
         <name>.debug_info</name>
         <load_address>0x315a</load_address>
         <run_address>0x315a</run_address>
         <size>0x123</size>
         <input_file_ref idref="fl-12f"/>
      </object_component>
      <object_component id="oc-14">
         <name>.debug_info</name>
         <load_address>0x327d</load_address>
         <run_address>0x327d</run_address>
         <size>0x1c2</size>
         <input_file_ref idref="fl-12f"/>
      </object_component>
      <object_component id="oc-3c">
         <name>.debug_info</name>
         <load_address>0x343f</load_address>
         <run_address>0x343f</run_address>
         <size>0x46</size>
         <input_file_ref idref="fl-12f"/>
      </object_component>
      <object_component id="oc-82">
         <name>.debug_info</name>
         <load_address>0x3485</load_address>
         <run_address>0x3485</run_address>
         <size>0x2c</size>
         <input_file_ref idref="fl-12f"/>
      </object_component>
      <object_component id="oc-49">
         <name>.debug_info</name>
         <load_address>0x34b1</load_address>
         <run_address>0x34b1</run_address>
         <size>0x117</size>
         <input_file_ref idref="fl-130"/>
      </object_component>
      <object_component id="oc-43">
         <name>.debug_info</name>
         <load_address>0x35c8</load_address>
         <run_address>0x35c8</run_address>
         <size>0x22a</size>
         <input_file_ref idref="fl-130"/>
      </object_component>
      <object_component id="oc-19">
         <name>.debug_info</name>
         <load_address>0x37f2</load_address>
         <run_address>0x37f2</run_address>
         <size>0x1bc</size>
         <input_file_ref idref="fl-130"/>
      </object_component>
      <object_component id="oc-4a">
         <name>.debug_info</name>
         <load_address>0x39ae</load_address>
         <run_address>0x39ae</run_address>
         <size>0x39</size>
         <input_file_ref idref="fl-130"/>
      </object_component>
      <object_component id="oc-8c">
         <name>.debug_info</name>
         <load_address>0x39e7</load_address>
         <run_address>0x39e7</run_address>
         <size>0x2c</size>
         <input_file_ref idref="fl-130"/>
      </object_component>
      <object_component id="oc-5a">
         <name>.debug_info</name>
         <load_address>0x3a13</load_address>
         <run_address>0x3a13</run_address>
         <size>0x112</size>
         <input_file_ref idref="fl-131"/>
      </object_component>
      <object_component id="oc-1f">
         <name>.debug_info</name>
         <load_address>0x3b25</load_address>
         <run_address>0x3b25</run_address>
         <size>0x18d</size>
         <input_file_ref idref="fl-131"/>
      </object_component>
      <object_component id="oc-55">
         <name>.debug_info</name>
         <load_address>0x3cb2</load_address>
         <run_address>0x3cb2</run_address>
         <size>0x46</size>
         <input_file_ref idref="fl-131"/>
      </object_component>
      <object_component id="oc-ac">
         <name>.debug_info</name>
         <load_address>0x3cf8</load_address>
         <run_address>0x3cf8</run_address>
         <size>0x174</size>
         <input_file_ref idref="fl-132"/>
      </object_component>
      <object_component id="oc-a9">
         <name>.debug_info</name>
         <load_address>0x3e6c</load_address>
         <run_address>0x3e6c</run_address>
         <size>0x119</size>
         <input_file_ref idref="fl-132"/>
      </object_component>
      <object_component id="oc-6f">
         <name>.debug_info</name>
         <load_address>0x3f85</load_address>
         <run_address>0x3f85</run_address>
         <size>0x1f0</size>
         <input_file_ref idref="fl-132"/>
      </object_component>
      <object_component id="oc-fc">
         <name>.debug_info</name>
         <load_address>0x4175</load_address>
         <run_address>0x4175</run_address>
         <size>0x11b</size>
         <input_file_ref idref="fl-133"/>
      </object_component>
      <object_component id="oc-100">
         <name>.debug_info</name>
         <load_address>0x4290</load_address>
         <run_address>0x4290</run_address>
         <size>0x11a</size>
         <input_file_ref idref="fl-134"/>
      </object_component>
      <object_component id="oc-37">
         <name>.debug_info</name>
         <load_address>0x43aa</load_address>
         <run_address>0x43aa</run_address>
         <size>0xfa</size>
         <input_file_ref idref="fl-135"/>
      </object_component>
      <object_component id="oc-50">
         <name>.debug_info</name>
         <load_address>0x44a4</load_address>
         <run_address>0x44a4</run_address>
         <size>0x12a</size>
         <input_file_ref idref="fl-136"/>
      </object_component>
      <object_component id="oc-5c">
         <name>.debug_info</name>
         <load_address>0x45ce</load_address>
         <run_address>0x45ce</run_address>
         <size>0x12b</size>
         <input_file_ref idref="fl-137"/>
      </object_component>
      <object_component id="oc-1ac">
         <name>.debug_info</name>
         <load_address>0x46f9</load_address>
         <run_address>0x46f9</run_address>
         <size>0x19e</size>
         <input_file_ref idref="fl-138"/>
      </object_component>
      <object_component id="oc-133">
         <name>.debug_info</name>
         <load_address>0x4897</load_address>
         <run_address>0x4897</run_address>
         <size>0x2e3</size>
         <input_file_ref idref="fl-138"/>
      </object_component>
      <object_component id="oc-244">
         <name>.debug_info</name>
         <load_address>0x4b7a</load_address>
         <run_address>0x4b7a</run_address>
         <size>0x2c</size>
         <input_file_ref idref="fl-138"/>
      </object_component>
      <object_component id="oc-74">
         <name>.debug_info</name>
         <load_address>0x4ba6</load_address>
         <run_address>0x4ba6</run_address>
         <size>0xec</size>
         <input_file_ref idref="fl-139"/>
      </object_component>
      <object_component id="oc-f6">
         <name>.debug_info</name>
         <load_address>0x4c92</load_address>
         <run_address>0x4c92</run_address>
         <size>0x10f</size>
         <input_file_ref idref="fl-13a"/>
      </object_component>
      <object_component id="oc-e0">
         <name>.debug_info</name>
         <load_address>0x4da1</load_address>
         <run_address>0x4da1</run_address>
         <size>0x107</size>
         <input_file_ref idref="fl-13b"/>
      </object_component>
      <object_component id="oc-a6">
         <name>.debug_info</name>
         <load_address>0x4ea8</load_address>
         <run_address>0x4ea8</run_address>
         <size>0xf6</size>
         <input_file_ref idref="fl-13b"/>
      </object_component>
      <object_component id="oc-d9">
         <name>.debug_info</name>
         <load_address>0x4f9e</load_address>
         <run_address>0x4f9e</run_address>
         <size>0x202</size>
         <input_file_ref idref="fl-13b"/>
      </object_component>
      <object_component id="oc-23e">
         <name>.debug_info</name>
         <load_address>0x51a0</load_address>
         <run_address>0x51a0</run_address>
         <size>0x3ae</size>
         <input_file_ref idref="fl-13c"/>
      </object_component>
      <object_component id="oc-1a6">
         <name>.debug_info</name>
         <load_address>0x554e</load_address>
         <run_address>0x554e</run_address>
         <size>0x1811</size>
         <input_file_ref idref="fl-13c"/>
      </object_component>
      <object_component id="oc-23f">
         <name>.debug_info</name>
         <load_address>0x6d5f</load_address>
         <run_address>0x6d5f</run_address>
         <size>0x86</size>
         <input_file_ref idref="fl-13c"/>
      </object_component>
      <object_component id="oc-286">
         <name>.debug_info</name>
         <load_address>0x6de5</load_address>
         <run_address>0x6de5</run_address>
         <size>0x46</size>
         <input_file_ref idref="fl-13c"/>
      </object_component>
      <object_component id="oc-249">
         <name>.debug_info</name>
         <load_address>0x6e2b</load_address>
         <run_address>0x6e2b</run_address>
         <size>0x39</size>
         <input_file_ref idref="fl-13c"/>
      </object_component>
      <object_component id="oc-a4">
         <name>.debug_info</name>
         <load_address>0x6e64</load_address>
         <run_address>0x6e64</run_address>
         <size>0x149</size>
         <input_file_ref idref="fl-13d"/>
      </object_component>
      <object_component id="oc-68">
         <name>.debug_info</name>
         <load_address>0x6fad</load_address>
         <run_address>0x6fad</run_address>
         <size>0x14a</size>
         <input_file_ref idref="fl-13d"/>
      </object_component>
      <object_component id="oc-d3">
         <name>.debug_info</name>
         <load_address>0x70f7</load_address>
         <run_address>0x70f7</run_address>
         <size>0x5e</size>
         <input_file_ref idref="fl-13d"/>
      </object_component>
      <object_component id="oc-283">
         <name>.debug_info</name>
         <load_address>0x7155</load_address>
         <run_address>0x7155</run_address>
         <size>0xf7</size>
         <input_file_ref idref="fl-13e"/>
      </object_component>
      <object_component id="oc-238">
         <name>.debug_info</name>
         <load_address>0x724c</load_address>
         <run_address>0x724c</run_address>
         <size>0x154</size>
         <input_file_ref idref="fl-13e"/>
      </object_component>
      <object_component id="oc-9c">
         <name>.debug_info</name>
         <load_address>0x73a0</load_address>
         <run_address>0x73a0</run_address>
         <size>0x2a0</size>
         <input_file_ref idref="fl-13f"/>
      </object_component>
      <object_component id="oc-62">
         <name>.debug_info</name>
         <load_address>0x7640</load_address>
         <run_address>0x7640</run_address>
         <size>0x194</size>
         <input_file_ref idref="fl-13f"/>
      </object_component>
      <object_component id="oc-b4">
         <name>.debug_info</name>
         <load_address>0x77d4</load_address>
         <run_address>0x77d4</run_address>
         <size>0x39</size>
         <input_file_ref idref="fl-13f"/>
      </object_component>
      <object_component id="oc-b9">
         <name>.debug_info</name>
         <load_address>0x780d</load_address>
         <run_address>0x780d</run_address>
         <size>0xcd</size>
         <input_file_ref idref="fl-13f"/>
      </object_component>
      <object_component id="oc-b1">
         <name>.debug_info</name>
         <load_address>0x78da</load_address>
         <run_address>0x78da</run_address>
         <size>0x1c3</size>
         <input_file_ref idref="fl-140"/>
      </object_component>
      <object_component id="oc-96">
         <name>.debug_info</name>
         <load_address>0x7a9d</load_address>
         <run_address>0x7a9d</run_address>
         <size>0x17f</size>
         <input_file_ref idref="fl-140"/>
      </object_component>
      <object_component id="oc-e8">
         <name>.debug_info</name>
         <load_address>0x7c1c</load_address>
         <run_address>0x7c1c</run_address>
         <size>0x2c</size>
         <input_file_ref idref="fl-140"/>
      </object_component>
      <object_component id="oc-2b2">
         <name>.debug_info</name>
         <load_address>0x7c48</load_address>
         <run_address>0x7c48</run_address>
         <size>0xd1</size>
         <input_file_ref idref="fl-141"/>
      </object_component>
      <object_component id="oc-280">
         <name>.debug_info</name>
         <load_address>0x7d19</load_address>
         <run_address>0x7d19</run_address>
         <size>0xdd</size>
         <input_file_ref idref="fl-141"/>
      </object_component>
      <object_component id="oc-216">
         <name>.debug_info</name>
         <load_address>0x7df6</load_address>
         <run_address>0x7df6</run_address>
         <size>0x12d</size>
         <input_file_ref idref="fl-142"/>
      </object_component>
      <object_component id="oc-1f6">
         <name>.debug_info</name>
         <load_address>0x7f23</load_address>
         <run_address>0x7f23</run_address>
         <size>0x109</size>
         <input_file_ref idref="fl-143"/>
      </object_component>
      <object_component id="oc-200">
         <name>.debug_info</name>
         <load_address>0x802c</load_address>
         <run_address>0x802c</run_address>
         <size>0x10b</size>
         <input_file_ref idref="fl-143"/>
      </object_component>
      <object_component id="oc-1fb">
         <name>.debug_info</name>
         <load_address>0x8137</load_address>
         <run_address>0x8137</run_address>
         <size>0x11b</size>
         <input_file_ref idref="fl-144"/>
      </object_component>
      <object_component id="oc-205">
         <name>.debug_info</name>
         <load_address>0x8252</load_address>
         <run_address>0x8252</run_address>
         <size>0x10f</size>
         <input_file_ref idref="fl-145"/>
      </object_component>
      <object_component id="oc-26a">
         <name>.debug_info</name>
         <load_address>0x8361</load_address>
         <run_address>0x8361</run_address>
         <size>0x16f</size>
         <input_file_ref idref="fl-146"/>
      </object_component>
      <object_component id="oc-21a">
         <name>.debug_info</name>
         <load_address>0x84d0</load_address>
         <run_address>0x84d0</run_address>
         <size>0x16f</size>
         <input_file_ref idref="fl-146"/>
      </object_component>
      <object_component id="oc-212">
         <name>.debug_info</name>
         <load_address>0x863f</load_address>
         <run_address>0x863f</run_address>
         <size>0x10d</size>
         <input_file_ref idref="fl-147"/>
      </object_component>
      <object_component id="oc-278">
         <name>.debug_info</name>
         <load_address>0x874c</load_address>
         <run_address>0x874c</run_address>
         <size>0x171</size>
         <input_file_ref idref="fl-148"/>
      </object_component>
      <object_component id="oc-221">
         <name>.debug_info</name>
         <load_address>0x88bd</load_address>
         <run_address>0x88bd</run_address>
         <size>0x166</size>
         <input_file_ref idref="fl-148"/>
      </object_component>
      <object_component id="oc-260">
         <name>.debug_info</name>
         <load_address>0x8a23</load_address>
         <run_address>0x8a23</run_address>
         <size>0x12f</size>
         <input_file_ref idref="fl-149"/>
      </object_component>
      <object_component id="oc-20c">
         <name>.debug_info</name>
         <load_address>0x8b52</load_address>
         <run_address>0x8b52</run_address>
         <size>0x1a5</size>
         <input_file_ref idref="fl-149"/>
      </object_component>
      <object_component id="oc-27e">
         <name>.debug_info</name>
         <load_address>0x8cf7</load_address>
         <run_address>0x8cf7</run_address>
         <size>0xd4</size>
         <input_file_ref idref="fl-14a"/>
      </object_component>
      <object_component id="oc-232">
         <name>.debug_info</name>
         <load_address>0x8dcb</load_address>
         <run_address>0x8dcb</run_address>
         <size>0x18e</size>
         <input_file_ref idref="fl-14a"/>
      </object_component>
      <object_component id="oc-27a">
         <name>.debug_info</name>
         <load_address>0x8f59</load_address>
         <run_address>0x8f59</run_address>
         <size>0xd8</size>
         <input_file_ref idref="fl-14b"/>
      </object_component>
      <object_component id="oc-226">
         <name>.debug_info</name>
         <load_address>0x9031</load_address>
         <run_address>0x9031</run_address>
         <size>0x1f7</size>
         <input_file_ref idref="fl-14b"/>
      </object_component>
      <object_component id="oc-25a">
         <name>.debug_info</name>
         <load_address>0x9228</load_address>
         <run_address>0x9228</run_address>
         <size>0xcd</size>
         <input_file_ref idref="fl-14c"/>
      </object_component>
      <object_component id="oc-1f0">
         <name>.debug_info</name>
         <load_address>0x92f5</load_address>
         <run_address>0x92f5</run_address>
         <size>0x1dd</size>
         <input_file_ref idref="fl-14c"/>
      </object_component>
      <object_component id="oc-1ec">
         <name>.debug_info</name>
         <load_address>0x94d2</load_address>
         <run_address>0x94d2</run_address>
         <size>0x168</size>
         <input_file_ref idref="fl-14d"/>
      </object_component>
      <object_component id="oc-27c">
         <name>.debug_info</name>
         <load_address>0x963a</load_address>
         <run_address>0x963a</run_address>
         <size>0x122</size>
         <input_file_ref idref="fl-14e"/>
      </object_component>
      <object_component id="oc-22c">
         <name>.debug_info</name>
         <load_address>0x975c</load_address>
         <run_address>0x975c</run_address>
         <size>0x157</size>
         <input_file_ref idref="fl-14e"/>
      </object_component>
      <object_component id="oc-29d">
         <name>.debug_info</name>
         <load_address>0x98b3</load_address>
         <run_address>0x98b3</run_address>
         <size>0x182</size>
         <input_file_ref idref="fl-14f"/>
      </object_component>
      <object_component id="oc-26d">
         <name>.debug_info</name>
         <load_address>0x9a35</load_address>
         <run_address>0x9a35</run_address>
         <size>0x194</size>
         <input_file_ref idref="fl-14f"/>
      </object_component>
      <object_component id="oc-2bb">
         <name>.debug_info</name>
         <load_address>0x9bc9</load_address>
         <run_address>0x9bc9</run_address>
         <size>0x86</size>
         <input_file_ref idref="fl-14f"/>
      </object_component>
      <object_component id="oc-296">
         <name>.debug_info</name>
         <load_address>0x9c4f</load_address>
         <run_address>0x9c4f</run_address>
         <size>0x16c</size>
         <input_file_ref idref="fl-150"/>
      </object_component>
      <object_component id="oc-267">
         <name>.debug_info</name>
         <load_address>0x9dbb</load_address>
         <run_address>0x9dbb</run_address>
         <size>0x175</size>
         <input_file_ref idref="fl-150"/>
      </object_component>
      <object_component id="oc-274">
         <name>.debug_info</name>
         <load_address>0x9f30</load_address>
         <run_address>0x9f30</run_address>
         <size>0x155</size>
         <input_file_ref idref="fl-151"/>
      </object_component>
      <object_component id="oc-29a">
         <name>.debug_info</name>
         <load_address>0xa085</load_address>
         <run_address>0xa085</run_address>
         <size>0x1b7</size>
         <input_file_ref idref="fl-152"/>
      </object_component>
      <object_component id="oc-2a5">
         <name>.debug_info</name>
         <load_address>0xa23c</load_address>
         <run_address>0xa23c</run_address>
         <size>0xd8</size>
         <input_file_ref idref="fl-153"/>
      </object_component>
      <object_component id="oc-2e1">
         <name>.debug_info</name>
         <load_address>0xa314</load_address>
         <run_address>0xa314</run_address>
         <size>0x1af</size>
         <input_file_ref idref="fl-154"/>
      </object_component>
      <object_component id="oc-2c9">
         <name>.debug_info</name>
         <load_address>0xa4c3</load_address>
         <run_address>0xa4c3</run_address>
         <size>0x110</size>
         <input_file_ref idref="fl-154"/>
      </object_component>
      <object_component id="oc-2a0">
         <name>.debug_info</name>
         <load_address>0xa5d3</load_address>
         <run_address>0xa5d3</run_address>
         <size>0x171</size>
         <input_file_ref idref="fl-154"/>
      </object_component>
      <object_component id="oc-2dc">
         <name>.debug_info</name>
         <load_address>0xa744</load_address>
         <run_address>0xa744</run_address>
         <size>0x6f</size>
         <input_file_ref idref="fl-154"/>
      </object_component>
      <object_component id="oc-2d9">
         <name>.debug_info</name>
         <load_address>0xa7b3</load_address>
         <run_address>0xa7b3</run_address>
         <size>0xff</size>
         <input_file_ref idref="fl-155"/>
      </object_component>
      <object_component id="oc-2c5">
         <name>.debug_info</name>
         <load_address>0xa8b2</load_address>
         <run_address>0xa8b2</run_address>
         <size>0x156</size>
         <input_file_ref idref="fl-155"/>
      </object_component>
      <object_component id="oc-2ea">
         <name>.debug_info</name>
         <load_address>0xaa08</load_address>
         <run_address>0xaa08</run_address>
         <size>0x2c</size>
         <input_file_ref idref="fl-155"/>
      </object_component>
      <object_component id="oc-2e7">
         <name>.debug_info</name>
         <load_address>0xaa34</load_address>
         <run_address>0xaa34</run_address>
         <size>0x11f</size>
         <input_file_ref idref="fl-156"/>
      </object_component>
      <object_component id="oc-2e4">
         <name>.debug_info</name>
         <load_address>0xab53</load_address>
         <run_address>0xab53</run_address>
         <size>0xdd</size>
         <input_file_ref idref="fl-156"/>
      </object_component>
      <object_component id="oc-2d3">
         <name>.debug_info</name>
         <load_address>0xac30</load_address>
         <run_address>0xac30</run_address>
         <size>0x16c</size>
         <input_file_ref idref="fl-156"/>
      </object_component>
      <object_component id="oc-2b6">
         <name>.debug_info</name>
         <load_address>0xad9c</load_address>
         <run_address>0xad9c</run_address>
         <size>0x137</size>
         <input_file_ref idref="fl-157"/>
      </object_component>
      <object_component id="oc-290">
         <name>.debug_info</name>
         <load_address>0xaed3</load_address>
         <run_address>0xaed3</run_address>
         <size>0x14f</size>
         <input_file_ref idref="fl-157"/>
      </object_component>
      <object_component id="oc-160">
         <name>.debug_info</name>
         <load_address>0xb022</load_address>
         <run_address>0xb022</run_address>
         <size>0x413</size>
         <input_file_ref idref="fl-158"/>
      </object_component>
      <object_component id="oc-106">
         <name>.debug_info</name>
         <load_address>0xb435</load_address>
         <run_address>0xb435</run_address>
         <size>0x1ce</size>
         <input_file_ref idref="fl-158"/>
      </object_component>
      <object_component id="oc-109">
         <name>.debug_info</name>
         <load_address>0xb603</load_address>
         <run_address>0xb603</run_address>
         <size>0x1ec</size>
         <input_file_ref idref="fl-158"/>
      </object_component>
      <object_component id="oc-10d">
         <name>.debug_info</name>
         <load_address>0xb7ef</load_address>
         <run_address>0xb7ef</run_address>
         <size>0x19c</size>
         <input_file_ref idref="fl-158"/>
      </object_component>
      <object_component id="oc-111">
         <name>.debug_info</name>
         <load_address>0xb98b</load_address>
         <run_address>0xb98b</run_address>
         <size>0x196</size>
         <input_file_ref idref="fl-158"/>
      </object_component>
      <object_component id="oc-154">
         <name>.debug_info</name>
         <load_address>0xbb21</load_address>
         <run_address>0xbb21</run_address>
         <size>0x84</size>
         <input_file_ref idref="fl-158"/>
      </object_component>
      <object_component id="oc-1c1">
         <name>.debug_info</name>
         <load_address>0xbba5</load_address>
         <run_address>0xbba5</run_address>
         <size>0x2c</size>
         <input_file_ref idref="fl-158"/>
      </object_component>
      <object_component id="oc-158">
         <name>.debug_info</name>
         <load_address>0xbbd1</load_address>
         <run_address>0xbbd1</run_address>
         <size>0x4cc</size>
         <input_file_ref idref="fl-159"/>
      </object_component>
      <object_component id="oc-19a">
         <name>.debug_info</name>
         <load_address>0xc09d</load_address>
         <run_address>0xc09d</run_address>
         <size>0x1b8</size>
         <input_file_ref idref="fl-159"/>
      </object_component>
      <object_component id="oc-15a">
         <name>.debug_info</name>
         <load_address>0xc255</load_address>
         <run_address>0xc255</run_address>
         <size>0x10e</size>
         <input_file_ref idref="fl-159"/>
      </object_component>
      <object_component id="oc-12b">
         <name>.debug_info</name>
         <load_address>0xc363</load_address>
         <run_address>0xc363</run_address>
         <size>0x325</size>
         <input_file_ref idref="fl-159"/>
      </object_component>
      <object_component id="oc-11f">
         <name>.debug_info</name>
         <load_address>0xc688</load_address>
         <run_address>0xc688</run_address>
         <size>0x1ea</size>
         <input_file_ref idref="fl-159"/>
      </object_component>
      <object_component id="oc-12f">
         <name>.debug_info</name>
         <load_address>0xc872</load_address>
         <run_address>0xc872</run_address>
         <size>0x1ec</size>
         <input_file_ref idref="fl-159"/>
      </object_component>
      <object_component id="oc-ee">
         <name>.debug_info</name>
         <load_address>0xca5e</load_address>
         <run_address>0xca5e</run_address>
         <size>0x2e4</size>
         <input_file_ref idref="fl-159"/>
      </object_component>
      <object_component id="oc-f2">
         <name>.debug_info</name>
         <load_address>0xcd42</load_address>
         <run_address>0xcd42</run_address>
         <size>0x1ea</size>
         <input_file_ref idref="fl-159"/>
      </object_component>
      <object_component id="oc-1d0">
         <name>.debug_info</name>
         <load_address>0xcf2c</load_address>
         <run_address>0xcf2c</run_address>
         <size>0x477</size>
         <input_file_ref idref="fl-15a"/>
      </object_component>
      <object_component id="oc-187">
         <name>.debug_info</name>
         <load_address>0xd3a3</load_address>
         <run_address>0xd3a3</run_address>
         <size>0x1af</size>
         <input_file_ref idref="fl-15a"/>
      </object_component>
      <object_component id="oc-177">
         <name>.debug_info</name>
         <load_address>0xd552</load_address>
         <run_address>0xd552</run_address>
         <size>0x1b1</size>
         <input_file_ref idref="fl-15a"/>
      </object_component>
      <object_component id="oc-170">
         <name>.debug_info</name>
         <load_address>0xd703</load_address>
         <run_address>0xd703</run_address>
         <size>0x261</size>
         <input_file_ref idref="fl-15a"/>
      </object_component>
      <object_component id="oc-18b">
         <name>.debug_info</name>
         <load_address>0xd964</load_address>
         <run_address>0xd964</run_address>
         <size>0x1f9</size>
         <input_file_ref idref="fl-15a"/>
      </object_component>
      <object_component id="oc-17b">
         <name>.debug_info</name>
         <load_address>0xdb5d</load_address>
         <run_address>0xdb5d</run_address>
         <size>0x396</size>
         <input_file_ref idref="fl-15a"/>
      </object_component>
      <object_component id="oc-16c">
         <name>.debug_info</name>
         <load_address>0xdef3</load_address>
         <run_address>0xdef3</run_address>
         <size>0x1af</size>
         <input_file_ref idref="fl-15a"/>
      </object_component>
      <object_component id="oc-1cc">
         <name>.debug_info</name>
         <load_address>0xe0a2</load_address>
         <run_address>0xe0a2</run_address>
         <size>0x478</size>
         <input_file_ref idref="fl-15b"/>
      </object_component>
      <object_component id="oc-1ca">
         <name>.debug_info</name>
         <load_address>0xe51a</load_address>
         <run_address>0xe51a</run_address>
         <size>0x11c</size>
         <input_file_ref idref="fl-15b"/>
      </object_component>
      <object_component id="oc-162">
         <name>.debug_info</name>
         <load_address>0xe636</load_address>
         <run_address>0xe636</run_address>
         <size>0x2b6</size>
         <input_file_ref idref="fl-15b"/>
      </object_component>
      <object_component id="oc-1a2">
         <name>.debug_info</name>
         <load_address>0xe8ec</load_address>
         <run_address>0xe8ec</run_address>
         <size>0x471</size>
         <input_file_ref idref="fl-15c"/>
      </object_component>
      <object_component id="oc-145">
         <name>.debug_info</name>
         <load_address>0xed5d</load_address>
         <run_address>0xed5d</run_address>
         <size>0x208</size>
         <input_file_ref idref="fl-15c"/>
      </object_component>
      <object_component id="oc-19d">
         <name>.debug_info</name>
         <load_address>0xef65</load_address>
         <run_address>0xef65</run_address>
         <size>0x214</size>
         <input_file_ref idref="fl-15c"/>
      </object_component>
      <object_component id="oc-183">
         <name>.debug_info</name>
         <load_address>0xf179</load_address>
         <run_address>0xf179</run_address>
         <size>0x25a</size>
         <input_file_ref idref="fl-15c"/>
      </object_component>
      <object_component id="oc-17f">
         <name>.debug_info</name>
         <load_address>0xf3d3</load_address>
         <run_address>0xf3d3</run_address>
         <size>0x1e8</size>
         <input_file_ref idref="fl-15c"/>
      </object_component>
      <object_component id="oc-141">
         <name>.debug_info</name>
         <load_address>0xf5bb</load_address>
         <run_address>0xf5bb</run_address>
         <size>0x1f6</size>
         <input_file_ref idref="fl-15c"/>
      </object_component>
      <object_component id="oc-123">
         <name>.debug_info</name>
         <load_address>0xf7b1</load_address>
         <run_address>0xf7b1</run_address>
         <size>0x1f4</size>
         <input_file_ref idref="fl-15c"/>
      </object_component>
      <object_component id="oc-127">
         <name>.debug_info</name>
         <load_address>0xf9a5</load_address>
         <run_address>0xf9a5</run_address>
         <size>0x1e4</size>
         <input_file_ref idref="fl-15c"/>
      </object_component>
      <object_component id="oc-31c">
         <name>.debug_info</name>
         <load_address>0xfb89</load_address>
         <run_address>0xfb89</run_address>
         <size>0x9b</size>
      </object_component>
      <object_component id="oc-a1">
         <name>.debug_line</name>
         <load_address>0x0</load_address>
         <run_address>0x0</run_address>
         <size>0x4b</size>
         <input_file_ref idref="fl-2"/>
      </object_component>
      <object_component id="oc-7f">
         <name>.debug_line</name>
         <load_address>0x4b</load_address>
         <run_address>0x4b</run_address>
         <size>0x20</size>
         <input_file_ref idref="fl-2"/>
      </object_component>
      <object_component id="oc-1d7">
         <name>.debug_line</name>
         <load_address>0x6b</load_address>
         <run_address>0x6b</run_address>
         <size>0x5c</size>
         <input_file_ref idref="fl-2"/>
      </object_component>
      <object_component id="oc-7b">
         <name>.debug_line</name>
         <load_address>0xc7</load_address>
         <run_address>0xc7</run_address>
         <size>0x20</size>
         <input_file_ref idref="fl-3"/>
      </object_component>
      <object_component id="oc-78">
         <name>.debug_line</name>
         <load_address>0xe7</load_address>
         <run_address>0xe7</run_address>
         <size>0x4b</size>
         <input_file_ref idref="fl-3"/>
      </object_component>
      <object_component id="oc-34">
         <name>.debug_line</name>
         <load_address>0x132</load_address>
         <run_address>0x132</run_address>
         <size>0x4b</size>
         <input_file_ref idref="fl-3"/>
      </object_component>
      <object_component id="oc-31">
         <name>.debug_line</name>
         <load_address>0x17d</load_address>
         <run_address>0x17d</run_address>
         <size>0xab</size>
         <input_file_ref idref="fl-3"/>
      </object_component>
      <object_component id="oc-251">
         <name>.debug_line</name>
         <load_address>0x228</load_address>
         <run_address>0x228</run_address>
         <size>0xb1</size>
         <input_file_ref idref="fl-4"/>
      </object_component>
      <object_component id="oc-1bb">
         <name>.debug_line</name>
         <load_address>0x2d9</load_address>
         <run_address>0x2d9</run_address>
         <size>0x30</size>
         <input_file_ref idref="fl-4"/>
      </object_component>
[...]
         <value>0x33a0</value>
      </symbol>
      <symbol id="sm-3">
         <name>__TI_CINIT_Limit</name>
         <value>0x33b8</value>
      </symbol>
      <symbol id="sm-4">
         <name>__TI_Handler_Table_Base</name>
         <value>0x3384</value>
      </symbol>
      <symbol id="sm-5">
         <name>__TI_Handler_Table_Limit</name>
         <value>0x3390</value>
      </symbol>
      <symbol id="sm-6">
         <name>binit</name>
         <value>0xffffffff</value>
      </symbol>
      <symbol id="sm-7">
         <name>__binit__</name>
         <value>0xffffffff</value>
      </symbol>
      <symbol id="sm-8">
         <name>__STACK_SIZE</name>
         <value>0x1000</value>
      </symbol>
      <symbol id="sm-9">
         <name>__STACK_END</name>
         <value>0x2000126c</value>
      </symbol>
      <symbol id="sm-a">
         <name>__c_args__</name>
         <value>0xffffffff</value>
      </symbol>
      <symbol id="sm-34">
         <name>main</name>
         <value>0x2def</value>
         <object_component_ref idref="oc-9d"/>
      </symbol>
      <symbol id="sm-56">
         <name>ResetISR</name>
         <value>0x2efb</value>
         <object_component_ref idref="oc-2d"/>
      </symbol>
      <symbol id="sm-57">
         <name>g_pfnVectors</name>
         <value>0x0</value>
         <object_component_ref idref="oc-f"/>
      </symbol>
      <symbol id="sm-7a">
         <name>LEDInit</name>
         <value>0x2655</value>
         <object_component_ref idref="oc-ca"/>
      </symbol>
      <symbol id="sm-7b">
         <name>LEDExec</name>
         <value>0x267f</value>
         <object_component_ref idref="oc-ca"/>
      </symbol>
      <symbol id="sm-b1">
         <name>OLEDExec</name>
         <value>0x19a7</value>
         <object_component_ref idref="oc-c4"/>
      </symbol>
      <symbol id="sm-b2">
         <name>OLEDInit</name>
         <value>0x1891</value>
         <object_component_ref idref="oc-c4"/>
      </symbol>
      <symbol id="sm-cd">
         <name>systemInit</name>
         <value>0x2973</value>
         <object_component_ref idref="oc-be"/>
      </symbol>
      <symbol id="sm-ce">
         <name>sysTickCount</name>
         <value>0x200013c8</value>
         <object_component_ref idref="oc-114"/>
      </symbol>
      <symbol id="sm-13f">
         <name>RIT128x96x4StringDraw</name>
         <value>0x12f1</value>
         <object_component_ref idref="oc-118"/>
      </symbol>
      <symbol id="sm-140">
         <name>RIT128x96x4DisplayOn</name>
         <value>0x1631</value>
         <object_component_ref idref="oc-118"/>
      </symbol>
      <symbol id="sm-141">
         <name>RIT128x96x4Enable</name>
         <value>0x14b9</value>
         <object_component_ref idref="oc-118"/>
      </symbol>
      <symbol id="sm-142">
         <name>RIT128x96x4Clear</name>
         <value>0x1295</value>
         <object_component_ref idref="oc-118"/>
      </symbol>
      <symbol id="sm-143">
         <name>RIT128x96x4Disable</name>
         <value>0x1513</value>
         <object_component_ref idref="oc-118"/>
      </symbol>
      <symbol id="sm-144">
         <name>RIT128x96x4DisplayOff</name>
         <value>0x1665</value>
         <object_component_ref idref="oc-118"/>
      </symbol>
      <symbol id="sm-145">
         <name>RIT128x96x4ImageDraw</name>
         <value>0x1431</value>
         <object_component_ref idref="oc-118"/>
      </symbol>
      <symbol id="sm-146">
         <name>RIT128x96x4Init</name>
         <value>0x158d</value>
         <object_component_ref idref="oc-118"/>
      </symbol>
      <symbol id="sm-156">
         <name>_c_int00</name>
         <value>0x2bed</value>
         <object_component_ref idref="oc-24"/>
      </symbol>
      <symbol id="sm-157">
         <name>__stack</name>
         <value>0x2000026c</value>
         <object_component_ref idref="oc-29"/>
      </symbol>
      <symbol id="sm-16e">
         <name>__TI_decompress_none</name>
         <value>0x2ee1</value>
         <object_component_ref idref="oc-12"/>
      </symbol>
      <symbol id="sm-196">
         <name>__TI_decompress_rle24</name>
         <value>0x2f3f</value>
         <object_component_ref idref="oc-18"/>
      </symbol>
      <symbol id="sm-1a8">
         <name>__TI_zero_init</name>
         <value>0x2eef</value>
         <object_component_ref idref="oc-1e"/>
      </symbol>
      <symbol id="sm-1c7">
         <name>C$$EXIT</name>
         <value>0x2b25</value>
         <object_component_ref idref="oc-6d"/>
      </symbol>
      <symbol id="sm-1c8">
         <name>abort</name>
         <value>0x2b29</value>
         <object_component_ref idref="oc-6d"/>
      </symbol>
      <symbol id="sm-1c9">
         <name>exit</name>
         <value>0x2b31</value>
         <object_component_ref idref="oc-6d"/>
      </symbol>
      <symbol id="sm-1ca">
         <name>__TI_dtors_ptr</name>
         <value>0x200013ac</value>
         <object_component_ref idref="oc-a8"/>
      </symbol>
      <symbol id="sm-1cb">
         <name>__TI_cleanup_ptr</name>
         <value>0x200013a8</value>
         <object_component_ref idref="oc-a8"/>
      </symbol>
      <symbol id="sm-1eb">
         <name>__aeabi_ddiv</name>
         <value>0x1edd</value>
         <object_component_ref idref="oc-fa"/>
      </symbol>
      <symbol id="sm-1f8">
         <name>__aeabi_d2uiz</name>
         <value>0x2b69</value>
         <object_component_ref idref="oc-ff"/>
      </symbol>
      <symbol id="sm-213">
         <name>memcpy</name>
         <value>0x23a7</value>
         <object_component_ref idref="oc-36"/>
      </symbol>
      <symbol id="sm-214">
         <name>__aeabi_memcpy</name>
         <value>0x23a7</value>
         <object_component_ref idref="oc-36"/>
      </symbol>
      <symbol id="sm-215">
         <name>__aeabi_memcpy8</name>
         <value>0x23a7</value>
         <object_component_ref idref="oc-36"/>
      </symbol>
      <symbol id="sm-216">
         <name>__aeabi_memcpy4</name>
         <value>0x23a7</value>
         <object_component_ref idref="oc-36"/>
      </symbol>
      <symbol id="sm-225">
         <name>__aeabi_memset</name>
         <value>0x25db</value>
         <object_component_ref idref="oc-4f"/>
      </symbol>
      <symbol id="sm-226">
         <name>memset</name>
         <value>0x25e1</value>
         <object_component_ref idref="oc-4f"/>
      </symbol>
      <symbol id="sm-227">
         <name>__aeabi_memset8</name>
         <value>0x25db</value>
         <object_component_ref idref="oc-4f"/>
      </symbol>
      <symbol id="sm-228">
         <name>__aeabi_memset4</name>
         <value>0x25db</value>
         <object_component_ref idref="oc-4f"/>
      </symbol>
      <symbol id="sm-229">
         <name>__aeabi_memclr8</name>
         <value>0x25d9</value>
         <object_component_ref idref="oc-4f"/>
      </symbol>
      <symbol id="sm-22a">
         <name>__aeabi_memclr4</name>
         <value>0x25d9</value>
         <object_component_ref idref="oc-4f"/>
      </symbol>
      <symbol id="sm-22b">
         <name>__aeabi_memclr</name>
         <value>0x25d9</value>
         <object_component_ref idref="oc-4f"/>
      </symbol>
      <symbol id="sm-235">
         <name>_system_pre_init</name>
         <value>0x2f45</value>
         <object_component_ref idref="oc-5b"/>
      </symbol>
      <symbol id="sm-24e">
         <name>sprintf</name>
         <value>0x2801</value>
         <object_component_ref idref="oc-132"/>
      </symbol>
      <symbol id="sm-256">
         <name>main_func_sp</name>
         <value>0x200013c4</value>
         <object_component_ref idref="oc-73"/>
      </symbol>
      <symbol id="sm-262">
         <name>__aeabi_ui2d</name>
         <value>0x2d97</value>
         <object_component_ref idref="oc-f5"/>
      </symbol>
      <symbol id="sm-27b">
         <name>_nop</name>
         <value>0x2e6f</value>
         <object_component_ref idref="oc-d8"/>
      </symbol>
      <symbol id="sm-27c">
         <name>_lock</name>
         <value>0x200013a0</value>
         <object_component_ref idref="oc-a5"/>
      </symbol>
      <symbol id="sm-27d">
         <name>_unlock</name>
         <value>0x200013a4</value>
         <object_component_ref idref="oc-a5"/>
      </symbol>
      <symbol id="sm-27e">
         <name>_register_lock</name>
         <value>0x2e67</value>
         <object_component_ref idref="oc-d8"/>
      </symbol>
      <symbol id="sm-27f">
         <name>_register_unlock</name>
         <value>0x2e61</value>
         <object_component_ref idref="oc-d8"/>
      </symbol>
      <symbol id="sm-384">
         <name>__TI_printfi</name>
         <value>0xe85</value>
         <object_component_ref idref="oc-1a5"/>
      </symbol>
      <symbol id="sm-399">
         <name>_args_main</name>
         <value>0x2e09</value>
         <object_component_ref idref="oc-67"/>
      </symbol>
      <symbol id="sm-3af">
         <name>atoi</name>
         <value>0x29b9</value>
         <object_component_ref idref="oc-237"/>
      </symbol>
      <symbol id="sm-3d5">
         <name>__TI_auto_init</name>
         <value>0x26c5</value>
         <object_component_ref idref="oc-61"/>
      </symbol>
      <symbol id="sm-3ef">
         <name>copy_in</name>
         <value>0x2a05</value>
         <object_component_ref idref="oc-95"/>
      </symbol>
      <symbol id="sm-3fa">
         <name>_ctypes_</name>
         <value>0x3128</value>
         <object_component_ref idref="oc-27f"/>
      </symbol>
      <symbol id="sm-41e">
         <name>__aeabi_dsub</name>
         <value>0x1a49</value>
         <object_component_ref idref="oc-214"/>
      </symbol>
      <symbol id="sm-41f">
         <name>__aeabi_dadd</name>
         <value>0x1a53</value>
         <object_component_ref idref="oc-214"/>
      </symbol>
      <symbol id="sm-446">
         <name>__aeabi_cdcmpeq</name>
         <value>0x24cd</value>
         <object_component_ref idref="oc-1f5"/>
      </symbol>
      <symbol id="sm-447">
         <name>__aeabi_cdcmple</name>
         <value>0x24cd</value>
         <object_component_ref idref="oc-1f5"/>
      </symbol>
      <symbol id="sm-448">
         <name>__aeabi_cdrcmple</name>
         <value>0x2553</value>
         <object_component_ref idref="oc-1ff"/>
      </symbol>
      <symbol id="sm-45f">
         <name>__aeabi_dmul</name>
         <value>0x2125</value>
         <object_component_ref idref="oc-1fa"/>
      </symbol>
      <symbol id="sm-46d">
         <name>__aeabi_d2iz</name>
         <value>0x2a51</value>
         <object_component_ref idref="oc-204"/>
      </symbol>
      <symbol id="sm-47a">
         <name>frexp</name>
         <value>0x2d75</value>
         <object_component_ref idref="oc-219"/>
      </symbol>
      <symbol id="sm-486">
         <name>__aeabi_i2d</name>
         <value>0x2cef</value>
         <object_component_ref idref="oc-20f"/>
      </symbol>
      <symbol id="sm-497">
         <name>ldexp</name>
         <value>0x2a99</value>
         <object_component_ref idref="oc-21f"/>
      </symbol>
      <symbol id="sm-4a6">
         <name>ltoa</name>
         <value>0x2911</value>
         <object_component_ref idref="oc-209"/>
      </symbol>
      <symbol id="sm-4b6">
         <name>memccpy</name>
         <value>0x2dd5</value>
         <object_component_ref idref="oc-231"/>
      </symbol>
      <symbol id="sm-4c6">
         <name>strchr</name>
         <value>0x2e21</value>
         <object_component_ref idref="oc-225"/>
      </symbol>
      <symbol id="sm-4d4">
         <name>strlen</name>
         <value>0x2e75</value>
         <object_component_ref idref="oc-1ef"/>
      </symbol>
      <symbol id="sm-4fe">
         <name>__aeabi_uldivmod</name>
         <value>0x169d</value>
         <object_component_ref idref="oc-1ea"/>
      </symbol>
      <symbol id="sm-50c">
         <name>_Dclass</name>
         <value>0x2d4b</value>
         <object_component_ref idref="oc-22b"/>
      </symbol>
      <symbol id="sm-52d">
         <name>_Dscale</name>
         <value>0x2015</value>
         <object_component_ref idref="oc-26b"/>
      </symbol>
      <symbol id="sm-541">
         <name>_Dunscale</name>
         <value>0x279b</value>
         <object_component_ref idref="oc-263"/>
      </symbol>
      <symbol id="sm-550">
         <name>_Feraise</name>
         <value>0x2c91</value>
         <object_component_ref idref="oc-271"/>
      </symbol>
      <symbol id="sm-560">
         <name>_Rteps</name>
         <value>0x20001380</value>
         <object_component_ref idref="oc-299"/>
      </symbol>
      <symbol id="sm-561">
         <name>_Zero</name>
         <value>0x20001398</value>
         <object_component_ref idref="oc-299"/>
      </symbol>
      <symbol id="sm-562">
         <name>_Hugeval</name>
         <value>0x20001340</value>
         <object_component_ref idref="oc-299"/>
      </symbol>
      <symbol id="sm-563">
         <name>_Snan</name>
         <value>0x20001370</value>
         <object_component_ref idref="oc-299"/>
      </symbol>
      <symbol id="sm-564">
         <name>_Nan</name>
         <value>0x20001360</value>
         <object_component_ref idref="oc-299"/>
      </symbol>
      <symbol id="sm-565">
         <name>_Inf</name>
         <value>0x20001350</value>
         <object_component_ref idref="oc-299"/>
      </symbol>
      <symbol id="sm-566">
         <name>_Xbig</name>
         <value>0x20001390</value>
         <object_component_ref idref="oc-299"/>
      </symbol>
      <symbol id="sm-567">
         <name>_Eps</name>
         <value>0x20001330</value>
         <object_component_ref idref="oc-299"/>
      </symbol>
      <symbol id="sm-568">
         <name>_Denorm</name>
         <value>0x20001320</value>
         <object_component_ref idref="oc-299"/>
      </symbol>
      <symbol id="sm-570">
         <name>_Errno</name>
         <value>0x200013c0</value>
         <object_component_ref idref="oc-2a4"/>
      </symbol>
      <symbol id="sm-58e">
         <name>feraiseexcept</name>
         <value>0x2c5d</value>
         <object_component_ref idref="oc-29e"/>
      </symbol>
      <symbol id="sm-58f">
         <name>_Tls_setup__Fenv</name>
         <value>0x200013b4</value>
         <object_component_ref idref="oc-2c8"/>
      </symbol>
      <symbol id="sm-590">
         <name>_Fenv</name>
         <value>0x200013b0</value>
         <object_component_ref idref="oc-2c8"/>
      </symbol>
      <symbol id="sm-5a4">
         <name>raise</name>
         <value>0x2d1d</value>
         <object_component_ref idref="oc-2c2"/>
      </symbol>
      <symbol id="sm-5be">
         <name>signal</name>
         <value>0x2bad</value>
         <object_component_ref idref="oc-2d2"/>
      </symbol>
      <symbol id="sm-5d3">
         <name>_Dnorm</name>
         <value>0x22e9</value>
         <object_component_ref idref="oc-28f"/>
      </symbol>
      <symbol id="sm-600">
         <name>SysTickEnable</name>
         <value>0x2e39</value>
         <object_component_ref idref="oc-110"/>
      </symbol>
      <symbol id="sm-601">
         <name>SysTickIntRegister</name>
         <value>0x2db9</value>
         <object_component_ref idref="oc-108"/>
      </symbol>
      <symbol id="sm-602">
         <name>SysTickIntEnable</name>
         <value>0x2e4d</value>
         <object_component_ref idref="oc-10c"/>
      </symbol>
      <symbol id="sm-603">
         <name>SysTickPeriodSet</name>
         <value>0x2ed1</value>
         <object_component_ref idref="oc-104"/>
      </symbol>
      <symbol id="sm-696">
         <name>SysCtlClockSet</name>
         <value>0x1d99</value>
         <object_component_ref idref="oc-ed"/>
      </symbol>
      <symbol id="sm-697">
         <name>SysCtlDelay</name>
         <value>0x2f39</value>
         <object_component_ref idref="oc-152"/>
      </symbol>
      <symbol id="sm-698">
         <name>SysCtlPeripheralEnable</name>
         <value>0x28b9</value>
         <object_component_ref idref="oc-11e"/>
      </symbol>
      <symbol id="sm-699">
         <name>SysCtlClockGet</name>
         <value>0x1c01</value>
         <object_component_ref idref="oc-f1"/>
      </symbol>
      <symbol id="sm-69a">
         <name>SysCtlPeripheralDisable</name>
         <value>0x2861</value>
         <object_component_ref idref="oc-12e"/>
      </symbol>
      <symbol id="sm-69b">
         <name>SysCtlPeripheralReset</name>
         <value>0x2445</value>
         <object_component_ref idref="oc-12a"/>
      </symbol>
      <symbol id="sm-6cf">
         <name>SSIDataPut</name>
         <value>0x2f07</value>
         <object_component_ref idref="oc-16f"/>
      </symbol>
      <symbol id="sm-6d0">
         <name>SSIDataGetNonBlocking</name>
         <value>0x2ebf</value>
         <object_component_ref idref="oc-18a"/>
      </symbol>
      <symbol id="sm-6d1">
         <name>SSIConfigSetExpClk</name>
         <value>0x2adf</value>
         <object_component_ref idref="oc-17a"/>
      </symbol>
      <symbol id="sm-6d2">
         <name>SSIEnable</name>
         <value>0x2f1b</value>
         <object_component_ref idref="oc-186"/>
      </symbol>
      <symbol id="sm-6d3">
         <name>SSIBusy</name>
         <value>0x2f25</value>
         <object_component_ref idref="oc-16b"/>
      </symbol>
      <symbol id="sm-6d4">
         <name>SSIDisable</name>
         <value>0x2f11</value>
         <object_component_ref idref="oc-176"/>
      </symbol>
      <symbol id="sm-6ea">
         <name>IntRegister</name>
         <value>0x2c29</value>
         <object_component_ref idref="oc-161"/>
      </symbol>
      <symbol id="sm-6eb">
         <name>g_pfnRAMVectors</name>
         <value>0x20000000</value>
         <object_component_ref idref="oc-1c9"/>
      </symbol>
      <symbol id="sm-730">
         <name>GPIOPinTypeGPIOInput</name>
         <value>0x2e89</value>
         <object_component_ref idref="oc-122"/>
      </symbol>
      <symbol id="sm-731">
         <name>GPIOPinTypeGPIOOutput</name>
         <value>0x2e9b</value>
         <object_component_ref idref="oc-140"/>
      </symbol>
      <symbol id="sm-732">
         <name>GPIOPinRead</name>
         <value>0x2f2d</value>
         <object_component_ref idref="oc-126"/>
      </symbol>
      <symbol id="sm-733">
         <name>GPIODirModeSet</name>
         <value>0x2cc1</value>
         <object_component_ref idref="oc-19c"/>
      </symbol>
      <symbol id="sm-734">
         <name>GPIOPinWrite</name>
         <value>0x2f33</value>
         <object_component_ref idref="oc-144"/>
      </symbol>
      <symbol id="sm-735">
         <name>GPIOPadConfigSet</name>
         <value>0x2221</value>
         <object_component_ref idref="oc-182"/>
      </symbol>
      <symbol id="sm-736">
         <name>GPIOPinTypeSSI</name>
         <value>0x2ead</value>
         <object_component_ref idref="oc-17e"/>
      </symbol>
      <symbol id="sm-738">
         <name>__TI_static_base__</name>
         <value>0x0</value>
      </symbol>
      <symbol id="sm-73b">
         <name>SHT$$INIT_ARRAY$$Limit</name>
         <value>0x0</value>
      </symbol>
      <symbol id="sm-73c">
         <name>SHT$$INIT_ARRAY$$Base</name>
         <value>0x0</value>
      </symbol>
   </symbol_table>
   <title>Link successful</title>
</link_info>
