******************************************************************************
                  TI ARM Linker PC v5.2.2                      
******************************************************************************
>> Linked Wed Apr 27 16:28:22 2016

OUTPUT FILE NAME:   <EECS_388_FreeRTOS_Assembly.out>
ENTRY POINT SYMBOL: "_c_int00"  address: 00004041


MEMORY CONFIGURATION

         name            origin    length      used     unused   attr    fill
----------------------  --------  ---------  --------  --------  ----  --------
  FLASH                 00000000   00040000  000048bc  0003b744  R  X
  SRAM                  20000000   00010000  000035b0  0000ca50  RW X


SEGMENT ALLOCATION MAP

run origin  load origin   length   init length attrs members
----------  ----------- ---------- ----------- ----- -------
00000000    00000000    000048c0   000048c0    r-x
  00000000    00000000    000000f0   000000f0    r-- .intvecs
  000000f0    000000f0    0000432a   0000432a    r-x .text
  0000441c    0000441c    0000041a   0000041a    r-- .const
  00004838    00004838    00000088   00000088    r-- .cinit
20000000    20000000    000035b4   00000000    rw-
  20000000    20000000    0000026c   00000000    rw- .vtable
  20000270    20000270    000021b0   00000000    rw- .bss
  20002420    20002420    00001000   00000000    rw- .stack
  20003420    20003420    00000194   00000000    rw- .data


SECTION ALLOCATION MAP

 output                                  attributes/
section   page    origin      length       input sections
--------  ----  ----------  ----------   ----------------
.intvecs   0    00000000    000000f0     
                  00000000    000000f0     lm3s1968_startup_ccs.obj (.intvecs)

.text      0    000000f0    0000432a     
                  000000f0    0000109a     rtsv7M3_T_le_eabi.lib : _printfi.obj (.text)
                  0000118a    00000002     --HOLE-- [fill = 0]
                  0000118c    00000900     tasks.obj (.text)
                  00001a8c    00000510     rit128x96x4.obj (.text)
                  00001f9c    000004a8     uartstdio.obj (.text)
                  00002444    000001f4     rtsv7M3_T_le_eabi.lib : ull_div_t2.obj (.text)
                  00002638    000001c4     testAssembly.obj (.text)
                  000027fc    000001b6     rtsv7M3_T_le_eabi.lib : fd_add_t2.obj (.text)
                  000029b2    00000002     --HOLE-- [fill = 0]
                  000029b4    000001b4     heap_2.obj (.text)
                  00002b68    00000198     driverlib-cm3.lib : sysctl.obj (.text:SysCtlClockGet)
                  00002d00    00000178     oled.obj (.text)
                  00002e78    00000144     driverlib-cm3.lib : sysctl.obj (.text:SysCtlClockSet)
                  00002fbc    00000136     rtsv7M3_T_le_eabi.lib : fd_div_t2.obj (.text)
                  000030f2    0000012a     list.obj (.text)
                  0000321c    00000110     rtsv7M3_T_le_eabi.lib : xdscale.obj (.text)
                  0000332c    000000fc                           : fd_mul_t2.obj (.text)
                  00003428    000000f0     port.obj (.text)
                  00003518    000000c8     driverlib-cm3.lib : gpio.obj (.text:GPIOPadConfigSet)
                  000035e0    000000be     rtsv7M3_T_le_eabi.lib : xdnorm.obj (.text)
                  0000369e    00000002     --HOLE-- [fill = 0]
                  000036a0    000000a0     main.obj (.text)
                  00003740    0000009c     rtsv7M3_T_le_eabi.lib : memcpy_t2.obj (.text)
                  000037dc    00000088     driverlib-cm3.lib : sysctl.obj (.text:SysCtlPeripheralReset)
                  00003864    00000086     rtsv7M3_T_le_eabi.lib : fd_cmp_t2.obj (.text:__aeabi_cdcmple)
                  000038ea    00000086                           : fd_cmp_t2.obj (.text:__aeabi_cdrcmple)
                  00003970    00000080     portasm.obj (.text)
                  000039f0    0000007a     rtsv7M3_T_le_eabi.lib : memset_t2.obj (.text)
                  00003a6a    00000002     --HOLE-- [fill = 0]
                  00003a6c    00000078     driverlib-cm3.lib : sysctl.obj (.text:SysCtlPeripheralPresent)
                  00003ae4    0000006c     rtsv7M3_T_le_eabi.lib : autoinit.obj (.text)
                  00003b50    0000006a                           : copy_decompress_rle.obj (.text)
                  00003bba    00000066                           : xdunscal.obj (.text)
                  00003c20    00000060                           : sprintf.obj (.text)
                  00003c80    00000058     driverlib-cm3.lib : sysctl.obj (.text:SysCtlPeripheralDisable)
                  00003cd8    00000058                       : sysctl.obj (.text:SysCtlPeripheralEnable)
                  00003d30    00000056     rtsv7M3_T_le_eabi.lib : ltoa.obj (.text)
                  00003d86    00000002     --HOLE-- [fill = 0]
                  00003d88    0000004c                           : atoi.obj (.text)
                  00003dd4    0000004c                           : cpy_tbl.obj (.text)
                  00003e20    00000048                           : fd_toi_t2.obj (.text)
                  00003e68    00000046                           : ldexp.obj (.text)
                  00003eae    00000044     driverlib-cm3.lib : ssi.obj (.text:SSIConfigSetExpClk)
                  00003ef2    00000002     --HOLE-- [fill = 0]
                  00003ef4    00000044     led.obj (.text)
                  00003f38    00000044     rtsv7M3_T_le_eabi.lib : exit.obj (.text)
                  00003f7c    00000042     driverlib-cm3.lib : uart.obj (.text:UARTConfigSetExpClk)
                  00003fbe    00000042     rtsv7M3_T_le_eabi.lib : u_divt2.obj (.text)
                  00004000    00000040                           : signal.obj (.text)
                  00004040    0000003c                           : boot.obj (.text)
                  0000407c    00000038     system.obj (.text)
                  000040b4    00000036     asmCompute.obj (.text)
                  000040ea    00000002     --HOLE-- [fill = 0]
                  000040ec    00000034     driverlib-cm3.lib : interrupt.obj (.text:IntRegister)
                  00004120    00000034     rtsv7M3_T_le_eabi.lib : feraiseexcept.obj (.text)
                  00004154    00000030                           : xferaise.obj (.text)
                  00004184    0000002e     driverlib-cm3.lib : gpio.obj (.text:GPIODirModeSet)
                  000041b2    0000002e     rtsv7M3_T_le_eabi.lib : i_tofd_t2.obj (.text)
                  000041e0    0000002e                           : raise.obj (.text)
                  0000420e    0000002a                           : xdclass.obj (.text)
                  00004238    00000022                           : frexp.obj (.text)
                  0000425a    00000002     --HOLE-- [fill = 0]
                  0000425c    0000001c     driverlib-cm3.lib : systick.obj (.text:SysTickIntRegister)
                  00004278    0000001c                       : uart.obj (.text:UARTDisable)
                  00004294    0000001a     rtsv7M3_T_le_eabi.lib : memccpy.obj (.text)
                  000042ae    00000002     --HOLE-- [fill = 0]
                  000042b0    00000018                           : args_main.obj (.text)
                  000042c8    00000016                           : strchr.obj (.text)
                  000042de    00000002     --HOLE-- [fill = 0]
                  000042e0    00000014     driverlib-cm3.lib : systick.obj (.text:SysTickEnable)
                  000042f4    00000014                       : systick.obj (.text:SysTickIntEnable)
                  00004308    00000014                       : uart.obj (.text:UARTEnable)
                  0000431c    00000014     rtsv7M3_T_le_eabi.lib : _lock.obj (.text)
                  00004330    00000014                           : strlen.obj (.text)
                  00004344    00000012     driverlib-cm3.lib : gpio.obj (.text:GPIOPinTypeGPIOInput)
                  00004356    00000012                       : gpio.obj (.text:GPIOPinTypeGPIOOutput)
                  00004368    00000012                       : gpio.obj (.text:GPIOPinTypeSSI)
                  0000437a    00000012                       : gpio.obj (.text:GPIOPinTypeUART)
                  0000438c    00000012                       : ssi.obj (.text:SSIDataGetNonBlocking)
                  0000439e    0000000e     rtsv7M3_T_le_eabi.lib : copy_decompress_none.obj (.text:decompress:none)
                  000043ac    0000000c                           : copy_zero_init.obj (.text:decompress:ZI)
                  000043b8    0000000c     lm3s1968_startup_ccs.obj (.text)
                  000043c4    0000000a     driverlib-cm3.lib : ssi.obj (.text:SSIDataPut)
                  000043ce    0000000a                       : ssi.obj (.text:SSIDisable)
                  000043d8    0000000a                       : ssi.obj (.text:SSIEnable)
                  000043e2    0000000a                       : uart.obj (.text:UARTCharGet)
                  000043ec    0000000a                       : uart.obj (.text:UARTCharPut)
                  000043f6    00000008                       : ssi.obj (.text:SSIBusy)
                  000043fe    00000006                       : gpio.obj (.text:GPIOPinRead)
                  00004404    00000006                       : gpio.obj (.text:GPIOPinWrite)
                  0000440a    00000006                       : sysctl.obj (.text:SysCtlDelay)
                  00004410    00000006     rtsv7M3_T_le_eabi.lib : copy_decompress_rle.obj (.text:decompress:rle24)
                  00004416    00000004                           : pre_init.obj (.text)

.const     0    0000441c    0000041a     
                  0000441c    000001e0     rit128x96x4.obj (.const:g_pucFont)
                  000045fc    00000101     rtsv7M3_T_le_eabi.lib : ctype.obj (.const:.string:_ctypes_)
                  000046fd    00000001     --HOLE-- [fill = 0]
                  000046fe    00000002     heap_2.obj (.const)
                  00004700    0000006c     driverlib-cm3.lib : sysctl.obj (.const:g_pulXtals)
                  0000476c    0000004f     rit128x96x4.obj (.const:.string:g_pucRIT128x96x4Init)
                  000047bb    00000001     --HOLE-- [fill = 0]
                  000047bc    00000040     driverlib-cm3.lib : sysctl.obj (.const)
                  000047fc    0000001c     uartstdio.obj (.const)
                  00004818    00000012     uartstdio.obj (.const:.string)
                  0000482a    0000000c     rit128x96x4.obj (.const:.string)

.cinit     0    00004838    00000088     
                  00004838    00000051     (.cinit..data.load) [load image, compression = rle]
                  00004889    00000003     --HOLE-- [fill = 0]
                  0000488c    0000000c     (__TI_handler_table)
                  00004898    00000008     (.cinit..bss.load) [load image, compression = zero_init]
                  000048a0    00000008     (.cinit..vtable.load) [load image, compression = zero_init]
                  000048a8    00000018     (__TI_cinit_table)

.init_array 
*          0    00000000    00000000     UNINITIALIZED

.vtable    0    20000000    0000026c     UNINITIALIZED
                  20000000    0000026c     driverlib-cm3.lib : interrupt.obj (.vtable)

.bss       0    20000270    000021b0     UNINITIALIZED
                  20000270    00002000     heap_2.obj (.bss:xHeap)
                  20002270    00000100     lm3s1968_startup_ccs.obj (.bss:pulStack)
                  20002370    00000050     tasks.obj (.bss:pxReadyTasksLists)
                  200023c0    00000014     (.common:xDelayedTaskList1)
                  200023d4    00000014     (.common:xDelayedTaskList2)
                  200023e8    00000014     (.common:xPendingReadyList)
                  200023fc    00000008     (.common:g_pucBuffer)
                  20002404    00000008     (.common:xEnd)
                  2000240c    00000008     (.common:xStart)
                  20002414    00000004     (.common:g_ulSSIFlags)
                  20002418    00000004     (.common:pxDelayedTaskList)
                  2000241c    00000004     (.common:pxOverflowDelayedTaskList)

.TI.noinit 
*          0    20000270    00000000     UNINITIALIZED

.stack     0    20002420    00001000     UNINITIALIZED
                  20002420    00001000     --HOLE--

.data      0    20003420    00000194     UNINITIALIZED
                  20003420    000000b0     rtsv7M3_T_le_eabi.lib : signal.obj (.data:sigtable)
                  200034d0    00000080                           : xvalues.obj (.data)
                  20003550    0000002c     tasks.obj (.data)
                  2000357c    00000008     port.obj (.data)
                  20003584    00000008     heap_2.obj (.data)
                  2000358c    00000008     rtsv7M3_T_le_eabi.lib : _lock.obj (.data)
                  20003594    00000008                           : exit.obj (.data)
                  2000359c    00000008                           : feraiseexcept.obj (.data)
                  200035a4    00000005     uartstdio.obj (.data)
                  200035a9    00000003     --HOLE--
                  200035ac    00000004     rtsv7M3_T_le_eabi.lib : errno.obj (.data)
                  200035b0    00000004                           : stkdepth_vars.obj (.data)

.TI.persistent 
*          0    20003420    00000000     UNINITIALIZED


LINKER GENERATED COPY TABLES

__TI_cinit_table @ 000048a8 records: 3, size/record: 8, table size: 24
	.data: load addr=00004838, load size=00000051 bytes, run addr=20003420, run size=00000194 bytes, compression=rle
	.bss: load addr=00004898, load size=00000008 bytes, run addr=20000270, run size=000021b0 bytes, compression=zero_init
	.vtable: load addr=000048a0, load size=00000008 bytes, run addr=20000000, run size=0000026c bytes, compression=zero_init


LINKER GENERATED HANDLER TABLE

__TI_handler_table @ 0000488c records: 3, size/record: 4, table size: 12
	index: 0, handler: __TI_zero_init
	index: 1, handler: __TI_decompress_rle24
	index: 2, handler: __TI_decompress_none


GLOBAL SYMBOLS: SORTED ALPHABETICALLY BY Name 

address   name                             
-------   ----                             
00003f39  C$$EXIT                          
00004185  GPIODirModeSet                   
00003519  GPIOPadConfigSet                 
000043ff  GPIOPinRead                      
00004345  GPIOPinTypeGPIOInput             
00004357  GPIOPinTypeGPIOOutput            
00004369  GPIOPinTypeSSI                   
0000437b  GPIOPinTypeUART                  
00004405  GPIOPinWrite                     
000040ed  IntRegister                      
00003ef5  LEDTask                          
00002e09  OLEDTask                         
00001b95  RIT128x96x4Clear                 
00001e13  RIT128x96x4Disable               
00001f65  RIT128x96x4DisplayOff            
00001f31  RIT128x96x4DisplayOn             
00001db9  RIT128x96x4Enable                
00001d31  RIT128x96x4ImageDraw             
00001e8d  RIT128x96x4Init                  
00001bf1  RIT128x96x4StringDraw            
000043b9  ResetISR                         
UNDEFED   SHT$$INIT_ARRAY$$Base            
UNDEFED   SHT$$INIT_ARRAY$$Limit           
000043f7  SSIBusy                          
00003eaf  SSIConfigSetExpClk               
0000438d  SSIDataGetNonBlocking            
000043c5  SSIDataPut                       
000043cf  SSIDisable                       
000043d9  SSIEnable                        
00002b69  SysCtlClockGet                   
00002e79  SysCtlClockSet                   
0000440b  SysCtlDelay                      
00003c81  SysCtlPeripheralDisable          
00003cd9  SysCtlPeripheralEnable           
00003a6d  SysCtlPeripheralPresent          
000037dd  SysCtlPeripheralReset            
000042e1  SysTickEnable                    
000042f5  SysTickIntEnable                 
0000425d  SysTickIntRegister               
000043e3  UARTCharGet                      
000043ed  UARTCharPut                      
00003f7d  UARTConfigSetExpClk              
00004279  UARTDisable                      
00004309  UARTEnable                       
00001f9d  UARTStdioConfig                  
00001fe3  UARTStdioInit                    
00001ff9  UARTStdioInitExpClk              
0000210d  UARTgetc                         
00002055  UARTgets                         
00002135  UARTprintf                       
0000200f  UARTwrite                        
0000420f  _Dclass                          
200034d0  _Denorm                          
000035e1  _Dnorm                           
0000321d  _Dscale                          
00003bbb  _Dunscale                        
200034e0  _Eps                             
200035ac  _Errno                           
2000359c  _Fenv                            
00004155  _Feraise                         
200034f0  _Hugeval                         
20003500  _Inf                             
20003510  _Nan                             
20003530  _Rteps                           
20003520  _Snan                            
200035a0  _Tls_setup__Fenv                 
20003540  _Xbig                            
20003548  _Zero                            
20003420  __STACK_END                      
00001000  __STACK_SIZE                     
20002620  __STACK_TOP                      
000048a8  __TI_CINIT_Base                  
000048c0  __TI_CINIT_Limit                 
0000488c  __TI_Handler_Table_Base          
00004898  __TI_Handler_Table_Limit         
00003ae5  __TI_auto_init                   
20003594  __TI_cleanup_ptr                 
0000439f  __TI_decompress_none             
00004411  __TI_decompress_rle24            
20003598  __TI_dtors_ptr                   
00000e85  __TI_printfi                     
00000000  __TI_static_base__               
000043ad  __TI_zero_init                   
00003865  __aeabi_cdcmpeq                  
00003865  __aeabi_cdcmple                  
000038eb  __aeabi_cdrcmple                 
00003e21  __aeabi_d2iz                     
00002807  __aeabi_dadd                     
00002fbd  __aeabi_ddiv                     
0000332d  __aeabi_dmul                     
000027fd  __aeabi_dsub                     
000041b3  __aeabi_i2d                      
000039f1  __aeabi_memclr                   
000039f1  __aeabi_memclr4                  
000039f1  __aeabi_memclr8                  
00003741  __aeabi_memcpy                   
00003741  __aeabi_memcpy4                  
00003741  __aeabi_memcpy8                  
000039f3  __aeabi_memset                   
000039f3  __aeabi_memset4                  
000039f3  __aeabi_memset8                  
00003fbf  __aeabi_uidiv                    
00003fbf  __aeabi_uidivmod                 
00002445  __aeabi_uldivmod                 
ffffffff  __binit__                        
ffffffff  __c_args__                       
20002420  __stack                          
000042b1  _args_main                       
00004041  _c_int00                         
000045fc  _ctypes_                         
2000358c  _lock                            
0000432b  _nop                             
00004323  _register_lock                   
0000431d  _register_unlock                 
00004417  _system_pre_init                 
20003590  _unlock                          
00003f3d  abort                            
000040b5  asmCompute                       
00003d89  atoi                             
ffffffff  binit                            
00003dd5  copy_in                          
00003f45  exit                             
00004121  feraiseexcept                    
00004239  frexp                            
20000000  g_pfnRAMVectors                  
00000000  g_pfnVectors                     
00003e69  ldexp                            
00003d31  ltoa                             
000036a1  main                             
200035b0  main_func_sp                     
00004295  memccpy                          
00003741  memcpy                           
000039f9  memset                           
000029b5  pvPortMalloc                     
20003550  pxCurrentTCB                     
20002418  pxDelayedTaskList                
2000241c  pxOverflowDelayedTaskList        
00003429  pxPortInitialiseStack            
20002370  pxReadyTasksLists                
000041e1  raise                            
00004001  signal                           
00003c21  sprintf                          
00002d01  startScreen                      
000042c9  strchr                           
00004331  strlen                           
0000407d  systemInit                       
00002639  testAssemblyTask                 
000039ad  ulPortSetInterruptMask           
20003554  uxCurrentNumberOfTasks           
000031d5  uxListRemove                     
20003564  uxPendedTicks                    
000014d5  uxTaskGetNumberOfTasks           
20003570  uxTaskNumber                     
00001a47  uxTaskResetEventItemValue        
2000355c  uxTopReadyPriority               
000030f3  vListInitialise                  
00003123  vListInitialiseItem              
0000316f  vListInsert                      
00003133  vListInsertEnd                   
000039bb  vPortClearInterruptMask          
00003499  vPortEndScheduler                
000034a5  vPortEnterCritical               
000034b5  vPortExitCritical                
00002add  vPortFree                        
00002b45  vPortInitialiseBlocks            
000039c1  vPortSVCHandler                  
000034ef  vPortSetupTimerInterrupt         
000039df  vPortStartFirstTask              
0000349b  vPortYieldFromISR                
00001323  vTaskDelay                       
00001297  vTaskDelayUntil                  
000013a9  vTaskEndScheduler                
0000189f  vTaskMissedYield                 
00001685  vTaskPlaceOnEventList            
000016c5  vTaskPlaceOnUnorderedEventList   
0000180f  vTaskSetTimeOutState             
00001363  vTaskStartScheduler              
000013bb  vTaskSuspendAll                  
00001601  vTaskSwitchContext               
200023c0  xDelayedTaskList1                
200023d4  xDelayedTaskList2                
20003574  xNextTaskUnblockTime             
2000356c  xNumOfOverflows                  
200023e8  xPendingReadyList                
00002b3f  xPortGetFreeHeapSize             
00003971  xPortPendSVHandler               
00003471  xPortStartScheduler              
20003580  xPortSysTickCount                
000034cd  xPortSysTickHandler              
20003560  xSchedulerRunning                
00001835  xTaskCheckForTimeOut             
0000118d  xTaskGenericCreate               
000014a1  xTaskGetTickCount                
000014bd  xTaskGetTickCountFromISR         
000014e1  xTaskIncrementTick               
0000170b  xTaskRemoveFromEventList         
00001799  xTaskRemoveFromUnorderedEventList
000013c5  xTaskResumeAll                   
20003558  xTickCount                       
20003568  xYieldPending                    


GLOBAL SYMBOLS: SORTED BY Symbol Address 

address   name                             
-------   ----                             
00000000  __TI_static_base__               
00000000  g_pfnVectors                     
00000e85  __TI_printfi                     
00001000  __STACK_SIZE                     
0000118d  xTaskGenericCreate               
00001297  vTaskDelayUntil                  
00001323  vTaskDelay                       
00001363  vTaskStartScheduler              
000013a9  vTaskEndScheduler                
000013bb  vTaskSuspendAll                  
000013c5  xTaskResumeAll                   
000014a1  xTaskGetTickCount                
000014bd  xTaskGetTickCountFromISR         
000014d5  uxTaskGetNumberOfTasks           
000014e1  xTaskIncrementTick               
00001601  vTaskSwitchContext               
00001685  vTaskPlaceOnEventList            
000016c5  vTaskPlaceOnUnorderedEventList   
0000170b  xTaskRemoveFromEventList         
00001799  xTaskRemoveFromUnorderedEventList
0000180f  vTaskSetTimeOutState             
00001835  xTaskCheckForTimeOut             
0000189f  vTaskMissedYield                 
00001a47  uxTaskResetEventItemValue        
00001b95  RIT128x96x4Clear                 
00001bf1  RIT128x96x4StringDraw            
00001d31  RIT128x96x4ImageDraw             
00001db9  RIT128x96x4Enable                
00001e13  RIT128x96x4Disable               
00001e8d  RIT128x96x4Init                  
00001f31  RIT128x96x4DisplayOn             
00001f65  RIT128x96x4DisplayOff            
00001f9d  UARTStdioConfig                  
00001fe3  UARTStdioInit                    
00001ff9  UARTStdioInitExpClk              
0000200f  UARTwrite                        
00002055  UARTgets                         
0000210d  UARTgetc                         
00002135  UARTprintf                       
00002445  __aeabi_uldivmod                 
00002639  testAssemblyTask                 
000027fd  __aeabi_dsub                     
00002807  __aeabi_dadd                     
000029b5  pvPortMalloc                     
00002add  vPortFree                        
00002b3f  xPortGetFreeHeapSize             
00002b45  vPortInitialiseBlocks            
00002b69  SysCtlClockGet                   
00002d01  startScreen                      
00002e09  OLEDTask                         
00002e79  SysCtlClockSet                   
00002fbd  __aeabi_ddiv                     
000030f3  vListInitialise                  
00003123  vListInitialiseItem              
00003133  vListInsertEnd                   
0000316f  vListInsert                      
000031d5  uxListRemove                     
0000321d  _Dscale                          
0000332d  __aeabi_dmul                     
00003429  pxPortInitialiseStack            
00003471  xPortStartScheduler              
00003499  vPortEndScheduler                
0000349b  vPortYieldFromISR                
000034a5  vPortEnterCritical               
000034b5  vPortExitCritical                
000034cd  xPortSysTickHandler              
000034ef  vPortSetupTimerInterrupt         
00003519  GPIOPadConfigSet                 
000035e1  _Dnorm                           
000036a1  main                             
00003741  __aeabi_memcpy                   
00003741  __aeabi_memcpy4                  
00003741  __aeabi_memcpy8                  
00003741  memcpy                           
000037dd  SysCtlPeripheralReset            
00003865  __aeabi_cdcmpeq                  
00003865  __aeabi_cdcmple                  
000038eb  __aeabi_cdrcmple                 
00003971  xPortPendSVHandler               
000039ad  ulPortSetInterruptMask           
000039bb  vPortClearInterruptMask          
000039c1  vPortSVCHandler                  
000039df  vPortStartFirstTask              
000039f1  __aeabi_memclr                   
000039f1  __aeabi_memclr4                  
000039f1  __aeabi_memclr8                  
000039f3  __aeabi_memset                   
000039f3  __aeabi_memset4                  
000039f3  __aeabi_memset8                  
000039f9  memset                           
00003a6d  SysCtlPeripheralPresent          
00003ae5  __TI_auto_init                   
00003bbb  _Dunscale                        
00003c21  sprintf                          
00003c81  SysCtlPeripheralDisable          
00003cd9  SysCtlPeripheralEnable           
00003d31  ltoa                             
00003d89  atoi                             
00003dd5  copy_in                          
00003e21  __aeabi_d2iz                     
00003e69  ldexp                            
00003eaf  SSIConfigSetExpClk               
00003ef5  LEDTask                          
00003f39  C$$EXIT                          
00003f3d  abort                            
00003f45  exit                             
00003f7d  UARTConfigSetExpClk              
00003fbf  __aeabi_uidiv                    
00003fbf  __aeabi_uidivmod                 
00004001  signal                           
00004041  _c_int00                         
0000407d  systemInit                       
000040b5  asmCompute                       
000040ed  IntRegister                      
00004121  feraiseexcept                    
00004155  _Feraise                         
00004185  GPIODirModeSet                   
000041b3  __aeabi_i2d                      
000041e1  raise                            
0000420f  _Dclass                          
00004239  frexp                            
0000425d  SysTickIntRegister               
00004279  UARTDisable                      
00004295  memccpy                          
000042b1  _args_main                       
000042c9  strchr                           
000042e1  SysTickEnable                    
000042f5  SysTickIntEnable                 
00004309  UARTEnable                       
0000431d  _register_unlock                 
00004323  _register_lock                   
0000432b  _nop                             
00004331  strlen                           
00004345  GPIOPinTypeGPIOInput             
00004357  GPIOPinTypeGPIOOutput            
00004369  GPIOPinTypeSSI                   
0000437b  GPIOPinTypeUART                  
0000438d  SSIDataGetNonBlocking            
0000439f  __TI_decompress_none             
000043ad  __TI_zero_init                   
000043b9  ResetISR                         
000043c5  SSIDataPut                       
000043cf  SSIDisable                       
000043d9  SSIEnable                        
000043e3  UARTCharGet                      
000043ed  UARTCharPut                      
000043f7  SSIBusy                          
000043ff  GPIOPinRead                      
00004405  GPIOPinWrite                     
0000440b  SysCtlDelay                      
00004411  __TI_decompress_rle24            
00004417  _system_pre_init                 
000045fc  _ctypes_                         
0000488c  __TI_Handler_Table_Base          
00004898  __TI_Handler_Table_Limit         
000048a8  __TI_CINIT_Base                  
000048c0  __TI_CINIT_Limit                 
20000000  g_pfnRAMVectors                  
20002370  pxReadyTasksLists                
200023c0  xDelayedTaskList1                
200023d4  xDelayedTaskList2                
200023e8  xPendingReadyList                
20002418  pxDelayedTaskList                
2000241c  pxOverflowDelayedTaskList        
20002420  __stack                          
20002620  __STACK_TOP                      
20003420  __STACK_END                      
200034d0  _Denorm                          
200034e0  _Eps                             
200034f0  _Hugeval                         
20003500  _Inf                             
20003510  _Nan                             
20003520  _Snan                            
20003530  _Rteps                           
20003540  _Xbig                            
20003548  _Zero                            
20003550  pxCurrentTCB                     
20003554  uxCurrentNumberOfTasks           
20003558  xTickCount                       
2000355c  uxTopReadyPriority               
20003560  xSchedulerRunning                
20003564  uxPendedTicks                    
20003568  xYieldPending                    
2000356c  xNumOfOverflows                  
20003570  uxTaskNumber                     
20003574  xNextTaskUnblockTime             
20003580  xPortSysTickCount                
2000358c  _lock                            
20003590  _unlock                          
20003594  __TI_cleanup_ptr                 
20003598  __TI_dtors_ptr                   
2000359c  _Fenv                            
200035a0  _Tls_setup__Fenv                 
200035ac  _Errno                           
200035b0  main_func_sp                     
ffffffff  __binit__                        
ffffffff  __c_args__                       
ffffffff  binit                            
UNDEFED   SHT$$INIT_ARRAY$$Base            
UNDEFED   SHT$$INIT_ARRAY$$Limit           

[200 symbols]
