******************************************************************************
                  TI ARM Linker PC v5.2.2                      
******************************************************************************
>> Linked Wed May 04 11:55:23 2016

OUTPUT FILE NAME:   <EECS_388_P5.out>
ENTRY POINT SYMBOL: "_c_int00"  address: 00004995


MEMORY CONFIGURATION

         name            origin    length      used     unused   attr    fill
----------------------  --------  ---------  --------  --------  ----  --------
  FLASH                 00000000   00040000  000052b4  0003ad4c  R  X
  SRAM                  20000000   00010000  000035dc  0000ca24  RW X


SEGMENT ALLOCATION MAP

run origin  load origin   length   init length attrs members
----------  ----------- ---------- ----------- ----- -------
00000000    00000000    000052b8   000052b8    r-x
  00000000    00000000    000000f0   000000f0    r-- .intvecs
  000000f0    000000f0    00004d0a   00004d0a    r-x .text
  00004dfc    00004dfc    0000041a   0000041a    r-- .const
  00005218    00005218    000000a0   000000a0    r-- .cinit
20000000    20000000    000035e0   00000000    rw-
  20000000    20000000    0000026c   00000000    rw- .vtable
  20000270    20000270    000021c0   00000000    rw- .bss
  20002430    20002430    00001000   00000000    rw- .stack
  20003430    20003430    000001b0   00000000    rw- .data


SECTION ALLOCATION MAP

 output                                  attributes/
section   page    origin      length       input sections
--------  ----  ----------  ----------   ----------------
.intvecs   0    00000000    000000f0     
                  00000000    000000f0     lm3s1968_startup_ccs.obj (.intvecs)

.text      0    000000f0    00004d0a     
                  000000f0    0000109a     rtsv7M3_T_le_eabi.lib : _printfi.obj (.text)
                  0000118a    00000002     --HOLE-- [fill = 0]
                  0000118c    00000900     tasks.obj (.text)
                  00001a8c    000006a0     queue.obj (.text)
                  0000212c    00000510     rit128x96x4.obj (.text)
                  0000263c    000004a8     uartstdio.obj (.text)
                  00002ae4    000001f4     rtsv7M3_T_le_eabi.lib : ull_div_t2.obj (.text)
                  00002cd8    000001b6                           : fd_add_t2.obj (.text)
                  00002e8e    00000002     --HOLE-- [fill = 0]
                  00002e90    000001b4     heap_2.obj (.text)
                  00003044    00000198     driverlib-cm3.lib : sysctl.obj (.text:SysCtlClockGet)
                  000031dc    00000194     oled.obj (.text)
                  00003370    00000144     driverlib-cm3.lib : sysctl.obj (.text:SysCtlClockSet)
                  000034b4    00000136     rtsv7M3_T_le_eabi.lib : fd_div_t2.obj (.text)
                  000035ea    0000012a     list.obj (.text)
                  00003714    00000128     main.obj (.text)
                  0000383c    00000110     rtsv7M3_T_le_eabi.lib : xdscale.obj (.text)
                  0000394c    00000100     capacitor.obj (.text)
                  00003a4c    000000fc     rtsv7M3_T_le_eabi.lib : fd_mul_t2.obj (.text)
                  00003b48    000000f0     port.obj (.text)
                  00003c38    000000e0     buttons.obj (.text)
                  00003d18    000000c8     driverlib-cm3.lib : gpio.obj (.text:GPIOPadConfigSet)
                  00003de0    000000c0     potentiometer.obj (.text)
                  00003ea0    000000be     rtsv7M3_T_le_eabi.lib : xdnorm.obj (.text)
                  00003f5e    0000009c                           : memcpy_t2.obj (.text)
                  00003ffa    00000002     --HOLE-- [fill = 0]
                  00003ffc    00000088     driverlib-cm3.lib : sysctl.obj (.text:SysCtlPeripheralReset)
                  00004084    00000086     rtsv7M3_T_le_eabi.lib : fd_cmp_t2.obj (.text:__aeabi_cdcmple)
                  0000410a    00000086                           : fd_cmp_t2.obj (.text:__aeabi_cdrcmple)
                  00004190    00000084     uartSend.obj (.text)
                  00004214    00000080     portasm.obj (.text)
                  00004294    0000007a     rtsv7M3_T_le_eabi.lib : memset_t2.obj (.text)
                  0000430e    00000002     --HOLE-- [fill = 0]
                  00004310    00000078     driverlib-cm3.lib : sysctl.obj (.text:SysCtlPeripheralPresent)
                  00004388    0000006c                       : adc.obj (.text:ADCSequenceStepConfigure)
                  000043f4    0000006c     rtsv7M3_T_le_eabi.lib : autoinit.obj (.text)
                  00004460    0000006a                           : copy_decompress_rle.obj (.text)
                  000044ca    00000066                           : xdunscal.obj (.text)
                  00004530    00000060                           : sprintf.obj (.text)
                  00004590    00000058     driverlib-cm3.lib : sysctl.obj (.text:SysCtlPeripheralDisable)
                  000045e8    00000058                       : sysctl.obj (.text:SysCtlPeripheralEnable)
                  00004640    00000056     rtsv7M3_T_le_eabi.lib : ltoa.obj (.text)
                  00004696    00000002     --HOLE-- [fill = 0]
                  00004698    0000004c                           : atoi.obj (.text)
                  000046e4    0000004c                           : cpy_tbl.obj (.text)
                  00004730    00000048                           : fd_toi_t2.obj (.text)
                  00004778    00000046                           : ldexp.obj (.text)
                  000047be    00000044     driverlib-cm3.lib : ssi.obj (.text:SSIConfigSetExpClk)
                  00004802    00000002     --HOLE-- [fill = 0]
                  00004804    00000044     led.obj (.text)
                  00004848    00000044     rtsv7M3_T_le_eabi.lib : exit.obj (.text)
                  0000488c    00000044                           : fd_tou_t2.obj (.text)
                  000048d0    00000042     driverlib-cm3.lib : uart.obj (.text:UARTConfigSetExpClk)
                  00004912    00000042     rtsv7M3_T_le_eabi.lib : u_divt2.obj (.text)
                  00004954    00000040                           : signal.obj (.text)
                  00004994    0000003c                           : boot.obj (.text)
                  000049d0    00000038     system.obj (.text)
                  00004a08    00000034     driverlib-cm3.lib : interrupt.obj (.text:IntRegister)
                  00004a3c    00000034     rtsv7M3_T_le_eabi.lib : feraiseexcept.obj (.text)
                  00004a70    00000030                           : xferaise.obj (.text)
                  00004aa0    0000002e     driverlib-cm3.lib : adc.obj (.text:ADCIntStatus)
                  00004ace    0000002e                       : gpio.obj (.text:GPIODirModeSet)
                  00004afc    0000002e     rtsv7M3_T_le_eabi.lib : i_tofd_t2.obj (.text)
                  00004b2a    0000002e                           : raise.obj (.text)
                  00004b58    0000002a     driverlib-cm3.lib : adc.obj (.text:ADCSequenceConfigure)
                  00004b82    0000002a     rtsv7M3_T_le_eabi.lib : xdclass.obj (.text)
                  00004bac    00000022                           : frexp.obj (.text)
                  00004bce    00000020     driverlib-cm3.lib : adc.obj (.text:ADCSequenceDataGet)
                  00004bee    00000020     rtsv7M3_T_le_eabi.lib : u_tofd_t2.obj (.text)
                  00004c0e    00000002     --HOLE-- [fill = 0]
                  00004c10    0000001c     driverlib-cm3.lib : systick.obj (.text:SysTickIntRegister)
                  00004c2c    0000001c                       : uart.obj (.text:UARTDisable)
                  00004c48    0000001a     rtsv7M3_T_le_eabi.lib : memccpy.obj (.text)
                  00004c62    00000002     --HOLE-- [fill = 0]
                  00004c64    00000018                           : args_main.obj (.text)
                  00004c7c    00000016     driverlib-cm3.lib : adc.obj (.text:ADCProcessorTrigger)
                  00004c92    00000016     rtsv7M3_T_le_eabi.lib : strchr.obj (.text)
                  00004ca8    00000014     driverlib-cm3.lib : systick.obj (.text:SysTickEnable)
                  00004cbc    00000014                       : systick.obj (.text:SysTickIntEnable)
                  00004cd0    00000014                       : uart.obj (.text:UARTEnable)
                  00004ce4    00000014     rtsv7M3_T_le_eabi.lib : _lock.obj (.text)
                  00004cf8    00000014                           : strlen.obj (.text)
                  00004d0c    00000012     driverlib-cm3.lib : gpio.obj (.text:GPIOPinTypeGPIOInput)
                  00004d1e    00000012                       : gpio.obj (.text:GPIOPinTypeGPIOOutput)
                  00004d30    00000012                       : gpio.obj (.text:GPIOPinTypeSSI)
                  00004d42    00000012                       : gpio.obj (.text:GPIOPinTypeUART)
                  00004d54    00000012                       : ssi.obj (.text:SSIDataGetNonBlocking)
                  00004d66    0000000e                       : adc.obj (.text:ADCSequenceEnable)
                  00004d74    0000000e     rtsv7M3_T_le_eabi.lib : copy_decompress_none.obj (.text:decompress:none)
                  00004d82    0000000c                           : copy_zero_init.obj (.text:decompress:ZI)
                  00004d8e    0000000c     lm3s1968_startup_ccs.obj (.text)
                  00004d9a    0000000a     driverlib-cm3.lib : adc.obj (.text:ADCIntClear)
                  00004da4    0000000a                       : ssi.obj (.text:SSIDataPut)
                  00004dae    0000000a                       : ssi.obj (.text:SSIDisable)
                  00004db8    0000000a                       : ssi.obj (.text:SSIEnable)
                  00004dc2    0000000a                       : uart.obj (.text:UARTCharGet)
                  00004dcc    0000000a                       : uart.obj (.text:UARTCharPut)
                  00004dd6    00000008                       : ssi.obj (.text:SSIBusy)
                  00004dde    00000006                       : gpio.obj (.text:GPIOPinRead)
                  00004de4    00000006                       : gpio.obj (.text:GPIOPinWrite)
                  00004dea    00000006                       : sysctl.obj (.text:SysCtlDelay)
                  00004df0    00000006     rtsv7M3_T_le_eabi.lib : copy_decompress_rle.obj (.text:decompress:rle24)
                  00004df6    00000004                           : pre_init.obj (.text)

.const     0    00004dfc    0000041a     
                  00004dfc    000001e0     rit128x96x4.obj (.const:g_pucFont)
                  00004fdc    00000101     rtsv7M3_T_le_eabi.lib : ctype.obj (.const:.string:_ctypes_)
                  000050dd    00000001     --HOLE-- [fill = 0]
                  000050de    00000002     heap_2.obj (.const)
                  000050e0    0000006c     driverlib-cm3.lib : sysctl.obj (.const:g_pulXtals)
                  0000514c    0000004f     rit128x96x4.obj (.const:.string:g_pucRIT128x96x4Init)
                  0000519b    00000001     --HOLE-- [fill = 0]
                  0000519c    00000040     driverlib-cm3.lib : sysctl.obj (.const)
                  000051dc    0000001c     uartstdio.obj (.const)
                  000051f8    00000012     uartstdio.obj (.const:.string)
                  0000520a    0000000c     rit128x96x4.obj (.const:.string)

.cinit     0    00005218    000000a0     
                  00005218    00000067     (.cinit..data.load) [load image, compression = rle]
                  0000527f    00000001     --HOLE-- [fill = 0]
                  00005280    0000000c     (__TI_handler_table)
                  0000528c    00000004     --HOLE-- [fill = 0]
                  00005290    00000008     (.cinit..bss.load) [load image, compression = zero_init]
                  00005298    00000008     (.cinit..vtable.load) [load image, compression = zero_init]
                  000052a0    00000018     (__TI_cinit_table)

.init_array 
*          0    00000000    00000000     UNINITIALIZED

.vtable    0    20000000    0000026c     UNINITIALIZED
                  20000000    0000026c     driverlib-cm3.lib : interrupt.obj (.vtable)

.bss       0    20000270    000021c0     UNINITIALIZED
                  20000270    00002000     heap_2.obj (.bss:xHeap)
                  20002270    00000100     lm3s1968_startup_ccs.obj (.bss:pulStack)
                  20002370    00000050     tasks.obj (.bss:pxReadyTasksLists)
                  200023c0    00000014     (.common:xDelayedTaskList1)
                  200023d4    00000014     (.common:xDelayedTaskList2)
                  200023e8    00000014     (.common:xPendingReadyList)
                  200023fc    00000008     (.common:g_pucBuffer)
                  20002404    00000008     (.common:xEnd)
                  2000240c    00000008     (.common:xStart)
                  20002414    00000004     (.common:UART_trigger)
                  20002418    00000004     (.common:g_ulSSIFlags)
                  2000241c    00000004     (.common:pxDelayedTaskList)
                  20002420    00000004     (.common:pxOverflowDelayedTaskList)
                  20002424    00000004     (.common:queue)
                  20002428    00000004     (.common:queue1)
                  2000242c    00000004     (.common:trigger2)

.TI.noinit 
*          0    20000270    00000000     UNINITIALIZED

.stack     0    20002430    00001000     UNINITIALIZED
                  20002430    00001000     --HOLE--

.data      0    20003430    000001b0     UNINITIALIZED
                  20003430    000000b0     rtsv7M3_T_le_eabi.lib : signal.obj (.data:sigtable)
                  200034e0    00000080                           : xvalues.obj (.data)
                  20003560    0000002c     tasks.obj (.data)
                  2000358c    00000018     buttons.obj (.data)
                  200035a4    00000008     port.obj (.data)
                  200035ac    00000008     heap_2.obj (.data)
                  200035b4    00000008     rtsv7M3_T_le_eabi.lib : _lock.obj (.data)
                  200035bc    00000008                           : exit.obj (.data)
                  200035c4    00000008                           : feraiseexcept.obj (.data)
                  200035cc    00000005     uartstdio.obj (.data)
                  200035d1    00000003     --HOLE--
                  200035d4    00000004     potentiometer.obj (.data)
                  200035d8    00000004     rtsv7M3_T_le_eabi.lib : errno.obj (.data)
                  200035dc    00000004                           : stkdepth_vars.obj (.data)

.TI.persistent 
*          0    20003430    00000000     UNINITIALIZED


LINKER GENERATED COPY TABLES

__TI_cinit_table @ 000052a0 records: 3, size/record: 8, table size: 24
	.data: load addr=00005218, load size=00000067 bytes, run addr=20003430, run size=000001b0 bytes, compression=rle
	.bss: load addr=00005290, load size=00000008 bytes, run addr=20000270, run size=000021c0 bytes, compression=zero_init
	.vtable: load addr=00005298, load size=00000008 bytes, run addr=20000000, run size=0000026c bytes, compression=zero_init


LINKER GENERATED HANDLER TABLE

__TI_handler_table @ 00005280 records: 3, size/record: 4, table size: 12
	index: 0, handler: __TI_zero_init
	index: 1, handler: __TI_decompress_rle24
	index: 2, handler: __TI_decompress_none


GLOBAL SYMBOLS: SORTED ALPHABETICALLY BY Name 

address   name                             
-------   ----                             
00004d9b  ADCIntClear                      
00004aa1  ADCIntStatus                     
00004c7d  ADCProcessorTrigger              
00004b59  ADCSequenceConfigure             
00004bcf  ADCSequenceDataGet               
00004d67  ADCSequenceEnable                
00004389  ADCSequenceStepConfigure         
00003c39  BUTTONSTask                      
00004849  C$$EXIT                          
0000394d  CAPACITORTask                    
00004acf  GPIODirModeSet                   
00003d19  GPIOPadConfigSet                 
00004ddf  GPIOPinRead                      
00004d0d  GPIOPinTypeGPIOInput             
00004d1f  GPIOPinTypeGPIOOutput            
00004d31  GPIOPinTypeSSI                   
00004d43  GPIOPinTypeUART                  
00004de5  GPIOPinWrite                     
00004a09  IntRegister                      
00004805  LEDTask                          
000032e5  OLEDTask                         
00003de1  POTENTIOMETERTask                
00002235  RIT128x96x4Clear                 
000024b3  RIT128x96x4Disable               
00002605  RIT128x96x4DisplayOff            
000025d1  RIT128x96x4DisplayOn             
00002459  RIT128x96x4Enable                
000023d1  RIT128x96x4ImageDraw             
0000252d  RIT128x96x4Init                  
00002291  RIT128x96x4StringDraw            
00004d8f  ResetISR                         
UNDEFED   SHT$$INIT_ARRAY$$Base            
UNDEFED   SHT$$INIT_ARRAY$$Limit           
00004dd7  SSIBusy                          
000047bf  SSIConfigSetExpClk               
00004d55  SSIDataGetNonBlocking            
00004da5  SSIDataPut                       
00004daf  SSIDisable                       
00004db9  SSIEnable                        
00003045  SysCtlClockGet                   
00003371  SysCtlClockSet                   
00004deb  SysCtlDelay                      
00004591  SysCtlPeripheralDisable          
000045e9  SysCtlPeripheralEnable           
00004311  SysCtlPeripheralPresent          
00003ffd  SysCtlPeripheralReset            
00004ca9  SysTickEnable                    
00004cbd  SysTickIntEnable                 
00004c11  SysTickIntRegister               
00004dc3  UARTCharGet                      
00004dcd  UARTCharPut                      
000048d1  UARTConfigSetExpClk              
00004c2d  UARTDisable                      
00004cd1  UARTEnable                       
0000263d  UARTStdioConfig                  
00002683  UARTStdioInit                    
00002699  UARTStdioInitExpClk              
00004191  UARTTask                         
20002414  UART_trigger                     
000027ad  UARTgetc                         
000026f5  UARTgets                         
000027d5  UARTprintf                       
000026af  UARTwrite                        
00004b83  _Dclass                          
200034e0  _Denorm                          
00003ea1  _Dnorm                           
0000383d  _Dscale                          
000044cb  _Dunscale                        
200034f0  _Eps                             
200035d8  _Errno                           
200035c4  _Fenv                            
00004a71  _Feraise                         
20003500  _Hugeval                         
20003510  _Inf                             
20003520  _Nan                             
20003540  _Rteps                           
20003530  _Snan                            
200035c8  _Tls_setup__Fenv                 
20003550  _Xbig                            
20003558  _Zero                            
20003430  __STACK_END                      
00001000  __STACK_SIZE                     
20002630  __STACK_TOP                      
000052a0  __TI_CINIT_Base                  
000052b8  __TI_CINIT_Limit                 
00005280  __TI_Handler_Table_Base          
0000528c  __TI_Handler_Table_Limit         
000043f5  __TI_auto_init                   
200035bc  __TI_cleanup_ptr                 
00004d75  __TI_decompress_none             
00004df1  __TI_decompress_rle24            
200035c0  __TI_dtors_ptr                   
00000e85  __TI_printfi                     
00000000  __TI_static_base__               
00004d83  __TI_zero_init                   
00004085  __aeabi_cdcmpeq                  
00004085  __aeabi_cdcmple                  
0000410b  __aeabi_cdrcmple                 
00004731  __aeabi_d2iz                     
0000488d  __aeabi_d2uiz                    
00002ce3  __aeabi_dadd                     
000034b5  __aeabi_ddiv                     
00003a4d  __aeabi_dmul                     
00002cd9  __aeabi_dsub                     
00004afd  __aeabi_i2d                      
00004295  __aeabi_memclr                   
00004295  __aeabi_memclr4                  
00004295  __aeabi_memclr8                  
00003f5f  __aeabi_memcpy                   
00003f5f  __aeabi_memcpy4                  
00003f5f  __aeabi_memcpy8                  
00004297  __aeabi_memset                   
00004297  __aeabi_memset4                  
00004297  __aeabi_memset8                  
00004bef  __aeabi_ui2d                     
00004913  __aeabi_uidiv                    
00004913  __aeabi_uidivmod                 
00002ae5  __aeabi_uldivmod                 
ffffffff  __binit__                        
ffffffff  __c_args__                       
20002430  __stack                          
00004c65  _args_main                       
00004995  _c_int00                         
00004fdc  _ctypes_                         
200035b4  _lock                            
00004cf3  _nop                             
00004ceb  _register_lock                   
00004ce5  _register_unlock                 
00004df7  _system_pre_init                 
200035b8  _unlock                          
0000484d  abort                            
00004699  atoi                             
ffffffff  binit                            
20003594  buttons1                         
20003598  buttons2                         
200035a0  cap_trigger                      
000046e5  copy_in                          
00004855  exit                             
00004a3d  feraiseexcept                    
00004bad  frexp                            
20000000  g_pfnRAMVectors                  
00000000  g_pfnVectors                     
00004779  ldexp                            
00004641  ltoa                             
00003715  main                             
200035dc  main_func_sp                     
00004c49  memccpy                          
00003f5f  memcpy                           
0000429d  memset                           
00002e91  pvPortMalloc                     
20003560  pxCurrentTCB                     
2000241c  pxDelayedTaskList                
20002420  pxOverflowDelayedTaskList        
00003b49  pxPortInitialiseStack            
20002370  pxReadyTasksLists                
20002424  queue                            
20002428  queue1                           
00004b2b  raise                            
00004955  signal                           
00004531  sprintf                          
000031dd  startScreen                      
00004c93  strchr                           
00004cf9  strlen                           
000049d1  systemInit                       
2000242c  trigger2                         
00004251  ulPortSetInterruptMask           
200035d4  ulValue                          
20003564  uxCurrentNumberOfTasks           
000036cd  uxListRemove                     
20003574  uxPendedTicks                    
00001ee1  uxQueueMessagesWaiting           
00001f17  uxQueueMessagesWaitingFromISR    
00001ef7  uxQueueSpacesAvailable           
000014d5  uxTaskGetNumberOfTasks           
20003580  uxTaskNumber                     
00001a47  uxTaskResetEventItemValue        
2000356c  uxTopReadyPriority               
000035eb  vListInitialise                  
0000361b  vListInitialiseItem              
00003667  vListInsert                      
0000362b  vListInsertEnd                   
0000425f  vPortClearInterruptMask          
00003bb9  vPortEndScheduler                
00003bc5  vPortEnterCritical               
00003bd5  vPortExitCritical                
00002fb9  vPortFree                        
00003021  vPortInitialiseBlocks            
00004265  vPortSVCHandler                  
00003c0f  vPortSetupTimerInterrupt         
00004283  vPortStartFirstTask              
00003bbb  vPortYieldFromISR                
00001f29  vQueueDelete                     
00001323  vTaskDelay                       
00001297  vTaskDelayUntil                  
000013a9  vTaskEndScheduler                
0000189f  vTaskMissedYield                 
00001685  vTaskPlaceOnEventList            
000016c5  vTaskPlaceOnUnorderedEventList   
0000180f  vTaskSetTimeOutState             
00001363  vTaskStartScheduler              
000013bb  vTaskSuspendAll                  
00001601  vTaskSwitchContext               
200023c0  xDelayedTaskList1                
200023d4  xDelayedTaskList2                
20003584  xNextTaskUnblockTime             
2000357c  xNumOfOverflows                  
200023e8  xPendingReadyList                
0000301b  xPortGetFreeHeapSize             
00004215  xPortPendSVHandler               
00003b91  xPortStartScheduler              
200035a8  xPortSysTickCount                
00003bed  xPortSysTickHandler              
00001b1d  xQueueGenericCreate              
00001d09  xQueueGenericReceive             
00001a8d  xQueueGenericReset               
00001b81  xQueueGenericSend                
00001c7f  xQueueGenericSendFromISR         
000020c9  xQueueIsQueueEmptyFromISR        
0000210b  xQueueIsQueueFullFromISR         
00001e9d  xQueuePeekFromISR                
00001e25  xQueueReceiveFromISR             
20003570  xSchedulerRunning                
00001835  xTaskCheckForTimeOut             
0000118d  xTaskGenericCreate               
000014a1  xTaskGetTickCount                
000014bd  xTaskGetTickCountFromISR         
000014e1  xTaskIncrementTick               
0000170b  xTaskRemoveFromEventList         
00001799  xTaskRemoveFromUnorderedEventList
000013c5  xTaskResumeAll                   
20003568  xTickCount                       
20003578  xYieldPending                    


GLOBAL SYMBOLS: SORTED BY Symbol Address 

address   name                             
-------   ----                             
00000000  __TI_static_base__               
00000000  g_pfnVectors                     
00000e85  __TI_printfi                     
00001000  __STACK_SIZE                     
0000118d  xTaskGenericCreate               
00001297  vTaskDelayUntil                  
00001323  vTaskDelay                       
00001363  vTaskStartScheduler              
000013a9  vTaskEndScheduler                
000013bb  vTaskSuspendAll                  
000013c5  xTaskResumeAll                   
000014a1  xTaskGetTickCount                
000014bd  xTaskGetTickCountFromISR         
000014d5  uxTaskGetNumberOfTasks           
000014e1  xTaskIncrementTick               
00001601  vTaskSwitchContext               
00001685  vTaskPlaceOnEventList            
000016c5  vTaskPlaceOnUnorderedEventList   
0000170b  xTaskRemoveFromEventList         
00001799  xTaskRemoveFromUnorderedEventList
0000180f  vTaskSetTimeOutState             
00001835  xTaskCheckForTimeOut             
0000189f  vTaskMissedYield                 
00001a47  uxTaskResetEventItemValue        
00001a8d  xQueueGenericReset               
00001b1d  xQueueGenericCreate              
00001b81  xQueueGenericSend                
00001c7f  xQueueGenericSendFromISR         
00001d09  xQueueGenericReceive             
00001e25  xQueueReceiveFromISR             
00001e9d  xQueuePeekFromISR                
00001ee1  uxQueueMessagesWaiting           
00001ef7  uxQueueSpacesAvailable           
00001f17  uxQueueMessagesWaitingFromISR    
00001f29  vQueueDelete                     
000020c9  xQueueIsQueueEmptyFromISR        
0000210b  xQueueIsQueueFullFromISR         
00002235  RIT128x96x4Clear                 
00002291  RIT128x96x4StringDraw            
000023d1  RIT128x96x4ImageDraw             
00002459  RIT128x96x4Enable                
000024b3  RIT128x96x4Disable               
0000252d  RIT128x96x4Init                  
000025d1  RIT128x96x4DisplayOn             
00002605  RIT128x96x4DisplayOff            
0000263d  UARTStdioConfig                  
00002683  UARTStdioInit                    
00002699  UARTStdioInitExpClk              
000026af  UARTwrite                        
000026f5  UARTgets                         
000027ad  UARTgetc                         
000027d5  UARTprintf                       
00002ae5  __aeabi_uldivmod                 
00002cd9  __aeabi_dsub                     
00002ce3  __aeabi_dadd                     
00002e91  pvPortMalloc                     
00002fb9  vPortFree                        
0000301b  xPortGetFreeHeapSize             
00003021  vPortInitialiseBlocks            
00003045  SysCtlClockGet                   
000031dd  startScreen                      
000032e5  OLEDTask                         
00003371  SysCtlClockSet                   
000034b5  __aeabi_ddiv                     
000035eb  vListInitialise                  
0000361b  vListInitialiseItem              
0000362b  vListInsertEnd                   
00003667  vListInsert                      
000036cd  uxListRemove                     
00003715  main                             
0000383d  _Dscale                          
0000394d  CAPACITORTask                    
00003a4d  __aeabi_dmul                     
00003b49  pxPortInitialiseStack            
00003b91  xPortStartScheduler              
00003bb9  vPortEndScheduler                
00003bbb  vPortYieldFromISR                
00003bc5  vPortEnterCritical               
00003bd5  vPortExitCritical                
00003bed  xPortSysTickHandler              
00003c0f  vPortSetupTimerInterrupt         
00003c39  BUTTONSTask                      
00003d19  GPIOPadConfigSet                 
00003de1  POTENTIOMETERTask                
00003ea1  _Dnorm                           
00003f5f  __aeabi_memcpy                   
00003f5f  __aeabi_memcpy4                  
00003f5f  __aeabi_memcpy8                  
00003f5f  memcpy                           
00003ffd  SysCtlPeripheralReset            
00004085  __aeabi_cdcmpeq                  
00004085  __aeabi_cdcmple                  
0000410b  __aeabi_cdrcmple                 
00004191  UARTTask                         
00004215  xPortPendSVHandler               
00004251  ulPortSetInterruptMask           
0000425f  vPortClearInterruptMask          
00004265  vPortSVCHandler                  
00004283  vPortStartFirstTask              
00004295  __aeabi_memclr                   
00004295  __aeabi_memclr4                  
00004295  __aeabi_memclr8                  
00004297  __aeabi_memset                   
00004297  __aeabi_memset4                  
00004297  __aeabi_memset8                  
0000429d  memset                           
00004311  SysCtlPeripheralPresent          
00004389  ADCSequenceStepConfigure         
000043f5  __TI_auto_init                   
000044cb  _Dunscale                        
00004531  sprintf                          
00004591  SysCtlPeripheralDisable          
000045e9  SysCtlPeripheralEnable           
00004641  ltoa                             
00004699  atoi                             
000046e5  copy_in                          
00004731  __aeabi_d2iz                     
00004779  ldexp                            
000047bf  SSIConfigSetExpClk               
00004805  LEDTask                          
00004849  C$$EXIT                          
0000484d  abort                            
00004855  exit                             
0000488d  __aeabi_d2uiz                    
000048d1  UARTConfigSetExpClk              
00004913  __aeabi_uidiv                    
00004913  __aeabi_uidivmod                 
00004955  signal                           
00004995  _c_int00                         
000049d1  systemInit                       
00004a09  IntRegister                      
00004a3d  feraiseexcept                    
00004a71  _Feraise                         
00004aa1  ADCIntStatus                     
00004acf  GPIODirModeSet                   
00004afd  __aeabi_i2d                      
00004b2b  raise                            
00004b59  ADCSequenceConfigure             
00004b83  _Dclass                          
00004bad  frexp                            
00004bcf  ADCSequenceDataGet               
00004bef  __aeabi_ui2d                     
00004c11  SysTickIntRegister               
00004c2d  UARTDisable                      
00004c49  memccpy                          
00004c65  _args_main                       
00004c7d  ADCProcessorTrigger              
00004c93  strchr                           
00004ca9  SysTickEnable                    
00004cbd  SysTickIntEnable                 
00004cd1  UARTEnable                       
00004ce5  _register_unlock                 
00004ceb  _register_lock                   
00004cf3  _nop                             
00004cf9  strlen                           
00004d0d  GPIOPinTypeGPIOInput             
00004d1f  GPIOPinTypeGPIOOutput            
00004d31  GPIOPinTypeSSI                   
00004d43  GPIOPinTypeUART                  
00004d55  SSIDataGetNonBlocking            
00004d67  ADCSequenceEnable                
00004d75  __TI_decompress_none             
00004d83  __TI_zero_init                   
00004d8f  ResetISR                         
00004d9b  ADCIntClear                      
00004da5  SSIDataPut                       
00004daf  SSIDisable                       
00004db9  SSIEnable                        
00004dc3  UARTCharGet                      
00004dcd  UARTCharPut                      
00004dd7  SSIBusy                          
00004ddf  GPIOPinRead                      
00004de5  GPIOPinWrite                     
00004deb  SysCtlDelay                      
00004df1  __TI_decompress_rle24            
00004df7  _system_pre_init                 
00004fdc  _ctypes_                         
00005280  __TI_Handler_Table_Base          
0000528c  __TI_Handler_Table_Limit         
000052a0  __TI_CINIT_Base                  
000052b8  __TI_CINIT_Limit                 
20000000  g_pfnRAMVectors                  
20002370  pxReadyTasksLists                
200023c0  xDelayedTaskList1                
200023d4  xDelayedTaskList2                
200023e8  xPendingReadyList                
20002414  UART_trigger                     
2000241c  pxDelayedTaskList                
20002420  pxOverflowDelayedTaskList        
20002424  queue                            
20002428  queue1                           
2000242c  trigger2                         
20002430  __stack                          
20002630  __STACK_TOP                      
20003430  __STACK_END                      
200034e0  _Denorm                          
200034f0  _Eps                             
20003500  _Hugeval                         
20003510  _Inf                             
20003520  _Nan                             
20003530  _Snan                            
20003540  _Rteps                           
20003550  _Xbig                            
20003558  _Zero                            
20003560  pxCurrentTCB                     
20003564  uxCurrentNumberOfTasks           
20003568  xTickCount                       
2000356c  uxTopReadyPriority               
20003570  xSchedulerRunning                
20003574  uxPendedTicks                    
20003578  xYieldPending                    
2000357c  xNumOfOverflows                  
20003580  uxTaskNumber                     
20003584  xNextTaskUnblockTime             
20003594  buttons1                         
20003598  buttons2                         
200035a0  cap_trigger                      
200035a8  xPortSysTickCount                
200035b4  _lock                            
200035b8  _unlock                          
200035bc  __TI_cleanup_ptr                 
200035c0  __TI_dtors_ptr                   
200035c4  _Fenv                            
200035c8  _Tls_setup__Fenv                 
200035d4  ulValue                          
200035d8  _Errno                           
200035dc  main_func_sp                     
ffffffff  __binit__                        
ffffffff  __c_args__                       
ffffffff  binit                            
UNDEFED   SHT$$INIT_ARRAY$$Base            
UNDEFED   SHT$$INIT_ARRAY$$Limit           

[232 symbols]
