<?xml version="1.0"?>
<link_info>
   <banner>TI ARM Linker PC v5.2.2</banner>
   <copyright>Copyright (c) 1996-2015 Texas Instruments Incorporated</copyright>
   <link_time>0x56bbb242</link_time>
   <link_errors>0x0</link_errors>
   <output_file>EECS_388_P1.out</output_file>
   <entry_point>
      <name>_c_int00</name>
      <address>0x2c5d</address>
   </entry_point>
   <input_file_list>
      <input_file id="fl-2">
         <path>.\</path>
         <kind>object</kind>
         <file>main.obj</file>
         <name>main.obj</name>
      </input_file>
      <input_file id="fl-3">
         <path>.\targetConfigs\</path>
         <kind>object</kind>
         <file>lm3s1968_startup_ccs.obj</file>
         <name>lm3s1968_startup_ccs.obj</name>
      </input_file>
      <input_file id="fl-4">
         <path>.\src\</path>
         <kind>object</kind>
         <file>led.obj</file>
         <name>led.obj</name>
      </input_file>
      <input_file id="fl-5">
         <path>.\src\</path>
         <kind>object</kind>
         <file>oled.obj</file>
         <name>oled.obj</name>
      </input_file>
      <input_file id="fl-6">
         <path>.\src\</path>
         <kind>object</kind>
         <file>speaker.obj</file>
         <name>speaker.obj</name>
      </input_file>
      <input_file id="fl-7">
         <path>.\src\</path>
         <kind>object</kind>
         <file>system.obj</file>
         <name>system.obj</name>
      </input_file>
      <input_file id="fl-8">
         <path>.\OLED_Driver\</path>
         <kind>object</kind>
         <file>rit128x96x4.obj</file>
         <name>rit128x96x4.obj</name>
      </input_file>
      <input_file id="fl-12f">
         <path>C:\TI_CodeComposer\ccsv6\tools\compiler\ti-cgt-arm_5.2.2\lib\</path>
         <kind>archive</kind>
         <file>rtsv7M3_T_le_eabi.lib</file>
         <name>boot.obj</name>
      </input_file>
      <input_file id="fl-130">
         <path>C:\TI_CodeComposer\ccsv6\tools\compiler\ti-cgt-arm_5.2.2\lib\</path>
         <kind>archive</kind>
         <file>rtsv7M3_T_le_eabi.lib</file>
         <name>copy_decompress_none.obj</name>
      </input_file>
      <input_file id="fl-131">
         <path>C:\TI_CodeComposer\ccsv6\tools\compiler\ti-cgt-arm_5.2.2\lib\</path>
         <kind>archive</kind>
         <file>rtsv7M3_T_le_eabi.lib</file>
         <name>copy_decompress_rle.obj</name>
      </input_file>
      <input_file id="fl-132">
         <path>C:\TI_CodeComposer\ccsv6\tools\compiler\ti-cgt-arm_5.2.2\lib\</path>
         <kind>archive</kind>
         <file>rtsv7M3_T_le_eabi.lib</file>
         <name>copy_zero_init.obj</name>
      </input_file>
      <input_file id="fl-133">
         <path>C:\TI_CodeComposer\ccsv6\tools\compiler\ti-cgt-arm_5.2.2\lib\</path>
         <kind>archive</kind>
         <file>rtsv7M3_T_le_eabi.lib</file>
         <name>exit.obj</name>
      </input_file>
      <input_file id="fl-134">
         <path>C:\TI_CodeComposer\ccsv6\tools\compiler\ti-cgt-arm_5.2.2\lib\</path>
         <kind>archive</kind>
         <file>rtsv7M3_T_le_eabi.lib</file>
         <name>fd_div_t2.obj</name>
      </input_file>
      <input_file id="fl-135">
         <path>C:\TI_CodeComposer\ccsv6\tools\compiler\ti-cgt-arm_5.2.2\lib\</path>
         <kind>archive</kind>
         <file>rtsv7M3_T_le_eabi.lib</file>
         <name>fd_tou_t2.obj</name>
      </input_file>
      <input_file id="fl-136">
         <path>C:\TI_CodeComposer\ccsv6\tools\compiler\ti-cgt-arm_5.2.2\lib\</path>
         <kind>archive</kind>
         <file>rtsv7M3_T_le_eabi.lib</file>
         <name>memcpy_t2.obj</name>
      </input_file>
      <input_file id="fl-137">
         <path>C:\TI_CodeComposer\ccsv6\tools\compiler\ti-cgt-arm_5.2.2\lib\</path>
         <kind>archive</kind>
         <file>rtsv7M3_T_le_eabi.lib</file>
         <name>memset_t2.obj</name>
      </input_file>
      <input_file id="fl-138">
         <path>C:\TI_CodeComposer\ccsv6\tools\compiler\ti-cgt-arm_5.2.2\lib\</path>
         <kind>archive</kind>
         <file>rtsv7M3_T_le_eabi.lib</file>
         <name>pre_init.obj</name>
      </input_file>
      <input_file id="fl-139">
         <path>C:\TI_CodeComposer\ccsv6\tools\compiler\ti-cgt-arm_5.2.2\lib\</path>
         <kind>archive</kind>
         <file>rtsv7M3_T_le_eabi.lib</file>
         <name>sprintf.obj</name>
      </input_file>
      <input_file id="fl-13a">
         <path>C:\TI_CodeComposer\ccsv6\tools\compiler\ti-cgt-arm_5.2.2\lib\</path>
         <kind>archive</kind>
         <file>rtsv7M3_T_le_eabi.lib</file>
         <name>stkdepth_vars.obj</name>
      </input_file>
      <input_file id="fl-13b">
         <path>C:\TI_CodeComposer\ccsv6\tools\compiler\ti-cgt-arm_5.2.2\lib\</path>
         <kind>archive</kind>
         <file>rtsv7M3_T_le_eabi.lib</file>
         <name>u_tofd_t2.obj</name>
      </input_file>
      <input_file id="fl-13c">
         <path>C:\TI_CodeComposer\ccsv6\tools\compiler\ti-cgt-arm_5.2.2\lib\</path>
         <kind>archive</kind>
         <file>rtsv7M3_T_le_eabi.lib</file>
         <name>_lock.obj</name>
      </input_file>
      <input_file id="fl-13d">
         <path>C:\TI_CodeComposer\ccsv6\tools\compiler\ti-cgt-arm_5.2.2\lib\</path>
         <kind>archive</kind>
         <file>rtsv7M3_T_le_eabi.lib</file>
         <name>_printfi.obj</name>
      </input_file>
      <input_file id="fl-13e">
         <path>C:\TI_CodeComposer\ccsv6\tools\compiler\ti-cgt-arm_5.2.2\lib\</path>
         <kind>archive</kind>
         <file>rtsv7M3_T_le_eabi.lib</file>
         <name>args_main.obj</name>
      </input_file>
      <input_file id="fl-13f">
         <path>C:\TI_CodeComposer\ccsv6\tools\compiler\ti-cgt-arm_5.2.2\lib\</path>
         <kind>archive</kind>
         <file>rtsv7M3_T_le_eabi.lib</file>
         <name>atoi.obj</name>
      </input_file>
      <input_file id="fl-140">
         <path>C:\TI_CodeComposer\ccsv6\tools\compiler\ti-cgt-arm_5.2.2\lib\</path>
         <kind>archive</kind>
         <file>rtsv7M3_T_le_eabi.lib</file>
         <name>autoinit.obj</name>
      </input_file>
      <input_file id="fl-141">
         <path>C:\TI_CodeComposer\ccsv6\tools\compiler\ti-cgt-arm_5.2.2\lib\</path>
         <kind>archive</kind>
         <file>rtsv7M3_T_le_eabi.lib</file>
         <name>cpy_tbl.obj</name>
      </input_file>
      <input_file id="fl-142">
         <path>C:\TI_CodeComposer\ccsv6\tools\compiler\ti-cgt-arm_5.2.2\lib\</path>
         <kind>archive</kind>
         <file>rtsv7M3_T_le_eabi.lib</file>
         <name>ctype.obj</name>
      </input_file>
      <input_file id="fl-143">
         <path>C:\TI_CodeComposer\ccsv6\tools\compiler\ti-cgt-arm_5.2.2\lib\</path>
         <kind>archive</kind>
         <file>rtsv7M3_T_le_eabi.lib</file>
         <name>fd_add_t2.obj</name>
      </input_file>
      <input_file id="fl-144">
         <path>C:\TI_CodeComposer\ccsv6\tools\compiler\ti-cgt-arm_5.2.2\lib\</path>
         <kind>archive</kind>
         <file>rtsv7M3_T_le_eabi.lib</file>
         <name>fd_cmp_t2.obj</name>
      </input_file>
      <input_file id="fl-145">
         <path>C:\TI_CodeComposer\ccsv6\tools\compiler\ti-cgt-arm_5.2.2\lib\</path>
         <kind>archive</kind>
         <file>rtsv7M3_T_le_eabi.lib</file>
         <name>fd_mul_t2.obj</name>
      </input_file>
      <input_file id="fl-146">
         <path>C:\TI_CodeComposer\ccsv6\tools\compiler\ti-cgt-arm_5.2.2\lib\</path>
         <kind>archive</kind>
         <file>rtsv7M3_T_le_eabi.lib</file>
         <name>fd_toi_t2.obj</name>
      </input_file>
      <input_file id="fl-147">
         <path>C:\TI_CodeComposer\ccsv6\tools\compiler\ti-cgt-arm_5.2.2\lib\</path>
         <kind>archive</kind>
         <file>rtsv7M3_T_le_eabi.lib</file>
         <name>frexp.obj</name>
      </input_file>
      <input_file id="fl-148">
         <path>C:\TI_CodeComposer\ccsv6\tools\compiler\ti-cgt-arm_5.2.2\lib\</path>
         <kind>archive</kind>
         <file>rtsv7M3_T_le_eabi.lib</file>
         <name>i_tofd_t2.obj</name>
      </input_file>
      <input_file id="fl-149">
         <path>C:\TI_CodeComposer\ccsv6\tools\compiler\ti-cgt-arm_5.2.2\lib\</path>
         <kind>archive</kind>
         <file>rtsv7M3_T_le_eabi.lib</file>
         <name>ldexp.obj</name>
      </input_file>
      <input_file id="fl-14a">
         <path>C:\TI_CodeComposer\ccsv6\tools\compiler\ti-cgt-arm_5.2.2\lib\</path>
         <kind>archive</kind>
         <file>rtsv7M3_T_le_eabi.lib</file>
         <name>ltoa.obj</name>
      </input_file>
      <input_file id="fl-14b">
         <path>C:\TI_CodeComposer\ccsv6\tools\compiler\ti-cgt-arm_5.2.2\lib\</path>
         <kind>archive</kind>
         <file>rtsv7M3_T_le_eabi.lib</file>
         <name>memccpy.obj</name>
      </input_file>
      <input_file id="fl-14c">
         <path>C:\TI_CodeComposer\ccsv6\tools\compiler\ti-cgt-arm_5.2.2\lib\</path>
         <kind>archive</kind>
         <file>rtsv7M3_T_le_eabi.lib</file>
         <name>strchr.obj</name>
      </input_file>
      <input_file id="fl-14d">
         <path>C:\TI_CodeComposer\ccsv6\tools\compiler\ti-cgt-arm_5.2.2\lib\</path>
         <kind>archive</kind>
         <file>rtsv7M3_T_le_eabi.lib</file>
         <name>strlen.obj</name>
      </input_file>
      <input_file id="fl-14e">
         <path>C:\TI_CodeComposer\ccsv6\tools\compiler\ti-cgt-arm_5.2.2\lib\</path>
         <kind>archive</kind>
         <file>rtsv7M3_T_le_eabi.lib</file>
         <name>ull_div_t2.obj</name>
      </input_file>
      <input_file id="fl-14f">
         <path>C:\TI_CodeComposer\ccsv6\tools\compiler\ti-cgt-arm_5.2.2\lib\</path>
         <kind>archive</kind>
         <file>rtsv7M3_T_le_eabi.lib</file>
         <name>xdclass.obj</name>
      </input_file>
      <input_file id="fl-150">
         <path>C:\TI_CodeComposer\ccsv6\tools\compiler\ti-cgt-arm_5.2.2\lib\</path>
         <kind>archive</kind>
         <file>rtsv7M3_T_le_eabi.lib</file>
         <name>xdscale.obj</name>
      </input_file>
      <input_file id="fl-151">
         <path>C:\TI_CodeComposer\ccsv6\tools\compiler\ti-cgt-arm_5.2.2\lib\</path>
         <kind>archive</kind>
         <file>rtsv7M3_T_le_eabi.lib</file>
         <name>xdunscal.obj</name>
      </input_file>
      <input_file id="fl-152">
         <path>C:\TI_CodeComposer\ccsv6\tools\compiler\ti-cgt-arm_5.2.2\lib\</path>
         <kind>archive</kind>
         <file>rtsv7M3_T_le_eabi.lib</file>
         <name>xferaise.obj</name>
      </input_file>
      <input_file id="fl-153">
         <path>C:\TI_CodeComposer\ccsv6\tools\compiler\ti-cgt-arm_5.2.2\lib\</path>
         <kind>archive</kind>
         <file>rtsv7M3_T_le_eabi.lib</file>
         <name>xvalues.obj</name>
      </input_file>
      <input_file id="fl-154">
         <path>C:\TI_CodeComposer\ccsv6\tools\compiler\ti-cgt-arm_5.2.2\lib\</path>
         <kind>archive</kind>
         <file>rtsv7M3_T_le_eabi.lib</file>
         <name>errno.obj</name>
      </input_file>
      <input_file id="fl-155">
         <path>C:\TI_CodeComposer\ccsv6\tools\compiler\ti-cgt-arm_5.2.2\lib\</path>
         <kind>archive</kind>
         <file>rtsv7M3_T_le_eabi.lib</file>
         <name>feraiseexcept.obj</name>
      </input_file>
      <input_file id="fl-156">
         <path>C:\TI_CodeComposer\ccsv6\tools\compiler\ti-cgt-arm_5.2.2\lib\</path>
         <kind>archive</kind>
         <file>rtsv7M3_T_le_eabi.lib</file>
         <name>raise.obj</name>
      </input_file>
      <input_file id="fl-157">
         <path>C:\TI_CodeComposer\ccsv6\tools\compiler\ti-cgt-arm_5.2.2\lib\</path>
         <kind>archive</kind>
         <file>rtsv7M3_T_le_eabi.lib</file>
         <name>signal.obj</name>
      </input_file>
      <input_file id="fl-158">
         <path>C:\TI_CodeComposer\ccsv6\tools\compiler\ti-cgt-arm_5.2.2\lib\</path>
         <kind>archive</kind>
         <file>rtsv7M3_T_le_eabi.lib</file>
         <name>xdnorm.obj</name>
      </input_file>
      <input_file id="fl-159">
         <path>C:\TI_CodeComposer\StellarisWare-LM3S1968\driverlib\ccs-cm3\Debug\</path>
         <kind>archive</kind>
         <file>driverlib-cm3.lib</file>
         <name>systick.obj</name>
      </input_file>
      <input_file id="fl-15a">
         <path>C:\TI_CodeComposer\StellarisWare-LM3S1968\driverlib\ccs-cm3\Debug\</path>
         <kind>archive</kind>
         <file>driverlib-cm3.lib</file>
         <name>sysctl.obj</name>
      </input_file>
      <input_file id="fl-15b">
         <path>C:\TI_CodeComposer\StellarisWare-LM3S1968\driverlib\ccs-cm3\Debug\</path>
         <kind>archive</kind>
         <file>driverlib-cm3.lib</file>
         <name>ssi.obj</name>
      </input_file>
      <input_file id="fl-15c">
         <path>C:\TI_CodeComposer\StellarisWare-LM3S1968\driverlib\ccs-cm3\Debug\</path>
         <kind>archive</kind>
         <file>driverlib-cm3.lib</file>
         <name>interrupt.obj</name>
      </input_file>
      <input_file id="fl-15d">
         <path>C:\TI_CodeComposer\StellarisWare-LM3S1968\driverlib\ccs-cm3\Debug\</path>
         <kind>archive</kind>
         <file>driverlib-cm3.lib</file>
         <name>gpio.obj</name>
      </input_file>
      <input_file id="fl-15e">
         <path>C:\TI_CodeComposer\StellarisWare-LM3S1968\driverlib\ccs-cm3\Debug\</path>
         <kind>archive</kind>
         <file>driverlib-cm3.lib</file>
         <name>cpu.obj</name>
      </input_file>
   </input_file_list>
   <object_component_list>
      <object_component id="oc-f">
         <name>.intvecs</name>
         <load_address>0x0</load_address>
         <run_address>0x0</run_address>
         <size>0xf0</size>
         <input_file_ref idref="fl-3"/>
      </object_component>
      <object_component id="oc-1b2">
         <name>.text</name>
         <load_address>0xf0</load_address>
         <run_address>0xf0</run_address>
         <size>0x109a</size>
         <input_file_ref idref="fl-13d"/>
      </object_component>
      <object_component id="oc-11e">
         <name>.text</name>
         <load_address>0x118c</load_address>
         <run_address>0x118c</run_address>
         <size>0x510</size>
         <input_file_ref idref="fl-8"/>
      </object_component>
      <object_component id="oc-1fc">
         <name>.text</name>
         <load_address>0x169c</load_address>
         <run_address>0x169c</run_address>
         <size>0x1f4</size>
         <input_file_ref idref="fl-14e"/>
      </object_component>
      <object_component id="oc-c4">
         <name>.text</name>
         <load_address>0x1890</load_address>
         <run_address>0x1890</run_address>
         <size>0x1b8</size>
         <input_file_ref idref="fl-5"/>
      </object_component>
      <object_component id="oc-226">
         <name>.text</name>
         <load_address>0x1a48</load_address>
         <run_address>0x1a48</run_address>
         <size>0x1b6</size>
         <input_file_ref idref="fl-143"/>
      </object_component>
      <object_component id="oc-f7">
         <name>.text:SysCtlClockGet</name>
         <load_address>0x1c00</load_address>
         <run_address>0x1c00</run_address>
         <size>0x198</size>
         <input_file_ref idref="fl-15a"/>
      </object_component>
      <object_component id="oc-f3">
         <name>.text:SysCtlClockSet</name>
         <load_address>0x1d98</load_address>
         <run_address>0x1d98</run_address>
         <size>0x144</size>
         <input_file_ref idref="fl-15a"/>
      </object_component>
      <object_component id="oc-100">
         <name>.text</name>
         <load_address>0x1edc</load_address>
         <run_address>0x1edc</run_address>
         <size>0x136</size>
         <input_file_ref idref="fl-134"/>
      </object_component>
      <object_component id="oc-27f">
         <name>.text</name>
         <load_address>0x2014</load_address>
         <run_address>0x2014</run_address>
         <size>0x110</size>
         <input_file_ref idref="fl-150"/>
      </object_component>
      <object_component id="oc-20c">
         <name>.text</name>
         <load_address>0x2124</load_address>
         <run_address>0x2124</run_address>
         <size>0xfc</size>
         <input_file_ref idref="fl-145"/>
      </object_component>
      <object_component id="oc-18f">
         <name>.text:GPIOPadConfigSet</name>
         <load_address>0x2220</load_address>
         <run_address>0x2220</run_address>
         <size>0xc8</size>
         <input_file_ref idref="fl-15d"/>
      </object_component>
      <object_component id="oc-2a3">
         <name>.text</name>
         <load_address>0x22e8</load_address>
         <run_address>0x22e8</run_address>
         <size>0xbe</size>
         <input_file_ref idref="fl-158"/>
      </object_component>
      <object_component id="oc-36">
         <name>.text</name>
         <load_address>0x23a6</load_address>
         <run_address>0x23a6</run_address>
         <size>0x9c</size>
         <input_file_ref idref="fl-136"/>
      </object_component>
      <object_component id="oc-130">
         <name>.text:SysCtlPeripheralReset</name>
         <load_address>0x2444</load_address>
         <run_address>0x2444</run_address>
         <size>0x88</size>
         <input_file_ref idref="fl-15a"/>
      </object_component>
      <object_component id="oc-207">
         <name>.text:__aeabi_cdcmple</name>
         <load_address>0x24cc</load_address>
         <run_address>0x24cc</run_address>
         <size>0x86</size>
         <input_file_ref idref="fl-144"/>
      </object_component>
      <object_component id="oc-211">
         <name>.text:__aeabi_cdrcmple</name>
         <load_address>0x2552</load_address>
         <run_address>0x2552</run_address>
         <size>0x86</size>
         <input_file_ref idref="fl-144"/>
      </object_component>
      <object_component id="oc-4f">
         <name>.text</name>
         <load_address>0x25d8</load_address>
         <run_address>0x25d8</run_address>
         <size>0x7a</size>
         <input_file_ref idref="fl-137"/>
      </object_component>
      <object_component id="oc-ca">
         <name>.text</name>
         <load_address>0x2654</load_address>
         <run_address>0x2654</run_address>
         <size>0x70</size>
         <input_file_ref idref="fl-4"/>
      </object_component>
      <object_component id="oc-d0">
         <name>.text</name>
         <load_address>0x26c4</load_address>
         <run_address>0x26c4</run_address>
         <size>0x70</size>
         <input_file_ref idref="fl-6"/>
      </object_component>
      <object_component id="oc-61">
         <name>.text</name>
         <load_address>0x2734</load_address>
         <run_address>0x2734</run_address>
         <size>0x6c</size>
         <input_file_ref idref="fl-140"/>
      </object_component>
      <object_component id="oc-42">
         <name>.text</name>
         <load_address>0x27a0</load_address>
         <run_address>0x27a0</run_address>
         <size>0x6a</size>
         <input_file_ref idref="fl-131"/>
      </object_component>
      <object_component id="oc-277">
         <name>.text</name>
         <load_address>0x280a</load_address>
         <run_address>0x280a</run_address>
         <size>0x66</size>
         <input_file_ref idref="fl-151"/>
      </object_component>
      <object_component id="oc-138">
         <name>.text</name>
         <load_address>0x2870</load_address>
         <run_address>0x2870</run_address>
         <size>0x60</size>
         <input_file_ref idref="fl-139"/>
      </object_component>
      <object_component id="oc-134">
         <name>.text:SysCtlPeripheralDisable</name>
         <load_address>0x28d0</load_address>
         <run_address>0x28d0</run_address>
         <size>0x58</size>
         <input_file_ref idref="fl-15a"/>
      </object_component>
      <object_component id="oc-124">
         <name>.text:SysCtlPeripheralEnable</name>
         <load_address>0x2928</load_address>
         <run_address>0x2928</run_address>
         <size>0x58</size>
         <input_file_ref idref="fl-15a"/>
      </object_component>
      <object_component id="oc-21b">
         <name>.text</name>
         <load_address>0x2980</load_address>
         <run_address>0x2980</run_address>
         <size>0x56</size>
         <input_file_ref idref="fl-14a"/>
      </object_component>
      <object_component id="oc-be">
         <name>.text</name>
         <load_address>0x29d8</load_address>
         <run_address>0x29d8</run_address>
         <size>0x50</size>
         <input_file_ref idref="fl-7"/>
      </object_component>
      <object_component id="oc-249">
         <name>.text</name>
         <load_address>0x2a28</load_address>
         <run_address>0x2a28</run_address>
         <size>0x4c</size>
         <input_file_ref idref="fl-13f"/>
      </object_component>
      <object_component id="oc-95">
         <name>.text</name>
         <load_address>0x2a74</load_address>
         <run_address>0x2a74</run_address>
         <size>0x4c</size>
         <input_file_ref idref="fl-141"/>
      </object_component>
      <object_component id="oc-216">
         <name>.text</name>
         <load_address>0x2ac0</load_address>
         <run_address>0x2ac0</run_address>
         <size>0x48</size>
         <input_file_ref idref="fl-146"/>
      </object_component>
      <object_component id="oc-231">
         <name>.text</name>
         <load_address>0x2b08</load_address>
         <run_address>0x2b08</run_address>
         <size>0x46</size>
         <input_file_ref idref="fl-149"/>
      </object_component>
      <object_component id="oc-187">
         <name>.text:SSIConfigSetExpClk</name>
         <load_address>0x2b4e</load_address>
         <run_address>0x2b4e</run_address>
         <size>0x44</size>
         <input_file_ref idref="fl-15b"/>
      </object_component>
      <object_component id="oc-6d">
         <name>.text</name>
         <load_address>0x2b94</load_address>
         <run_address>0x2b94</run_address>
         <size>0x44</size>
         <input_file_ref idref="fl-133"/>
      </object_component>
      <object_component id="oc-105">
         <name>.text</name>
         <load_address>0x2bd8</load_address>
         <run_address>0x2bd8</run_address>
         <size>0x44</size>
         <input_file_ref idref="fl-135"/>
      </object_component>
      <object_component id="oc-2e6">
         <name>.text</name>
         <load_address>0x2c1c</load_address>
         <run_address>0x2c1c</run_address>
         <size>0x40</size>
         <input_file_ref idref="fl-157"/>
      </object_component>
      <object_component id="oc-24">
         <name>.text</name>
         <load_address>0x2c5c</load_address>
         <run_address>0x2c5c</run_address>
         <size>0x3c</size>
         <input_file_ref idref="fl-12f"/>
      </object_component>
      <object_component id="oc-16e">
         <name>.text:IntRegister</name>
         <load_address>0x2c98</load_address>
         <run_address>0x2c98</run_address>
         <size>0x34</size>
         <input_file_ref idref="fl-15c"/>
      </object_component>
      <object_component id="oc-2b2">
         <name>.text</name>
         <load_address>0x2ccc</load_address>
         <run_address>0x2ccc</run_address>
         <size>0x34</size>
         <input_file_ref idref="fl-155"/>
      </object_component>
      <object_component id="oc-285">
         <name>.text</name>
         <load_address>0x2d00</load_address>
         <run_address>0x2d00</run_address>
         <size>0x30</size>
         <input_file_ref idref="fl-152"/>
      </object_component>
      <object_component id="oc-1a9">
         <name>.text:GPIODirModeSet</name>
         <load_address>0x2d30</load_address>
         <run_address>0x2d30</run_address>
         <size>0x2e</size>
         <input_file_ref idref="fl-15d"/>
      </object_component>
      <object_component id="oc-221">
         <name>.text</name>
         <load_address>0x2d5e</load_address>
         <run_address>0x2d5e</run_address>
         <size>0x2e</size>
         <input_file_ref idref="fl-148"/>
      </object_component>
      <object_component id="oc-2d6">
         <name>.text</name>
         <load_address>0x2d8c</load_address>
         <run_address>0x2d8c</run_address>
         <size>0x2e</size>
         <input_file_ref idref="fl-156"/>
      </object_component>
      <object_component id="oc-23d">
         <name>.text</name>
         <load_address>0x2dba</load_address>
         <run_address>0x2dba</run_address>
         <size>0x2a</size>
         <input_file_ref idref="fl-14f"/>
      </object_component>
      <object_component id="oc-22b">
         <name>.text</name>
         <load_address>0x2de4</load_address>
         <run_address>0x2de4</run_address>
         <size>0x22</size>
         <input_file_ref idref="fl-147"/>
      </object_component>
      <object_component id="oc-9d">
         <name>.text</name>
         <load_address>0x2e06</load_address>
         <run_address>0x2e06</run_address>
         <size>0x20</size>
         <input_file_ref idref="fl-2"/>
      </object_component>
      <object_component id="oc-fb">
         <name>.text</name>
         <load_address>0x2e26</load_address>
         <run_address>0x2e26</run_address>
         <size>0x20</size>
         <input_file_ref idref="fl-13b"/>
      </object_component>
      <object_component id="oc-10e">
         <name>.text:SysTickIntRegister</name>
         <load_address>0x2e48</load_address>
         <run_address>0x2e48</run_address>
         <size>0x1c</size>
         <input_file_ref idref="fl-159"/>
      </object_component>
      <object_component id="oc-243">
         <name>.text</name>
         <load_address>0x2e64</load_address>
         <run_address>0x2e64</run_address>
         <size>0x1a</size>
         <input_file_ref idref="fl-14b"/>
      </object_component>
      <object_component id="oc-67">
         <name>.text</name>
         <load_address>0x2e80</load_address>
         <run_address>0x2e80</run_address>
         <size>0x18</size>
         <input_file_ref idref="fl-13e"/>
      </object_component>
      <object_component id="oc-237">
         <name>.text</name>
         <load_address>0x2e98</load_address>
         <run_address>0x2e98</run_address>
         <size>0x16</size>
         <input_file_ref idref="fl-14c"/>
      </object_component>
      <object_component id="oc-116">
         <name>.text:SysTickEnable</name>
         <load_address>0x2eb0</load_address>
         <run_address>0x2eb0</run_address>
         <size>0x14</size>
         <input_file_ref idref="fl-159"/>
      </object_component>
      <object_component id="oc-112">
         <name>.text:SysTickIntEnable</name>
         <load_address>0x2ec4</load_address>
         <run_address>0x2ec4</run_address>
         <size>0x14</size>
         <input_file_ref idref="fl-159"/>
      </object_component>
      <object_component id="oc-de">
         <name>.text</name>
         <load_address>0x2ed8</load_address>
         <run_address>0x2ed8</run_address>
         <size>0x14</size>
         <input_file_ref idref="fl-13c"/>
      </object_component>
      <object_component id="oc-201">
         <name>.text</name>
         <load_address>0x2eec</load_address>
         <run_address>0x2eec</run_address>
         <size>0x14</size>
         <input_file_ref idref="fl-14d"/>
      </object_component>
      <object_component id="oc-128">
         <name>.text:GPIOPinTypeGPIOInput</name>
         <load_address>0x2f00</load_address>
         <run_address>0x2f00</run_address>
         <size>0x12</size>
         <input_file_ref idref="fl-15d"/>
      </object_component>
      <object_component id="oc-146">
         <name>.text:GPIOPinTypeGPIOOutput</name>
         <load_address>0x2f12</load_address>
         <run_address>0x2f12</run_address>
         <size>0x12</size>
         <input_file_ref idref="fl-15d"/>
      </object_component>
      <object_component id="oc-18b">
         <name>.text:GPIOPinTypeSSI</name>
         <load_address>0x2f24</load_address>
         <run_address>0x2f24</run_address>
         <size>0x12</size>
         <input_file_ref idref="fl-15d"/>
      </object_component>
      <object_component id="oc-197">
         <name>.text:SSIDataGetNonBlocking</name>
         <load_address>0x2f36</load_address>
         <run_address>0x2f36</run_address>
         <size>0x12</size>
         <input_file_ref idref="fl-15b"/>
      </object_component>
      <object_component id="oc-10a">
         <name>.text:SysTickPeriodSet</name>
         <load_address>0x2f48</load_address>
         <run_address>0x2f48</run_address>
         <size>0x10</size>
         <input_file_ref idref="fl-159"/>
      </object_component>
      <object_component id="oc-12">
         <name>.text:decompress:none</name>
         <load_address>0x2f58</load_address>
         <run_address>0x2f58</run_address>
         <size>0xe</size>
         <input_file_ref idref="fl-130"/>
      </object_component>
      <object_component id="oc-1e">
         <name>.text:decompress:ZI</name>
         <load_address>0x2f66</load_address>
         <run_address>0x2f66</run_address>
         <size>0xc</size>
         <input_file_ref idref="fl-132"/>
      </object_component>
      <object_component id="oc-2d">
         <name>.text</name>
         <load_address>0x2f72</load_address>
         <run_address>0x2f72</run_address>
         <size>0xc</size>
         <input_file_ref idref="fl-3"/>
      </object_component>
      <object_component id="oc-17c">
         <name>.text:SSIDataPut</name>
         <load_address>0x2f7e</load_address>
         <run_address>0x2f7e</run_address>
         <size>0xa</size>
         <input_file_ref idref="fl-15b"/>
      </object_component>
      <object_component id="oc-183">
         <name>.text:SSIDisable</name>
         <load_address>0x2f88</load_address>
         <run_address>0x2f88</run_address>
         <size>0xa</size>
         <input_file_ref idref="fl-15b"/>
      </object_component>
      <object_component id="oc-193">
         <name>.text:SSIEnable</name>
         <load_address>0x2f92</load_address>
         <run_address>0x2f92</run_address>
         <size>0xa</size>
         <input_file_ref idref="fl-15b"/>
      </object_component>
      <object_component id="oc-178">
         <name>.text:SSIBusy</name>
         <load_address>0x2f9c</load_address>
         <run_address>0x2f9c</run_address>
         <size>0x8</size>
         <input_file_ref idref="fl-15b"/>
      </object_component>
      <object_component id="oc-12c">
         <name>.text:GPIOPinRead</name>
         <load_address>0x2fa4</load_address>
         <run_address>0x2fa4</run_address>
         <size>0x6</size>
         <input_file_ref idref="fl-15d"/>
      </object_component>
      <object_component id="oc-14a">
         <name>.text:GPIOPinWrite</name>
         <load_address>0x2faa</load_address>
         <run_address>0x2faa</run_address>
         <size>0x6</size>
         <input_file_ref idref="fl-15d"/>
      </object_component>
      <object_component id="oc-15f">
         <name>.text:SysCtlDelay</name>
         <load_address>0x2fb0</load_address>
         <run_address>0x2fb0</run_address>
         <size>0x6</size>
         <input_file_ref idref="fl-15a"/>
      </object_component>
      <object_component id="oc-18">
         <name>.text:decompress:rle24</name>
         <load_address>0x2fb6</load_address>
         <run_address>0x2fb6</run_address>
         <size>0x6</size>
         <input_file_ref idref="fl-131"/>
      </object_component>
      <object_component id="oc-5b">
         <name>.text</name>
         <load_address>0x2fbc</load_address>
         <run_address>0x2fbc</run_address>
         <size>0x4</size>
         <input_file_ref idref="fl-138"/>
      </object_component>
      <object_component id="oc-19f">
         <name>.const:g_pucFont</name>
         <load_address>0x2fc0</load_address>
         <run_address>0x2fc0</run_address>
         <size>0x1e0</size>
         <input_file_ref idref="fl-8"/>
      </object_component>
      <object_component id="oc-293">
         <name>.const:.string:_ctypes_</name>
         <load_address>0x31a0</load_address>
         <run_address>0x31a0</run_address>
         <size>0x101</size>
         <input_file_ref idref="fl-142"/>
      </object_component>
      <object_component id="oc-166">
         <name>.const:g_pulXtals</name>
         <load_address>0x32a4</load_address>
         <run_address>0x32a4</run_address>
         <size>0x6c</size>
         <input_file_ref idref="fl-15a"/>
      </object_component>
      <object_component id="oc-1a2">
         <name>.const:.string:g_pucRIT128x96x4Init</name>
         <load_address>0x3310</load_address>
         <run_address>0x3310</run_address>
         <size>0x4f</size>
         <input_file_ref idref="fl-8"/>
      </object_component>
      <object_component id="oc-1a6">
         <name>.const</name>
         <load_address>0x3360</load_address>
         <run_address>0x3360</run_address>
         <size>0x40</size>
         <input_file_ref idref="fl-15a"/>
      </object_component>
      <object_component id="oc-19c">
         <name>.const:.string</name>
         <load_address>0x33a0</load_address>
         <run_address>0x33a0</run_address>
         <size>0xc</size>
         <input_file_ref idref="fl-8"/>
      </object_component>
      <object_component id="oc-151">
         <name>.const</name>
         <load_address>0x33ac</load_address>
         <run_address>0x33ac</run_address>
         <size>0x4</size>
         <input_file_ref idref="fl-4"/>
      </object_component>
      <object_component id="oc-141">
         <name>.const</name>
         <load_address>0x33b0</load_address>
         <run_address>0x33b0</run_address>
         <size>0x4</size>
         <input_file_ref idref="fl-5"/>
      </object_component>
      <object_component id="oc-158">
         <name>.const</name>
         <load_address>0x33b4</load_address>
         <run_address>0x33b4</run_address>
         <size>0x4</size>
         <input_file_ref idref="fl-6"/>
      </object_component>
      <object_component id="oc-32d">
         <name>.cinit..data.load</name>
         <load_address>0x33b8</load_address>
         <run_address>0x33b8</run_address>
         <size>0x41</size>
      </object_component>
      <object_component id="oc-32a">
         <name>__TI_handler_table</name>
         <load_address>0x33fc</load_address>
         <run_address>0x33fc</run_address>
         <size>0xc</size>
      </object_component>
      <object_component id="oc-32e">
         <name>.cinit..bss.load</name>
         <load_address>0x3408</load_address>
         <run_address>0x3408</run_address>
         <size>0x8</size>
      </object_component>
      <object_component id="oc-32c">
         <name>.cinit..vtable.load</name>
         <load_address>0x3410</load_address>
         <run_address>0x3410</run_address>
         <size>0x8</size>
      </object_component>
      <object_component id="oc-32b">
         <name>__TI_cinit_table</name>
         <load_address>0x3418</load_address>
         <run_address>0x3418</run_address>
         <size>0x18</size>
      </object_component>
      <object_component id="oc-1db">
         <name>.vtable</name>
         <uninitialized>true</uninitialized>
         <run_address>0x20000000</run_address>
         <size>0x26c</size>
         <input_file_ref idref="fl-15c"/>
      </object_component>
      <object_component id="oc-29">
         <name>.stack</name>
         <uninitialized>true</uninitialized>
         <run_address>0x2000026c</run_address>
         <size>0x0</size>
         <input_file_ref idref="fl-12f"/>
      </object_component>
      <object_component id="oc-32f">
         <name>.stack</name>
         <uninitialized>true</uninitialized>
         <run_address>0x2000026c</run_address>
         <size>0x0</size>
      </object_component>
      <object_component id="oc-2a">
         <name>.bss:pulStack</name>
         <uninitialized>true</uninitialized>
         <run_address>0x200013d0</run_address>
         <size>0x100</size>
         <input_file_ref idref="fl-3"/>
      </object_component>
      <object_component id="oc-180">
         <name>.common:g_ulSSIFlags</name>
         <uninitialized>true</uninitialized>
         <run_address>0x200014d8</run_address>
         <size>0x4</size>
      </object_component>
      <object_component id="oc-19b">
         <name>.common:g_pucBuffer</name>
         <uninitialized>true</uninitialized>
         <run_address>0x200014d0</run_address>
         <size>0x8</size>
      </object_component>
      <object_component id="oc-14e">
         <name>.data</name>
         <load_address>0x200013b8</load_address>
         <run_address>0x200013b8</run_address>
         <size>0x4</size>
         <input_file_ref idref="fl-4"/>
      </object_component>
      <object_component id="oc-13e">
         <name>.data</name>
         <load_address>0x200013bc</load_address>
         <run_address>0x200013bc</run_address>
         <size>0x4</size>
         <input_file_ref idref="fl-5"/>
      </object_component>
      <object_component id="oc-155">
         <name>.data</name>
         <load_address>0x200013c8</load_address>
         <run_address>0x200013c8</run_address>
         <size>0x4</size>
         <input_file_ref idref="fl-6"/>
      </object_component>
      <object_component id="oc-11a">
         <name>.data</name>
         <load_address>0x200013cc</load_address>
         <run_address>0x200013cc</run_address>
         <size>0x4</size>
         <input_file_ref idref="fl-7"/>
      </object_component>
      <object_component id="oc-a8">
         <name>.data</name>
         <load_address>0x200013a8</load_address>
         <run_address>0x200013a8</run_address>
         <size>0x8</size>
         <input_file_ref idref="fl-133"/>
      </object_component>
      <object_component id="oc-73">
         <name>.data</name>
         <load_address>0x200013c4</load_address>
         <run_address>0x200013c4</run_address>
         <size>0x4</size>
         <input_file_ref idref="fl-13a"/>
      </object_component>
      <object_component id="oc-a5">
         <name>.data</name>
         <load_address>0x200013a0</load_address>
         <run_address>0x200013a0</run_address>
         <size>0x8</size>
         <input_file_ref idref="fl-13c"/>
      </object_component>
      <object_component id="oc-2ad">
         <name>.data</name>
         <load_address>0x20001320</load_address>
         <run_address>0x20001320</run_address>
         <size>0x80</size>
         <input_file_ref idref="fl-153"/>
      </object_component>
      <object_component id="oc-2b8">
         <name>.data</name>
         <load_address>0x200013c0</load_address>
         <run_address>0x200013c0</run_address>
         <size>0x4</size>
         <input_file_ref idref="fl-154"/>
      </object_component>
      <object_component id="oc-2dc">
         <name>.data</name>
         <load_address>0x200013b0</load_address>
         <run_address>0x200013b0</run_address>
         <size>0x8</size>
         <input_file_ref idref="fl-155"/>
      </object_component>
      <object_component id="oc-2f7">
         <name>.data:sigtable</name>
         <load_address>0x20001270</load_address>
         <run_address>0x20001270</run_address>
         <size>0xb0</size>
         <input_file_ref idref="fl-157"/>
      </object_component>
      <object_component id="oc-9e">
         <name>.debug_info</name>
         <load_address>0x0</load_address>
         <run_address>0x0</run_address>
         <size>0x15f</size>
         <input_file_ref idref="fl-2"/>
      </object_component>
      <object_component id="oc-7c">
         <name>.debug_info</name>
         <load_address>0x15f</load_address>
         <run_address>0x15f</run_address>
         <size>0x84</size>
         <input_file_ref idref="fl-2"/>
      </object_component>
      <object_component id="oc-1e6">
         <name>.debug_info</name>
         <load_address>0x1e3</load_address>
         <run_address>0x1e3</run_address>
         <size>0x2c</size>
         <input_file_ref idref="fl-2"/>
      </object_component>
      <object_component id="oc-35">
         <name>.debug_info</name>
         <load_address>0x20f</load_address>
         <run_address>0x20f</run_address>
         <size>0x101</size>
         <input_file_ref idref="fl-3"/>
      </object_component>
      <object_component id="oc-2b">
         <name>.debug_info</name>
         <load_address>0x310</load_address>
         <run_address>0x310</run_address>
         <size>0xf1</size>
         <input_file_ref idref="fl-3"/>
      </object_component>
      <object_component id="oc-10">
         <name>.debug_info</name>
         <load_address>0x401</load_address>
         <run_address>0x401</run_address>
         <size>0xfa</size>
         <input_file_ref idref="fl-3"/>
      </object_component>
      <object_component id="oc-2e">
         <name>.debug_info</name>
         <load_address>0x4fb</load_address>
         <run_address>0x4fb</run_address>
         <size>0x2bd</size>
         <input_file_ref idref="fl-3"/>
      </object_component>
      <object_component id="oc-1cb">
         <name>.debug_info</name>
         <load_address>0x7b8</load_address>
         <run_address>0x7b8</run_address>
         <size>0x1cf</size>
         <input_file_ref idref="fl-4"/>
      </object_component>
      <object_component id="oc-14f">
         <name>.debug_info</name>
         <load_address>0x987</load_address>
         <run_address>0x987</run_address>
         <size>0xda</size>
         <input_file_ref idref="fl-4"/>
      </object_component>
      <object_component id="oc-152">
         <name>.debug_info</name>
         <load_address>0xa61</load_address>
         <run_address>0xa61</run_address>
         <size>0xd0</size>
         <input_file_ref idref="fl-4"/>
      </object_component>
      <object_component id="oc-cb">
         <name>.debug_info</name>
         <load_address>0xb31</load_address>
         <run_address>0xb31</run_address>
         <size>0x1bd</size>
         <input_file_ref idref="fl-4"/>
      </object_component>
      <object_component id="oc-145">
         <name>.debug_info</name>
         <load_address>0xcee</load_address>
         <run_address>0xcee</run_address>
         <size>0x365</size>
         <input_file_ref idref="fl-5"/>
      </object_component>
      <object_component id="oc-13f">
         <name>.debug_info</name>
         <load_address>0x1053</load_address>
         <run_address>0x1053</run_address>
         <size>0xdb</size>
         <input_file_ref idref="fl-5"/>
      </object_component>
      <object_component id="oc-142">
         <name>.debug_info</name>
         <load_address>0x112e</load_address>
         <run_address>0x112e</run_address>
         <size>0xd1</size>
         <input_file_ref idref="fl-5"/>
      </object_component>
      <object_component id="oc-c5">
         <name>.debug_info</name>
         <load_address>0x11ff</load_address>
         <run_address>0x11ff</run_address>
         <size>0x3a3</size>
         <input_file_ref idref="fl-5"/>
      </object_component>
      <object_component id="oc-1ba">
         <name>.debug_info</name>
         <load_address>0x15a2</load_address>
         <run_address>0x15a2</run_address>
         <size>0x4e</size>
         <input_file_ref idref="fl-5"/>
      </object_component>
      <object_component id="oc-1d0">
         <name>.debug_info</name>
         <load_address>0x15f0</load_address>
         <run_address>0x15f0</run_address>
         <size>0x1d3</size>
         <input_file_ref idref="fl-6"/>
      </object_component>
      <object_component id="oc-156">
         <name>.debug_info</name>
         <load_address>0x17c3</load_address>
         <run_address>0x17c3</run_address>
         <size>0xde</size>
         <input_file_ref idref="fl-6"/>
      </object_component>
      <object_component id="oc-159">
         <name>.debug_info</name>
         <load_address>0x18a1</load_address>
         <run_address>0x18a1</run_address>
         <size>0xd4</size>
         <input_file_ref idref="fl-6"/>
      </object_component>
      <object_component id="oc-d1">
         <name>.debug_info</name>
         <load_address>0x1975</load_address>
         <run_address>0x1975</run_address>
         <size>0x1e1</size>
         <input_file_ref idref="fl-6"/>
      </object_component>
      <object_component id="oc-177">
         <name>.debug_info</name>
         <load_address>0x1b56</load_address>
         <run_address>0x1b56</run_address>
         <size>0x1d6</size>
         <input_file_ref idref="fl-7"/>
      </object_component>
      <object_component id="oc-11b">
         <name>.debug_info</name>
         <load_address>0x1d2c</load_address>
         <run_address>0x1d2c</run_address>
         <size>0xe2</size>
         <input_file_ref idref="fl-7"/>
      </object_component>
      <object_component id="oc-bf">
         <name>.debug_info</name>
         <load_address>0x1e0e</load_address>
         <run_address>0x1e0e</run_address>
         <size>0x225</size>
         <input_file_ref idref="fl-7"/>
      </object_component>
      <object_component id="oc-181">
         <name>.debug_info</name>
         <load_address>0x2033</load_address>
         <run_address>0x2033</run_address>
         <size>0x428</size>
         <input_file_ref idref="fl-8"/>
      </object_component>
      <object_component id="oc-19d">
         <name>.debug_info</name>
         <load_address>0x245b</load_address>
         <run_address>0x245b</run_address>
         <size>0x16e</size>
         <input_file_ref idref="fl-8"/>
      </object_component>
      <object_component id="oc-1a0">
         <name>.debug_info</name>
         <load_address>0x25c9</load_address>
         <run_address>0x25c9</run_address>
         <size>0x100</size>
         <input_file_ref idref="fl-8"/>
      </object_component>
      <object_component id="oc-1a3">
         <name>.debug_info</name>
         <load_address>0x26c9</load_address>
         <run_address>0x26c9</run_address>
         <size>0x116</size>
         <input_file_ref idref="fl-8"/>
      </object_component>
      <object_component id="oc-11f">
         <name>.debug_info</name>
         <load_address>0x27df</load_address>
         <run_address>0x27df</run_address>
         <size>0xf08</size>
         <input_file_ref idref="fl-8"/>
      </object_component>
      <object_component id="oc-25">
         <name>.debug_info</name>
         <load_address>0x36e7</load_address>
         <run_address>0x36e7</run_address>
         <size>0x138</size>
         <input_file_ref idref="fl-12f"/>
      </object_component>
      <object_component id="oc-41">
         <name>.debug_info</name>
         <load_address>0x381f</load_address>
         <run_address>0x381f</run_address>
         <size>0x123</size>
         <input_file_ref idref="fl-130"/>
      </object_component>
      <object_component id="oc-16">
         <name>.debug_info</name>
         <load_address>0x3942</load_address>
         <run_address>0x3942</run_address>
         <size>0x1c2</size>
         <input_file_ref idref="fl-130"/>
      </object_component>
      <object_component id="oc-3c">
         <name>.debug_info</name>
         <load_address>0x3b04</load_address>
         <run_address>0x3b04</run_address>
         <size>0x46</size>
         <input_file_ref idref="fl-130"/>
      </object_component>
      <object_component id="oc-82">
         <name>.debug_info</name>
         <load_address>0x3b4a</load_address>
         <run_address>0x3b4a</run_address>
         <size>0x2c</size>
         <input_file_ref idref="fl-130"/>
      </object_component>
      <object_component id="oc-49">
         <name>.debug_info</name>
         <load_address>0x3b76</load_address>
         <run_address>0x3b76</run_address>
         <size>0x117</size>
         <input_file_ref idref="fl-131"/>
      </object_component>
      <object_component id="oc-43">
         <name>.debug_info</name>
         <load_address>0x3c8d</load_address>
         <run_address>0x3c8d</run_address>
         <size>0x22a</size>
         <input_file_ref idref="fl-131"/>
      </object_component>
      <object_component id="oc-19">
         <name>.debug_info</name>
         <load_address>0x3eb7</load_address>
         <run_address>0x3eb7</run_address>
         <size>0x1bc</size>
         <input_file_ref idref="fl-131"/>
      </object_component>
      <object_component id="oc-4a">
         <name>.debug_info</name>
         <load_address>0x4073</load_address>
         <run_address>0x4073</run_address>
         <size>0x39</size>
         <input_file_ref idref="fl-131"/>
      </object_component>
      <object_component id="oc-8c">
         <name>.debug_info</name>
         <load_address>0x40ac</load_address>
         <run_address>0x40ac</run_address>
         <size>0x2c</size>
         <input_file_ref idref="fl-131"/>
      </object_component>
      <object_component id="oc-5a">
         <name>.debug_info</name>
         <load_address>0x40d8</load_address>
         <run_address>0x40d8</run_address>
         <size>0x112</size>
         <input_file_ref idref="fl-132"/>
      </object_component>
      <object_component id="oc-1f">
         <name>.debug_info</name>
         <load_address>0x41ea</load_address>
         <run_address>0x41ea</run_address>
         <size>0x18d</size>
         <input_file_ref idref="fl-132"/>
      </object_component>
      <object_component id="oc-55">
         <name>.debug_info</name>
         <load_address>0x4377</load_address>
         <run_address>0x4377</run_address>
         <size>0x46</size>
         <input_file_ref idref="fl-132"/>
      </object_component>
      <object_component id="oc-ac">
         <name>.debug_info</name>
         <load_address>0x43bd</load_address>
         <run_address>0x43bd</run_address>
         <size>0x174</size>
         <input_file_ref idref="fl-133"/>
      </object_component>
      <object_component id="oc-a9">
         <name>.debug_info</name>
         <load_address>0x4531</load_address>
         <run_address>0x4531</run_address>
         <size>0x119</size>
         <input_file_ref idref="fl-133"/>
      </object_component>
      <object_component id="oc-6e">
         <name>.debug_info</name>
         <load_address>0x464a</load_address>
         <run_address>0x464a</run_address>
         <size>0x1f0</size>
         <input_file_ref idref="fl-133"/>
      </object_component>
      <object_component id="oc-102">
         <name>.debug_info</name>
         <load_address>0x483a</load_address>
         <run_address>0x483a</run_address>
         <size>0x11b</size>
         <input_file_ref idref="fl-134"/>
      </object_component>
      <object_component id="oc-106">
         <name>.debug_info</name>
         <load_address>0x4955</load_address>
         <run_address>0x4955</run_address>
         <size>0x11a</size>
         <input_file_ref idref="fl-135"/>
      </object_component>
      <object_component id="oc-37">
         <name>.debug_info</name>
         <load_address>0x4a6f</load_address>
         <run_address>0x4a6f</run_address>
         <size>0xfa</size>
         <input_file_ref idref="fl-136"/>
      </object_component>
      <object_component id="oc-50">
         <name>.debug_info</name>
         <load_address>0x4b69</load_address>
         <run_address>0x4b69</run_address>
         <size>0x12a</size>
         <input_file_ref idref="fl-137"/>
      </object_component>
      <object_component id="oc-5c">
         <name>.debug_info</name>
         <load_address>0x4c93</load_address>
         <run_address>0x4c93</run_address>
         <size>0x12b</size>
         <input_file_ref idref="fl-138"/>
      </object_component>
      <object_component id="oc-1b9">
         <name>.debug_info</name>
         <load_address>0x4dbe</load_address>
         <run_address>0x4dbe</run_address>
         <size>0x19e</size>
         <input_file_ref idref="fl-139"/>
      </object_component>
      <object_component id="oc-139">
         <name>.debug_info</name>
         <load_address>0x4f5c</load_address>
         <run_address>0x4f5c</run_address>
         <size>0x2e3</size>
         <input_file_ref idref="fl-139"/>
      </object_component>
      <object_component id="oc-256">
         <name>.debug_info</name>
         <load_address>0x523f</load_address>
         <run_address>0x523f</run_address>
         <size>0x2c</size>
         <input_file_ref idref="fl-139"/>
      </object_component>
      <object_component id="oc-74">
         <name>.debug_info</name>
         <load_address>0x526b</load_address>
         <run_address>0x526b</run_address>
         <size>0xec</size>
         <input_file_ref idref="fl-13a"/>
      </object_component>
      <object_component id="oc-fc">
         <name>.debug_info</name>
         <load_address>0x5357</load_address>
         <run_address>0x5357</run_address>
         <size>0x10f</size>
         <input_file_ref idref="fl-13b"/>
      </object_component>
      <object_component id="oc-e6">
         <name>.debug_info</name>
         <load_address>0x5466</load_address>
         <run_address>0x5466</run_address>
         <size>0x107</size>
         <input_file_ref idref="fl-13c"/>
      </object_component>
      <object_component id="oc-a6">
         <name>.debug_info</name>
         <load_address>0x556d</load_address>
         <run_address>0x556d</run_address>
         <size>0xf6</size>
         <input_file_ref idref="fl-13c"/>
      </object_component>
      <object_component id="oc-df">
         <name>.debug_info</name>
         <load_address>0x5663</load_address>
         <run_address>0x5663</run_address>
         <size>0x202</size>
         <input_file_ref idref="fl-13c"/>
      </object_component>
      <object_component id="oc-250">
         <name>.debug_info</name>
         <load_address>0x5865</load_address>
         <run_address>0x5865</run_address>
         <size>0x3ae</size>
         <input_file_ref idref="fl-13d"/>
      </object_component>
      <object_component id="oc-1b3">
         <name>.debug_info</name>
         <load_address>0x5c13</load_address>
         <run_address>0x5c13</run_address>
         <size>0x1811</size>
         <input_file_ref idref="fl-13d"/>
      </object_component>
      <object_component id="oc-251">
         <name>.debug_info</name>
         <load_address>0x7424</load_address>
         <run_address>0x7424</run_address>
         <size>0x86</size>
         <input_file_ref idref="fl-13d"/>
      </object_component>
      <object_component id="oc-29a">
         <name>.debug_info</name>
         <load_address>0x74aa</load_address>
         <run_address>0x74aa</run_address>
         <size>0x46</size>
         <input_file_ref idref="fl-13d"/>
      </object_component>
      <object_component id="oc-25b">
         <name>.debug_info</name>
         <load_address>0x74f0</load_address>
         <run_address>0x74f0</run_address>
         <size>0x39</size>
         <input_file_ref idref="fl-13d"/>
      </object_component>
      <object_component id="oc-a4">
         <name>.debug_info</name>
         <load_address>0x7529</load_address>
         <run_address>0x7529</run_address>
         <size>0x149</size>
         <input_file_ref idref="fl-13e"/>
      </object_component>
      <object_component id="oc-68">
         <name>.debug_info</name>
         <load_address>0x7672</load_address>
         <run_address>0x7672</run_address>
         <size>0x14a</size>
         <input_file_ref idref="fl-13e"/>
      </object_component>
      <object_component id="oc-d9">
         <name>.debug_info</name>
         <load_address>0x77bc</load_address>
         <run_address>0x77bc</run_address>
         <size>0x5e</size>
         <input_file_ref idref="fl-13e"/>
      </object_component>
      <object_component id="oc-297">
         <name>.debug_info</name>
         <load_address>0x781a</load_address>
         <run_address>0x781a</run_address>
         <size>0xf7</size>
         <input_file_ref idref="fl-13f"/>
      </object_component>
      <object_component id="oc-24a">
         <name>.debug_info</name>
         <load_address>0x7911</load_address>
         <run_address>0x7911</run_address>
         <size>0x154</size>
         <input_file_ref idref="fl-13f"/>
      </object_component>
      <object_component id="oc-9c">
         <name>.debug_info</name>
         <load_address>0x7a65</load_address>
         <run_address>0x7a65</run_address>
         <size>0x2a0</size>
         <input_file_ref idref="fl-140"/>
      </object_component>
      <object_component id="oc-62">
         <name>.debug_info</name>
         <load_address>0x7d05</load_address>
         <run_address>0x7d05</run_address>
         <size>0x194</size>
         <input_file_ref idref="fl-140"/>
      </object_component>
      <object_component id="oc-b4">
         <name>.debug_info</name>
         <load_address>0x7e99</load_address>
         <run_address>0x7e99</run_address>
         <size>0x39</size>
         <input_file_ref idref="fl-140"/>
      </object_component>
      <object_component id="oc-b9">
         <name>.debug_info</name>
         <load_address>0x7ed2</load_address>
         <run_address>0x7ed2</run_address>
         <size>0xcd</size>
         <input_file_ref idref="fl-140"/>
      </object_component>
      <object_component id="oc-b1">
         <name>.debug_info</name>
         <load_address>0x7f9f</load_address>
         <run_address>0x7f9f</run_address>
         <size>0x1c3</size>
         <input_file_ref idref="fl-141"/>
      </object_component>
      <object_component id="oc-96">
         <name>.debug_info</name>
         <load_address>0x8162</load_address>
         <run_address>0x8162</run_address>
         <size>0x17f</size>
         <input_file_ref idref="fl-141"/>
      </object_component>
      <object_component id="oc-ee">
         <name>.debug_info</name>
         <load_address>0x82e1</load_address>
         <run_address>0x82e1</run_address>
         <size>0x2c</size>
         <input_file_ref idref="fl-141"/>
      </object_component>
      <object_component id="oc-2c6">
         <name>.debug_info</name>
         <load_address>0x830d</load_address>
         <run_address>0x830d</run_address>
         <size>0xd1</size>
         <input_file_ref idref="fl-142"/>
      </object_component>
      <object_component id="oc-294">
         <name>.debug_info</name>
         <load_address>0x83de</load_address>
         <run_address>0x83de</run_address>
         <size>0xdd</size>
         <input_file_ref idref="fl-142"/>
      </object_component>
      <object_component id="oc-227">
         <name>.debug_info</name>
         <load_address>0x84bb</load_address>
         <run_address>0x84bb</run_address>
         <size>0x12d</size>
         <input_file_ref idref="fl-143"/>
      </object_component>
      <object_component id="oc-208">
         <name>.debug_info</name>
         <load_address>0x85e8</load_address>
         <run_address>0x85e8</run_address>
         <size>0x109</size>
         <input_file_ref idref="fl-144"/>
      </object_component>
      <object_component id="oc-212">
         <name>.debug_info</name>
         <load_address>0x86f1</load_address>
         <run_address>0x86f1</run_address>
         <size>0x10b</size>
         <input_file_ref idref="fl-144"/>
      </object_component>
      <object_component id="oc-20d">
         <name>.debug_info</name>
         <load_address>0x87fc</load_address>
         <run_address>0x87fc</run_address>
         <size>0x11b</size>
         <input_file_ref idref="fl-145"/>
      </object_component>
      <object_component id="oc-217">
         <name>.debug_info</name>
         <load_address>0x8917</load_address>
         <run_address>0x8917</run_address>
         <size>0x10f</size>
         <input_file_ref idref="fl-146"/>
      </object_component>
      <object_component id="oc-27e">
         <name>.debug_info</name>
         <load_address>0x8a26</load_address>
         <run_address>0x8a26</run_address>
         <size>0x16f</size>
         <input_file_ref idref="fl-147"/>
      </object_component>
      <object_component id="oc-22c">
         <name>.debug_info</name>
         <load_address>0x8b95</load_address>
         <run_address>0x8b95</run_address>
         <size>0x16f</size>
         <input_file_ref idref="fl-147"/>
      </object_component>
      <object_component id="oc-223">
         <name>.debug_info</name>
         <load_address>0x8d04</load_address>
         <run_address>0x8d04</run_address>
         <size>0x10d</size>
         <input_file_ref idref="fl-148"/>
      </object_component>
      <object_component id="oc-28c">
         <name>.debug_info</name>
         <load_address>0x8e11</load_address>
         <run_address>0x8e11</run_address>
         <size>0x171</size>
         <input_file_ref idref="fl-149"/>
      </object_component>
      <object_component id="oc-233">
         <name>.debug_info</name>
         <load_address>0x8f82</load_address>
         <run_address>0x8f82</run_address>
         <size>0x166</size>
         <input_file_ref idref="fl-149"/>
      </object_component>
      <object_component id="oc-274">
         <name>.debug_info</name>
         <load_address>0x90e8</load_address>
         <run_address>0x90e8</run_address>
         <size>0x12f</size>
         <input_file_ref idref="fl-14a"/>
      </object_component>
      <object_component id="oc-21c">
         <name>.debug_info</name>
         <load_address>0x9217</load_address>
         <run_address>0x9217</run_address>
         <size>0x1a5</size>
         <input_file_ref idref="fl-14a"/>
      </object_component>
      <object_component id="oc-292">
         <name>.debug_info</name>
         <load_address>0x93bc</load_address>
         <run_address>0x93bc</run_address>
         <size>0xd4</size>
         <input_file_ref idref="fl-14b"/>
      </object_component>
      <object_component id="oc-245">
         <name>.debug_info</name>
         <load_address>0x9490</load_address>
         <run_address>0x9490</run_address>
         <size>0x18e</size>
         <input_file_ref idref="fl-14b"/>
      </object_component>
      <object_component id="oc-28e">
         <name>.debug_info</name>
         <load_address>0x961e</load_address>
         <run_address>0x961e</run_address>
         <size>0xd8</size>
         <input_file_ref idref="fl-14c"/>
      </object_component>
      <object_component id="oc-238">
         <name>.debug_info</name>
         <load_address>0x96f6</load_address>
         <run_address>0x96f6</run_address>
         <size>0x1f7</size>
         <input_file_ref idref="fl-14c"/>
      </object_component>
      <object_component id="oc-26e">
         <name>.debug_info</name>
         <load_address>0x98ed</load_address>
         <run_address>0x98ed</run_address>
         <size>0xcd</size>
         <input_file_ref idref="fl-14d"/>
      </object_component>
      <object_component id="oc-202">
         <name>.debug_info</name>
         <load_address>0x99ba</load_address>
         <run_address>0x99ba</run_address>
         <size>0x1dd</size>
         <input_file_ref idref="fl-14d"/>
      </object_component>
      <object_component id="oc-1fe">
         <name>.debug_info</name>
         <load_address>0x9b97</load_address>
         <run_address>0x9b97</run_address>
         <size>0x168</size>
         <input_file_ref idref="fl-14e"/>
      </object_component>
      <object_component id="oc-290">
         <name>.debug_info</name>
         <load_address>0x9cff</load_address>
         <run_address>0x9cff</run_address>
         <size>0x122</size>
         <input_file_ref idref="fl-14f"/>
      </object_component>
      <object_component id="oc-23e">
         <name>.debug_info</name>
         <load_address>0x9e21</load_address>
         <run_address>0x9e21</run_address>
         <size>0x157</size>
         <input_file_ref idref="fl-14f"/>
      </object_component>
      <object_component id="oc-2b1">
         <name>.debug_info</name>
         <load_address>0x9f78</load_address>
         <run_address>0x9f78</run_address>
         <size>0x182</size>
         <input_file_ref idref="fl-150"/>
      </object_component>
      <object_component id="oc-281">
         <name>.debug_info</name>
         <load_address>0xa0fa</load_address>
         <run_address>0xa0fa</run_address>
         <size>0x194</size>
         <input_file_ref idref="fl-150"/>
      </object_component>
      <object_component id="oc-2cf">
         <name>.debug_info</name>
         <load_address>0xa28e</load_address>
         <run_address>0xa28e</run_address>
         <size>0x86</size>
         <input_file_ref idref="fl-150"/>
      </object_component>
      <object_component id="oc-2aa">
         <name>.debug_info</name>
         <load_address>0xa314</load_address>
         <run_address>0xa314</run_address>
         <size>0x16c</size>
         <input_file_ref idref="fl-151"/>
      </object_component>
      <object_component id="oc-279">
         <name>.debug_info</name>
         <load_address>0xa480</load_address>
         <run_address>0xa480</run_address>
         <size>0x175</size>
         <input_file_ref idref="fl-151"/>
      </object_component>
      <object_component id="oc-287">
         <name>.debug_info</name>
         <load_address>0xa5f5</load_address>
         <run_address>0xa5f5</run_address>
         <size>0x155</size>
         <input_file_ref idref="fl-152"/>
      </object_component>
      <object_component id="oc-2ae">
         <name>.debug_info</name>
         <load_address>0xa74a</load_address>
         <run_address>0xa74a</run_address>
         <size>0x1b7</size>
         <input_file_ref idref="fl-153"/>
      </object_component>
      <object_component id="oc-2b9">
         <name>.debug_info</name>
         <load_address>0xa901</load_address>
         <run_address>0xa901</run_address>
         <size>0xd8</size>
         <input_file_ref idref="fl-154"/>
      </object_component>
      <object_component id="oc-2f5">
         <name>.debug_info</name>
         <load_address>0xa9d9</load_address>
         <run_address>0xa9d9</run_address>
         <size>0x1af</size>
         <input_file_ref idref="fl-155"/>
      </object_component>
      <object_component id="oc-2dd">
         <name>.debug_info</name>
         <load_address>0xab88</load_address>
         <run_address>0xab88</run_address>
         <size>0x110</size>
         <input_file_ref idref="fl-155"/>
      </object_component>
      <object_component id="oc-2b4">
         <name>.debug_info</name>
         <load_address>0xac98</load_address>
         <run_address>0xac98</run_address>
         <size>0x171</size>
         <input_file_ref idref="fl-155"/>
      </object_component>
      <object_component id="oc-2f0">
         <name>.debug_info</name>
         <load_address>0xae09</load_address>
         <run_address>0xae09</run_address>
         <size>0x6f</size>
         <input_file_ref idref="fl-155"/>
      </object_component>
      <object_component id="oc-2ed">
         <name>.debug_info</name>
         <load_address>0xae78</load_address>
         <run_address>0xae78</run_address>
         <size>0xff</size>
         <input_file_ref idref="fl-156"/>
      </object_component>
      <object_component id="oc-2d9">
         <name>.debug_info</name>
         <load_address>0xaf77</load_address>
         <run_address>0xaf77</run_address>
         <size>0x156</size>
         <input_file_ref idref="fl-156"/>
      </object_component>
      <object_component id="oc-2fe">
         <name>.debug_info</name>
         <load_address>0xb0cd</load_address>
         <run_address>0xb0cd</run_address>
         <size>0x2c</size>
         <input_file_ref idref="fl-156"/>
      </object_component>
      <object_component id="oc-2fb">
         <name>.debug_info</name>
         <load_address>0xb0f9</load_address>
         <run_address>0xb0f9</run_address>
         <size>0x11f</size>
         <input_file_ref idref="fl-157"/>
      </object_component>
      <object_component id="oc-2f8">
         <name>.debug_info</name>
         <load_address>0xb218</load_address>
         <run_address>0xb218</run_address>
         <size>0xdd</size>
         <input_file_ref idref="fl-157"/>
      </object_component>
      <object_component id="oc-2e7">
         <name>.debug_info</name>
         <load_address>0xb2f5</load_address>
         <run_address>0xb2f5</run_address>
         <size>0x16c</size>
         <input_file_ref idref="fl-157"/>
      </object_component>
      <object_component id="oc-2ca">
         <name>.debug_info</name>
         <load_address>0xb461</load_address>
         <run_address>0xb461</run_address>
         <size>0x137</size>
         <input_file_ref idref="fl-158"/>
      </object_component>
      <object_component id="oc-2a4">
         <name>.debug_info</name>
         <load_address>0xb598</load_address>
         <run_address>0xb598</run_address>
         <size>0x14f</size>
         <input_file_ref idref="fl-158"/>
      </object_component>
      <object_component id="oc-16d">
         <name>.debug_info</name>
         <load_address>0xb6e7</load_address>
         <run_address>0xb6e7</run_address>
         <size>0x413</size>
         <input_file_ref idref="fl-159"/>
      </object_component>
      <object_component id="oc-10b">
         <name>.debug_info</name>
         <load_address>0xbafa</load_address>
         <run_address>0xbafa</run_address>
         <size>0x1ce</size>
         <input_file_ref idref="fl-159"/>
      </object_component>
      <object_component id="oc-10f">
         <name>.debug_info</name>
         <load_address>0xbcc8</load_address>
         <run_address>0xbcc8</run_address>
         <size>0x1ec</size>
         <input_file_ref idref="fl-159"/>
      </object_component>
      <object_component id="oc-113">
         <name>.debug_info</name>
         <load_address>0xbeb4</load_address>
         <run_address>0xbeb4</run_address>
         <size>0x19c</size>
         <input_file_ref idref="fl-159"/>
      </object_component>
      <object_component id="oc-117">
         <name>.debug_info</name>
         <load_address>0xc050</load_address>
         <run_address>0xc050</run_address>
         <size>0x196</size>
         <input_file_ref idref="fl-159"/>
      </object_component>
      <object_component id="oc-161">
         <name>.debug_info</name>
         <load_address>0xc1e6</load_address>
         <run_address>0xc1e6</run_address>
         <size>0x84</size>
         <input_file_ref idref="fl-159"/>
      </object_component>
      <object_component id="oc-1d3">
         <name>.debug_info</name>
         <load_address>0xc26a</load_address>
         <run_address>0xc26a</run_address>
         <size>0x2c</size>
         <input_file_ref idref="fl-159"/>
      </object_component>
      <object_component id="oc-165">
         <name>.debug_info</name>
         <load_address>0xc296</load_address>
         <run_address>0xc296</run_address>
         <size>0x4cc</size>
         <input_file_ref idref="fl-15a"/>
      </object_component>
      <object_component id="oc-1a7">
         <name>.debug_info</name>
         <load_address>0xc762</load_address>
         <run_address>0xc762</run_address>
         <size>0x1b8</size>
         <input_file_ref idref="fl-15a"/>
      </object_component>
      <object_component id="oc-167">
         <name>.debug_info</name>
         <load_address>0xc91a</load_address>
         <run_address>0xc91a</run_address>
         <size>0x10e</size>
         <input_file_ref idref="fl-15a"/>
      </object_component>
      <object_component id="oc-131">
         <name>.debug_info</name>
         <load_address>0xca28</load_address>
         <run_address>0xca28</run_address>
         <size>0x325</size>
         <input_file_ref idref="fl-15a"/>
      </object_component>
      <object_component id="oc-125">
         <name>.debug_info</name>
         <load_address>0xcd4d</load_address>
         <run_address>0xcd4d</run_address>
         <size>0x1ea</size>
         <input_file_ref idref="fl-15a"/>
      </object_component>
      <object_component id="oc-135">
         <name>.debug_info</name>
         <load_address>0xcf37</load_address>
         <run_address>0xcf37</run_address>
         <size>0x1ec</size>
         <input_file_ref idref="fl-15a"/>
      </object_component>
      <object_component id="oc-f4">
         <name>.debug_info</name>
         <load_address>0xd123</load_address>
         <run_address>0xd123</run_address>
         <size>0x2e4</size>
         <input_file_ref idref="fl-15a"/>
      </object_component>
      <object_component id="oc-f8">
         <name>.debug_info</name>
         <load_address>0xd407</load_address>
         <run_address>0xd407</run_address>
         <size>0x1ea</size>
         <input_file_ref idref="fl-15a"/>
      </object_component>
      <object_component id="oc-1e2">
         <name>.debug_info</name>
         <load_address>0xd5f1</load_address>
         <run_address>0xd5f1</run_address>
         <size>0x477</size>
         <input_file_ref idref="fl-15b"/>
      </object_component>
      <object_component id="oc-194">
         <name>.debug_info</name>
         <load_address>0xda68</load_address>
         <run_address>0xda68</run_address>
         <size>0x1af</size>
         <input_file_ref idref="fl-15b"/>
      </object_component>
      <object_component id="oc-184">
         <name>.debug_info</name>
         <load_address>0xdc17</load_address>
         <run_address>0xdc17</run_address>
         <size>0x1b1</size>
         <input_file_ref idref="fl-15b"/>
      </object_component>
      <object_component id="oc-17d">
         <name>.debug_info</name>
         <load_address>0xddc8</load_address>
         <run_address>0xddc8</run_address>
         <size>0x261</size>
         <input_file_ref idref="fl-15b"/>
      </object_component>
      <object_component id="oc-198">
         <name>.debug_info</name>
         <load_address>0xe029</load_address>
         <run_address>0xe029</run_address>
         <size>0x1f9</size>
         <input_file_ref idref="fl-15b"/>
      </object_component>
      <object_component id="oc-188">
         <name>.debug_info</name>
         <load_address>0xe222</load_address>
         <run_address>0xe222</run_address>
         <size>0x396</size>
         <input_file_ref idref="fl-15b"/>
      </object_component>
      <object_component id="oc-179">
         <name>.debug_info</name>
         <load_address>0xe5b8</load_address>
         <run_address>0xe5b8</run_address>
         <size>0x1af</size>
         <input_file_ref idref="fl-15b"/>
      </object_component>
      <object_component id="oc-1de">
         <name>.debug_info</name>
         <load_address>0xe767</load_address>
         <run_address>0xe767</run_address>
         <size>0x478</size>
         <input_file_ref idref="fl-15c"/>
      </object_component>
      <object_component id="oc-1dc">
         <name>.debug_info</name>
         <load_address>0xebdf</load_address>
         <run_address>0xebdf</run_address>
         <size>0x11c</size>
         <input_file_ref idref="fl-15c"/>
      </object_component>
      <object_component id="oc-16f">
         <name>.debug_info</name>
         <load_address>0xecfb</load_address>
         <run_address>0xecfb</run_address>
         <size>0x2b6</size>
         <input_file_ref idref="fl-15c"/>
      </object_component>
      <object_component id="oc-1af">
         <name>.debug_info</name>
         <load_address>0xefb1</load_address>
         <run_address>0xefb1</run_address>
         <size>0x471</size>
         <input_file_ref idref="fl-15d"/>
      </object_component>
      <object_component id="oc-14b">
         <name>.debug_info</name>
         <load_address>0xf422</load_address>
         <run_address>0xf422</run_address>
         <size>0x208</size>
         <input_file_ref idref="fl-15d"/>
      </object_component>
      <object_component id="oc-1aa">
         <name>.debug_info</name>
         <load_address>0xf62a</load_address>
         <run_address>0xf62a</run_address>
         <size>0x214</size>
         <input_file_ref idref="fl-15d"/>
      </object_component>
      <object_component id="oc-190">
         <name>.debug_info</name>
         <load_address>0xf83e</load_address>
         <run_address>0xf83e</run_address>
         <size>0x25a</size>
         <input_file_ref idref="fl-15d"/>
      </object_component>
      <object_component id="oc-18c">
         <name>.debug_info</name>
         <load_address>0xfa98</load_address>
         <run_address>0xfa98</run_address>
         <size>0x1e8</size>
         <input_file_ref idref="fl-15d"/>
      </object_component>
      <object_component id="oc-147">
         <name>.debug_info</name>
         <load_address>0xfc80</load_address>
         <run_address>0xfc80</run_address>
         <size>0x1f6</size>
         <input_file_ref idref="fl-15d"/>
      </object_component>
      <object_component id="oc-129">
         <name>.debug_info</name>
         <load_address>0xfe76</load_address>
         <run_address>0xfe76</run_address>
         <size>0x1f4</size>
         <input_file_ref idref="fl-15d"/>
      </object_component>
      <object_component id="oc-12d">
         <name>.debug_info</name>
         <load_address>0x1006a</load_address>
         <run_address>0x1006a</run_address>
         <size>0x1e4</size>
         <input_file_ref idref="fl-15d"/>
      </object_component>
      <object_component id="oc-330">
         <name>.debug_info</name>
         <load_address>0x1024e</load_address>
         <run_address>0x1024e</run_address>
         <size>0xaa</size>
      </object_component>
      <object_component id="oc-a1">
         <name>.debug_line</name>
         <load_address>0x0</load_address>
         <run_address>0x0</run_address>
         <size>0x4d</size>
         <input_file_ref idref="fl-2"/>
      </object_component>
      <object_component id="oc-7f">
[...]
         <name>__TI_Handler_Table_Limit</name>
         <value>0x3408</value>
      </symbol>
      <symbol id="sm-6">
         <name>binit</name>
         <value>0xffffffff</value>
      </symbol>
      <symbol id="sm-7">
         <name>__binit__</name>
         <value>0xffffffff</value>
      </symbol>
      <symbol id="sm-8">
         <name>__STACK_SIZE</name>
         <value>0x1000</value>
      </symbol>
      <symbol id="sm-9">
         <name>__STACK_END</name>
         <value>0x2000126c</value>
      </symbol>
      <symbol id="sm-a">
         <name>__c_args__</name>
         <value>0xffffffff</value>
      </symbol>
      <symbol id="sm-34">
         <name>main</name>
         <value>0x2e07</value>
         <object_component_ref idref="oc-9d"/>
      </symbol>
      <symbol id="sm-56">
         <name>ResetISR</name>
         <value>0x2f73</value>
         <object_component_ref idref="oc-2d"/>
      </symbol>
      <symbol id="sm-57">
         <name>g_pfnVectors</name>
         <value>0x0</value>
         <object_component_ref idref="oc-f"/>
      </symbol>
      <symbol id="sm-7a">
         <name>LEDInit</name>
         <value>0x2655</value>
         <object_component_ref idref="oc-ca"/>
      </symbol>
      <symbol id="sm-7b">
         <name>LEDExec</name>
         <value>0x267f</value>
         <object_component_ref idref="oc-ca"/>
      </symbol>
      <symbol id="sm-b1">
         <name>OLEDExec</name>
         <value>0x19a7</value>
         <object_component_ref idref="oc-c4"/>
      </symbol>
      <symbol id="sm-b2">
         <name>OLEDInit</name>
         <value>0x1891</value>
         <object_component_ref idref="oc-c4"/>
      </symbol>
      <symbol id="sm-d5">
         <name>SPEAKERInit</name>
         <value>0x26c5</value>
         <object_component_ref idref="oc-d0"/>
      </symbol>
      <symbol id="sm-d6">
         <name>SPEAKERExec</name>
         <value>0x26ef</value>
         <object_component_ref idref="oc-d0"/>
      </symbol>
      <symbol id="sm-f1">
         <name>systemInit</name>
         <value>0x29e3</value>
         <object_component_ref idref="oc-be"/>
      </symbol>
      <symbol id="sm-f2">
         <name>sysTickCount</name>
         <value>0x200013cc</value>
         <object_component_ref idref="oc-11a"/>
      </symbol>
      <symbol id="sm-163">
         <name>RIT128x96x4StringDraw</name>
         <value>0x12f1</value>
         <object_component_ref idref="oc-11e"/>
      </symbol>
      <symbol id="sm-164">
         <name>RIT128x96x4DisplayOn</name>
         <value>0x1631</value>
         <object_component_ref idref="oc-11e"/>
      </symbol>
      <symbol id="sm-165">
         <name>RIT128x96x4Enable</name>
         <value>0x14b9</value>
         <object_component_ref idref="oc-11e"/>
      </symbol>
      <symbol id="sm-166">
         <name>RIT128x96x4Clear</name>
         <value>0x1295</value>
         <object_component_ref idref="oc-11e"/>
      </symbol>
      <symbol id="sm-167">
         <name>RIT128x96x4Disable</name>
         <value>0x1513</value>
         <object_component_ref idref="oc-11e"/>
      </symbol>
      <symbol id="sm-168">
         <name>RIT128x96x4DisplayOff</name>
         <value>0x1665</value>
         <object_component_ref idref="oc-11e"/>
      </symbol>
      <symbol id="sm-169">
         <name>RIT128x96x4ImageDraw</name>
         <value>0x1431</value>
         <object_component_ref idref="oc-11e"/>
      </symbol>
      <symbol id="sm-16a">
         <name>RIT128x96x4Init</name>
         <value>0x158d</value>
         <object_component_ref idref="oc-11e"/>
      </symbol>
      <symbol id="sm-17a">
         <name>_c_int00</name>
         <value>0x2c5d</value>
         <object_component_ref idref="oc-24"/>
      </symbol>
      <symbol id="sm-17b">
         <name>__stack</name>
         <value>0x2000026c</value>
         <object_component_ref idref="oc-29"/>
      </symbol>
      <symbol id="sm-192">
         <name>__TI_decompress_none</name>
         <value>0x2f59</value>
         <object_component_ref idref="oc-12"/>
      </symbol>
      <symbol id="sm-1ba">
         <name>__TI_decompress_rle24</name>
         <value>0x2fb7</value>
         <object_component_ref idref="oc-18"/>
      </symbol>
      <symbol id="sm-1cc">
         <name>__TI_zero_init</name>
         <value>0x2f67</value>
         <object_component_ref idref="oc-1e"/>
      </symbol>
      <symbol id="sm-1eb">
         <name>C$$EXIT</name>
         <value>0x2b95</value>
         <object_component_ref idref="oc-6d"/>
      </symbol>
      <symbol id="sm-1ec">
         <name>abort</name>
         <value>0x2b99</value>
         <object_component_ref idref="oc-6d"/>
      </symbol>
      <symbol id="sm-1ed">
         <name>exit</name>
         <value>0x2ba1</value>
         <object_component_ref idref="oc-6d"/>
      </symbol>
      <symbol id="sm-1ee">
         <name>__TI_dtors_ptr</name>
         <value>0x200013ac</value>
         <object_component_ref idref="oc-a8"/>
      </symbol>
      <symbol id="sm-1ef">
         <name>__TI_cleanup_ptr</name>
         <value>0x200013a8</value>
         <object_component_ref idref="oc-a8"/>
      </symbol>
      <symbol id="sm-20f">
         <name>__aeabi_ddiv</name>
         <value>0x1edd</value>
         <object_component_ref idref="oc-100"/>
      </symbol>
      <symbol id="sm-21c">
         <name>__aeabi_d2uiz</name>
         <value>0x2bd9</value>
         <object_component_ref idref="oc-105"/>
      </symbol>
      <symbol id="sm-237">
         <name>memcpy</name>
         <value>0x23a7</value>
         <object_component_ref idref="oc-36"/>
      </symbol>
      <symbol id="sm-238">
         <name>__aeabi_memcpy</name>
         <value>0x23a7</value>
         <object_component_ref idref="oc-36"/>
      </symbol>
      <symbol id="sm-239">
         <name>__aeabi_memcpy8</name>
         <value>0x23a7</value>
         <object_component_ref idref="oc-36"/>
      </symbol>
      <symbol id="sm-23a">
         <name>__aeabi_memcpy4</name>
         <value>0x23a7</value>
         <object_component_ref idref="oc-36"/>
      </symbol>
      <symbol id="sm-249">
         <name>__aeabi_memset</name>
         <value>0x25db</value>
         <object_component_ref idref="oc-4f"/>
      </symbol>
      <symbol id="sm-24a">
         <name>memset</name>
         <value>0x25e1</value>
         <object_component_ref idref="oc-4f"/>
      </symbol>
      <symbol id="sm-24b">
         <name>__aeabi_memset8</name>
         <value>0x25db</value>
         <object_component_ref idref="oc-4f"/>
      </symbol>
      <symbol id="sm-24c">
         <name>__aeabi_memset4</name>
         <value>0x25db</value>
         <object_component_ref idref="oc-4f"/>
      </symbol>
      <symbol id="sm-24d">
         <name>__aeabi_memclr8</name>
         <value>0x25d9</value>
         <object_component_ref idref="oc-4f"/>
      </symbol>
      <symbol id="sm-24e">
         <name>__aeabi_memclr4</name>
         <value>0x25d9</value>
         <object_component_ref idref="oc-4f"/>
      </symbol>
      <symbol id="sm-24f">
         <name>__aeabi_memclr</name>
         <value>0x25d9</value>
         <object_component_ref idref="oc-4f"/>
      </symbol>
      <symbol id="sm-259">
         <name>_system_pre_init</name>
         <value>0x2fbd</value>
         <object_component_ref idref="oc-5b"/>
      </symbol>
      <symbol id="sm-272">
         <name>sprintf</name>
         <value>0x2871</value>
         <object_component_ref idref="oc-138"/>
      </symbol>
      <symbol id="sm-27a">
         <name>main_func_sp</name>
         <value>0x200013c4</value>
         <object_component_ref idref="oc-73"/>
      </symbol>
      <symbol id="sm-286">
         <name>__aeabi_ui2d</name>
         <value>0x2e27</value>
         <object_component_ref idref="oc-fb"/>
      </symbol>
      <symbol id="sm-29f">
         <name>_nop</name>
         <value>0x2ee7</value>
         <object_component_ref idref="oc-de"/>
      </symbol>
      <symbol id="sm-2a0">
         <name>_lock</name>
         <value>0x200013a0</value>
         <object_component_ref idref="oc-a5"/>
      </symbol>
      <symbol id="sm-2a1">
         <name>_unlock</name>
         <value>0x200013a4</value>
         <object_component_ref idref="oc-a5"/>
      </symbol>
      <symbol id="sm-2a2">
         <name>_register_lock</name>
         <value>0x2edf</value>
         <object_component_ref idref="oc-de"/>
      </symbol>
      <symbol id="sm-2a3">
         <name>_register_unlock</name>
         <value>0x2ed9</value>
         <object_component_ref idref="oc-de"/>
      </symbol>
      <symbol id="sm-3a8">
         <name>__TI_printfi</name>
         <value>0xe85</value>
         <object_component_ref idref="oc-1b2"/>
      </symbol>
      <symbol id="sm-3bd">
         <name>_args_main</name>
         <value>0x2e81</value>
         <object_component_ref idref="oc-67"/>
      </symbol>
      <symbol id="sm-3d3">
         <name>atoi</name>
         <value>0x2a29</value>
         <object_component_ref idref="oc-249"/>
      </symbol>
      <symbol id="sm-3f9">
         <name>__TI_auto_init</name>
         <value>0x2735</value>
         <object_component_ref idref="oc-61"/>
      </symbol>
      <symbol id="sm-413">
         <name>copy_in</name>
         <value>0x2a75</value>
         <object_component_ref idref="oc-95"/>
      </symbol>
      <symbol id="sm-41e">
         <name>_ctypes_</name>
         <value>0x31a0</value>
         <object_component_ref idref="oc-293"/>
      </symbol>
      <symbol id="sm-442">
         <name>__aeabi_dsub</name>
         <value>0x1a49</value>
         <object_component_ref idref="oc-226"/>
      </symbol>
      <symbol id="sm-443">
         <name>__aeabi_dadd</name>
         <value>0x1a53</value>
         <object_component_ref idref="oc-226"/>
      </symbol>
      <symbol id="sm-46a">
         <name>__aeabi_cdcmpeq</name>
         <value>0x24cd</value>
         <object_component_ref idref="oc-207"/>
      </symbol>
      <symbol id="sm-46b">
         <name>__aeabi_cdcmple</name>
         <value>0x24cd</value>
         <object_component_ref idref="oc-207"/>
      </symbol>
      <symbol id="sm-46c">
         <name>__aeabi_cdrcmple</name>
         <value>0x2553</value>
         <object_component_ref idref="oc-211"/>
      </symbol>
      <symbol id="sm-483">
         <name>__aeabi_dmul</name>
         <value>0x2125</value>
         <object_component_ref idref="oc-20c"/>
      </symbol>
      <symbol id="sm-491">
         <name>__aeabi_d2iz</name>
         <value>0x2ac1</value>
         <object_component_ref idref="oc-216"/>
      </symbol>
      <symbol id="sm-49e">
         <name>frexp</name>
         <value>0x2de5</value>
         <object_component_ref idref="oc-22b"/>
      </symbol>
      <symbol id="sm-4aa">
         <name>__aeabi_i2d</name>
         <value>0x2d5f</value>
         <object_component_ref idref="oc-221"/>
      </symbol>
      <symbol id="sm-4bb">
         <name>ldexp</name>
         <value>0x2b09</value>
         <object_component_ref idref="oc-231"/>
      </symbol>
      <symbol id="sm-4ca">
         <name>ltoa</name>
         <value>0x2981</value>
         <object_component_ref idref="oc-21b"/>
      </symbol>
      <symbol id="sm-4da">
         <name>memccpy</name>
         <value>0x2e65</value>
         <object_component_ref idref="oc-243"/>
      </symbol>
      <symbol id="sm-4ea">
         <name>strchr</name>
         <value>0x2e99</value>
         <object_component_ref idref="oc-237"/>
      </symbol>
      <symbol id="sm-4f8">
         <name>strlen</name>
         <value>0x2eed</value>
         <object_component_ref idref="oc-201"/>
      </symbol>
      <symbol id="sm-522">
         <name>__aeabi_uldivmod</name>
         <value>0x169d</value>
         <object_component_ref idref="oc-1fc"/>
      </symbol>
      <symbol id="sm-530">
         <name>_Dclass</name>
         <value>0x2dbb</value>
         <object_component_ref idref="oc-23d"/>
      </symbol>
      <symbol id="sm-551">
         <name>_Dscale</name>
         <value>0x2015</value>
         <object_component_ref idref="oc-27f"/>
      </symbol>
      <symbol id="sm-565">
         <name>_Dunscale</name>
         <value>0x280b</value>
         <object_component_ref idref="oc-277"/>
      </symbol>
      <symbol id="sm-574">
         <name>_Feraise</name>
         <value>0x2d01</value>
         <object_component_ref idref="oc-285"/>
      </symbol>
      <symbol id="sm-584">
         <name>_Rteps</name>
         <value>0x20001380</value>
         <object_component_ref idref="oc-2ad"/>
      </symbol>
      <symbol id="sm-585">
         <name>_Zero</name>
         <value>0x20001398</value>
         <object_component_ref idref="oc-2ad"/>
      </symbol>
      <symbol id="sm-586">
         <name>_Hugeval</name>
         <value>0x20001340</value>
         <object_component_ref idref="oc-2ad"/>
      </symbol>
      <symbol id="sm-587">
         <name>_Snan</name>
         <value>0x20001370</value>
         <object_component_ref idref="oc-2ad"/>
      </symbol>
      <symbol id="sm-588">
         <name>_Nan</name>
         <value>0x20001360</value>
         <object_component_ref idref="oc-2ad"/>
      </symbol>
      <symbol id="sm-589">
         <name>_Inf</name>
         <value>0x20001350</value>
         <object_component_ref idref="oc-2ad"/>
      </symbol>
      <symbol id="sm-58a">
         <name>_Xbig</name>
         <value>0x20001390</value>
         <object_component_ref idref="oc-2ad"/>
      </symbol>
      <symbol id="sm-58b">
         <name>_Eps</name>
         <value>0x20001330</value>
         <object_component_ref idref="oc-2ad"/>
      </symbol>
      <symbol id="sm-58c">
         <name>_Denorm</name>
         <value>0x20001320</value>
         <object_component_ref idref="oc-2ad"/>
      </symbol>
      <symbol id="sm-594">
         <name>_Errno</name>
         <value>0x200013c0</value>
         <object_component_ref idref="oc-2b8"/>
      </symbol>
      <symbol id="sm-5b2">
         <name>feraiseexcept</name>
         <value>0x2ccd</value>
         <object_component_ref idref="oc-2b2"/>
      </symbol>
      <symbol id="sm-5b3">
         <name>_Tls_setup__Fenv</name>
         <value>0x200013b4</value>
         <object_component_ref idref="oc-2dc"/>
      </symbol>
      <symbol id="sm-5b4">
         <name>_Fenv</name>
         <value>0x200013b0</value>
         <object_component_ref idref="oc-2dc"/>
      </symbol>
      <symbol id="sm-5c8">
         <name>raise</name>
         <value>0x2d8d</value>
         <object_component_ref idref="oc-2d6"/>
      </symbol>
      <symbol id="sm-5e2">
         <name>signal</name>
         <value>0x2c1d</value>
         <object_component_ref idref="oc-2e6"/>
      </symbol>
      <symbol id="sm-5f7">
         <name>_Dnorm</name>
         <value>0x22e9</value>
         <object_component_ref idref="oc-2a3"/>
      </symbol>
      <symbol id="sm-624">
         <name>SysTickEnable</name>
         <value>0x2eb1</value>
         <object_component_ref idref="oc-116"/>
      </symbol>
      <symbol id="sm-625">
         <name>SysTickIntRegister</name>
         <value>0x2e49</value>
         <object_component_ref idref="oc-10e"/>
      </symbol>
      <symbol id="sm-626">
         <name>SysTickIntEnable</name>
         <value>0x2ec5</value>
         <object_component_ref idref="oc-112"/>
      </symbol>
      <symbol id="sm-627">
         <name>SysTickPeriodSet</name>
         <value>0x2f49</value>
         <object_component_ref idref="oc-10a"/>
      </symbol>
      <symbol id="sm-6ba">
         <name>SysCtlClockSet</name>
         <value>0x1d99</value>
         <object_component_ref idref="oc-f3"/>
      </symbol>
      <symbol id="sm-6bb">
         <name>SysCtlDelay</name>
         <value>0x2fb1</value>
         <object_component_ref idref="oc-15f"/>
      </symbol>
      <symbol id="sm-6bc">
         <name>SysCtlPeripheralEnable</name>
         <value>0x2929</value>
         <object_component_ref idref="oc-124"/>
      </symbol>
      <symbol id="sm-6bd">
         <name>SysCtlClockGet</name>
         <value>0x1c01</value>
         <object_component_ref idref="oc-f7"/>
      </symbol>
      <symbol id="sm-6be">
         <name>SysCtlPeripheralDisable</name>
         <value>0x28d1</value>
         <object_component_ref idref="oc-134"/>
      </symbol>
      <symbol id="sm-6bf">
         <name>SysCtlPeripheralReset</name>
         <value>0x2445</value>
         <object_component_ref idref="oc-130"/>
      </symbol>
      <symbol id="sm-6f3">
         <name>SSIDataPut</name>
         <value>0x2f7f</value>
         <object_component_ref idref="oc-17c"/>
      </symbol>
      <symbol id="sm-6f4">
         <name>SSIDataGetNonBlocking</name>
         <value>0x2f37</value>
         <object_component_ref idref="oc-197"/>
      </symbol>
      <symbol id="sm-6f5">
         <name>SSIConfigSetExpClk</name>
         <value>0x2b4f</value>
         <object_component_ref idref="oc-187"/>
      </symbol>
      <symbol id="sm-6f6">
         <name>SSIEnable</name>
         <value>0x2f93</value>
         <object_component_ref idref="oc-193"/>
      </symbol>
      <symbol id="sm-6f7">
         <name>SSIBusy</name>
         <value>0x2f9d</value>
         <object_component_ref idref="oc-178"/>
      </symbol>
      <symbol id="sm-6f8">
         <name>SSIDisable</name>
         <value>0x2f89</value>
         <object_component_ref idref="oc-183"/>
      </symbol>
      <symbol id="sm-70e">
         <name>IntRegister</name>
         <value>0x2c99</value>
         <object_component_ref idref="oc-16e"/>
      </symbol>
      <symbol id="sm-70f">
         <name>g_pfnRAMVectors</name>
         <value>0x20000000</value>
         <object_component_ref idref="oc-1db"/>
      </symbol>
      <symbol id="sm-754">
         <name>GPIOPinTypeGPIOInput</name>
         <value>0x2f01</value>
         <object_component_ref idref="oc-128"/>
      </symbol>
      <symbol id="sm-755">
         <name>GPIOPinTypeGPIOOutput</name>
         <value>0x2f13</value>
         <object_component_ref idref="oc-146"/>
      </symbol>
      <symbol id="sm-756">
         <name>GPIOPinRead</name>
         <value>0x2fa5</value>
         <object_component_ref idref="oc-12c"/>
      </symbol>
      <symbol id="sm-757">
         <name>GPIODirModeSet</name>
         <value>0x2d31</value>
         <object_component_ref idref="oc-1a9"/>
      </symbol>
      <symbol id="sm-758">
         <name>GPIOPinWrite</name>
         <value>0x2fab</value>
         <object_component_ref idref="oc-14a"/>
      </symbol>
      <symbol id="sm-759">
         <name>GPIOPadConfigSet</name>
         <value>0x2221</value>
         <object_component_ref idref="oc-18f"/>
      </symbol>
      <symbol id="sm-75a">
         <name>GPIOPinTypeSSI</name>
         <value>0x2f25</value>
         <object_component_ref idref="oc-18b"/>
      </symbol>
      <symbol id="sm-75c">
         <name>__TI_static_base__</name>
         <value>0x0</value>
      </symbol>
      <symbol id="sm-75f">
         <name>SHT$$INIT_ARRAY$$Limit</name>
         <value>0x0</value>
      </symbol>
      <symbol id="sm-760">
         <name>SHT$$INIT_ARRAY$$Base</name>
         <value>0x0</value>
      </symbol>
   </symbol_table>
   <title>Link successful</title>
</link_info>
