******************************************************************************
                  TI ARM Linker PC v5.2.2                      
******************************************************************************
>> Linked Wed Feb 03 15:21:56 2016

OUTPUT FILE NAME:   <EECS_388_P0.out>
ENTRY POINT SYMBOL: "_c_int00"  address: 00002bed


MEMORY CONFIGURATION

         name            origin    length      used     unused   attr    fill
----------------------  --------  ---------  --------  --------  ----  --------
  FLASH                 00000000   00040000  000033b4  0003cc4c  R  X
  SRAM                  20000000   00010000  000014d4  0000eb2c  RW X


SEGMENT ALLOCATION MAP

run origin  load origin   length   init length attrs members
----------  ----------- ---------- ----------- ----- -------
00000000    00000000    000033b8   000033b8    r-x
  00000000    00000000    000000f0   000000f0    r-- .intvecs
  000000f0    000000f0    00002e58   00002e58    r-x .text
  00002f48    00002f48    000003f4   000003f4    r-- .const
  00003340    00003340    00000078   00000078    r-- .cinit
20000000    20000000    000014d8   00000000    rw-
  20000000    20000000    0000026c   00000000    rw- .vtable
  2000026c    2000026c    00001000   00000000    rw- .stack
  20001270    20001270    0000015c   00000000    rw- .data
  200013cc    200013cc    0000010c   00000000    rw- .bss


SECTION ALLOCATION MAP

 output                                  attributes/
section   page    origin      length       input sections
--------  ----  ----------  ----------   ----------------
.intvecs   0    00000000    000000f0     
                  00000000    000000f0     lm3s1968_startup_ccs.obj (.intvecs)

.text      0    000000f0    00002e58     
                  000000f0    0000109a     rtsv7M3_T_le_eabi.lib : _printfi.obj (.text)
                  0000118a    00000002     --HOLE-- [fill = 0]
                  0000118c    00000510     rit128x96x4.obj (.text)
                  0000169c    000001f4     rtsv7M3_T_le_eabi.lib : ull_div_t2.obj (.text)
                  00001890    000001b8     oled.obj (.text)
                  00001a48    000001b6     rtsv7M3_T_le_eabi.lib : fd_add_t2.obj (.text)
                  00001bfe    00000002     --HOLE-- [fill = 0]
                  00001c00    00000198     driverlib-cm3.lib : sysctl.obj (.text:SysCtlClockGet)
                  00001d98    00000144                       : sysctl.obj (.text:SysCtlClockSet)
                  00001edc    00000136     rtsv7M3_T_le_eabi.lib : fd_div_t2.obj (.text)
                  00002012    00000002     --HOLE-- [fill = 0]
                  00002014    00000110                           : xdscale.obj (.text)
                  00002124    000000fc                           : fd_mul_t2.obj (.text)
                  00002220    000000c8     driverlib-cm3.lib : gpio.obj (.text:GPIOPadConfigSet)
                  000022e8    000000be     rtsv7M3_T_le_eabi.lib : xdnorm.obj (.text)
                  000023a6    0000009c                           : memcpy_t2.obj (.text)
                  00002442    00000002     --HOLE-- [fill = 0]
                  00002444    00000088     driverlib-cm3.lib : sysctl.obj (.text:SysCtlPeripheralReset)
                  000024cc    00000086     rtsv7M3_T_le_eabi.lib : fd_cmp_t2.obj (.text:__aeabi_cdcmple)
                  00002552    00000086                           : fd_cmp_t2.obj (.text:__aeabi_cdrcmple)
                  000025d8    0000007a                           : memset_t2.obj (.text)
                  00002652    00000002     --HOLE-- [fill = 0]
                  00002654    00000070     led.obj (.text)
                  000026c4    0000006c     rtsv7M3_T_le_eabi.lib : autoinit.obj (.text)
                  00002730    0000006a                           : copy_decompress_rle.obj (.text)
                  0000279a    00000066                           : xdunscal.obj (.text)
                  00002800    00000060                           : sprintf.obj (.text)
                  00002860    00000058     driverlib-cm3.lib : sysctl.obj (.text:SysCtlPeripheralDisable)
                  000028b8    00000058                       : sysctl.obj (.text:SysCtlPeripheralEnable)
                  00002910    00000056     rtsv7M3_T_le_eabi.lib : ltoa.obj (.text)
                  00002966    00000002     --HOLE-- [fill = 0]
                  00002968    00000050     system.obj (.text)
                  000029b8    0000004c     rtsv7M3_T_le_eabi.lib : atoi.obj (.text)
                  00002a04    0000004c                           : cpy_tbl.obj (.text)
                  00002a50    00000048                           : fd_toi_t2.obj (.text)
                  00002a98    00000046                           : ldexp.obj (.text)
                  00002ade    00000044     driverlib-cm3.lib : ssi.obj (.text:SSIConfigSetExpClk)
                  00002b22    00000002     --HOLE-- [fill = 0]
                  00002b24    00000044     rtsv7M3_T_le_eabi.lib : exit.obj (.text)
                  00002b68    00000044                           : fd_tou_t2.obj (.text)
                  00002bac    00000040                           : signal.obj (.text)
                  00002bec    0000003c                           : boot.obj (.text)
                  00002c28    00000034     driverlib-cm3.lib : interrupt.obj (.text:IntRegister)
                  00002c5c    00000034     rtsv7M3_T_le_eabi.lib : feraiseexcept.obj (.text)
                  00002c90    00000030                           : xferaise.obj (.text)
                  00002cc0    0000002e     driverlib-cm3.lib : gpio.obj (.text:GPIODirModeSet)
                  00002cee    0000002e     rtsv7M3_T_le_eabi.lib : i_tofd_t2.obj (.text)
                  00002d1c    0000002e                           : raise.obj (.text)
                  00002d4a    0000002a                           : xdclass.obj (.text)
                  00002d74    00000022                           : frexp.obj (.text)
                  00002d96    00000020                           : u_tofd_t2.obj (.text)
                  00002db6    00000002     --HOLE-- [fill = 0]
                  00002db8    0000001c     driverlib-cm3.lib : systick.obj (.text:SysTickIntRegister)
                  00002dd4    0000001a     rtsv7M3_T_le_eabi.lib : memccpy.obj (.text)
                  00002dee    00000018     main.obj (.text)
                  00002e06    00000002     --HOLE-- [fill = 0]
                  00002e08    00000018     rtsv7M3_T_le_eabi.lib : args_main.obj (.text)
                  00002e20    00000016                           : strchr.obj (.text)
                  00002e36    00000002     --HOLE-- [fill = 0]
                  00002e38    00000014     driverlib-cm3.lib : systick.obj (.text:SysTickEnable)
                  00002e4c    00000014                       : systick.obj (.text:SysTickIntEnable)
                  00002e60    00000014     rtsv7M3_T_le_eabi.lib : _lock.obj (.text)
                  00002e74    00000014                           : strlen.obj (.text)
                  00002e88    00000012     driverlib-cm3.lib : gpio.obj (.text:GPIOPinTypeGPIOInput)
                  00002e9a    00000012                       : gpio.obj (.text:GPIOPinTypeGPIOOutput)
                  00002eac    00000012                       : gpio.obj (.text:GPIOPinTypeSSI)
                  00002ebe    00000012                       : ssi.obj (.text:SSIDataGetNonBlocking)
                  00002ed0    00000010                       : systick.obj (.text:SysTickPeriodSet)
                  00002ee0    0000000e     rtsv7M3_T_le_eabi.lib : copy_decompress_none.obj (.text:decompress:none)
                  00002eee    0000000c                           : copy_zero_init.obj (.text:decompress:ZI)
                  00002efa    0000000c     lm3s1968_startup_ccs.obj (.text)
                  00002f06    0000000a     driverlib-cm3.lib : ssi.obj (.text:SSIDataPut)
                  00002f10    0000000a                       : ssi.obj (.text:SSIDisable)
                  00002f1a    0000000a                       : ssi.obj (.text:SSIEnable)
                  00002f24    00000008                       : ssi.obj (.text:SSIBusy)
                  00002f2c    00000006                       : gpio.obj (.text:GPIOPinRead)
                  00002f32    00000006                       : gpio.obj (.text:GPIOPinWrite)
                  00002f38    00000006                       : sysctl.obj (.text:SysCtlDelay)
                  00002f3e    00000006     rtsv7M3_T_le_eabi.lib : copy_decompress_rle.obj (.text:decompress:rle24)
                  00002f44    00000004                           : pre_init.obj (.text)

.const     0    00002f48    000003f4     
                  00002f48    000001e0     rit128x96x4.obj (.const:g_pucFont)
                  00003128    00000101     rtsv7M3_T_le_eabi.lib : ctype.obj (.const:.string:_ctypes_)
                  00003229    00000003     --HOLE-- [fill = 0]
                  0000322c    0000006c     driverlib-cm3.lib : sysctl.obj (.const:g_pulXtals)
                  00003298    0000004f     rit128x96x4.obj (.const:.string:g_pucRIT128x96x4Init)
                  000032e7    00000001     --HOLE-- [fill = 0]
                  000032e8    00000040     driverlib-cm3.lib : sysctl.obj (.const)
                  00003328    0000000c     rit128x96x4.obj (.const:.string)
                  00003334    00000004     led.obj (.const)
                  00003338    00000004     oled.obj (.const)

.cinit     0    00003340    00000078     
                  00003340    00000041     (.cinit..data.load) [load image, compression = rle]
                  00003381    00000003     --HOLE-- [fill = 0]
                  00003384    0000000c     (__TI_handler_table)
                  00003390    00000008     (.cinit..bss.load) [load image, compression = zero_init]
                  00003398    00000008     (.cinit..vtable.load) [load image, compression = zero_init]
                  000033a0    00000018     (__TI_cinit_table)

.init_array 
*          0    00000000    00000000     UNINITIALIZED

.vtable    0    20000000    0000026c     UNINITIALIZED
                  20000000    0000026c     driverlib-cm3.lib : interrupt.obj (.vtable)

.stack     0    2000026c    00001000     UNINITIALIZED
                  2000026c    00001000     --HOLE--

.data      0    20001270    0000015c     UNINITIALIZED
                  20001270    000000b0     rtsv7M3_T_le_eabi.lib : signal.obj (.data:sigtable)
                  20001320    00000080                           : xvalues.obj (.data)
                  200013a0    00000008                           : _lock.obj (.data)
                  200013a8    00000008                           : exit.obj (.data)
                  200013b0    00000008                           : feraiseexcept.obj (.data)
                  200013b8    00000004     led.obj (.data)
                  200013bc    00000004     oled.obj (.data)
                  200013c0    00000004     rtsv7M3_T_le_eabi.lib : errno.obj (.data)
                  200013c4    00000004                           : stkdepth_vars.obj (.data)
                  200013c8    00000004     system.obj (.data)

.bss       0    200013cc    0000010c     UNINITIALIZED
                  200013cc    00000100     lm3s1968_startup_ccs.obj (.bss:pulStack)
                  200014cc    00000008     (.common:g_pucBuffer)
                  200014d4    00000004     (.common:g_ulSSIFlags)

.TI.persistent 
*          0    20001270    00000000     UNINITIALIZED

.TI.noinit 
*          0    200013cc    00000000     UNINITIALIZED


LINKER GENERATED COPY TABLES

__TI_cinit_table @ 000033a0 records: 3, size/record: 8, table size: 24
	.data: load addr=00003340, load size=00000041 bytes, run addr=20001270, run size=0000015c bytes, compression=rle
	.bss: load addr=00003390, load size=00000008 bytes, run addr=200013cc, run size=0000010c bytes, compression=zero_init
	.vtable: load addr=00003398, load size=00000008 bytes, run addr=20000000, run size=0000026c bytes, compression=zero_init


LINKER GENERATED HANDLER TABLE

__TI_handler_table @ 00003384 records: 3, size/record: 4, table size: 12
	index: 0, handler: __TI_zero_init
	index: 1, handler: __TI_decompress_rle24
	index: 2, handler: __TI_decompress_none


GLOBAL SYMBOLS: SORTED ALPHABETICALLY BY Name 

address   name                    
-------   ----                    
00002b25  C$$EXIT                 
00002cc1  GPIODirModeSet          
00002221  GPIOPadConfigSet        
00002f2d  GPIOPinRead             
00002e89  GPIOPinTypeGPIOInput    
00002e9b  GPIOPinTypeGPIOOutput   
00002ead  GPIOPinTypeSSI          
00002f33  GPIOPinWrite            
00002c29  IntRegister             
0000267f  LEDExec                 
00002655  LEDInit                 
000019a7  OLEDExec                
00001891  OLEDInit                
00001295  RIT128x96x4Clear        
00001513  RIT128x96x4Disable      
00001665  RIT128x96x4DisplayOff   
00001631  RIT128x96x4DisplayOn    
000014b9  RIT128x96x4Enable       
00001431  RIT128x96x4ImageDraw    
0000158d  RIT128x96x4Init         
000012f1  RIT128x96x4StringDraw   
00002efb  ResetISR                
UNDEFED   SHT$$INIT_ARRAY$$Base   
UNDEFED   SHT$$INIT_ARRAY$$Limit  
00002f25  SSIBusy                 
00002adf  SSIConfigSetExpClk      
00002ebf  SSIDataGetNonBlocking   
00002f07  SSIDataPut              
00002f11  SSIDisable              
00002f1b  SSIEnable               
00001c01  SysCtlClockGet          
00001d99  SysCtlClockSet          
00002f39  SysCtlDelay             
00002861  SysCtlPeripheralDisable 
000028b9  SysCtlPeripheralEnable  
00002445  SysCtlPeripheralReset   
00002e39  SysTickEnable           
00002e4d  SysTickIntEnable        
00002db9  SysTickIntRegister      
00002ed1  SysTickPeriodSet        
00002d4b  _Dclass                 
20001320  _Denorm                 
000022e9  _Dnorm                  
00002015  _Dscale                 
0000279b  _Dunscale               
20001330  _Eps                    
200013c0  _Errno                  
200013b0  _Fenv                   
00002c91  _Feraise                
20001340  _Hugeval                
20001350  _Inf                    
20001360  _Nan                    
20001380  _Rteps                  
20001370  _Snan                   
200013b4  _Tls_setup__Fenv        
20001390  _Xbig                   
20001398  _Zero                   
2000126c  __STACK_END             
00001000  __STACK_SIZE            
2000046c  __STACK_TOP             
000033a0  __TI_CINIT_Base         
000033b8  __TI_CINIT_Limit        
00003384  __TI_Handler_Table_Base 
00003390  __TI_Handler_Table_Limit
000026c5  __TI_auto_init          
200013a8  __TI_cleanup_ptr        
00002ee1  __TI_decompress_none    
00002f3f  __TI_decompress_rle24   
200013ac  __TI_dtors_ptr          
00000e85  __TI_printfi            
00000000  __TI_static_base__      
00002eef  __TI_zero_init          
000024cd  __aeabi_cdcmpeq         
000024cd  __aeabi_cdcmple         
00002553  __aeabi_cdrcmple        
00002a51  __aeabi_d2iz            
00002b69  __aeabi_d2uiz           
00001a53  __aeabi_dadd            
00001edd  __aeabi_ddiv            
00002125  __aeabi_dmul            
00001a49  __aeabi_dsub            
00002cef  __aeabi_i2d             
000025d9  __aeabi_memclr          
000025d9  __aeabi_memclr4         
000025d9  __aeabi_memclr8         
000023a7  __aeabi_memcpy          
000023a7  __aeabi_memcpy4         
000023a7  __aeabi_memcpy8         
000025db  __aeabi_memset          
000025db  __aeabi_memset4         
000025db  __aeabi_memset8         
00002d97  __aeabi_ui2d            
0000169d  __aeabi_uldivmod        
ffffffff  __binit__               
ffffffff  __c_args__              
2000026c  __stack                 
00002e09  _args_main              
00002bed  _c_int00                
00003128  _ctypes_                
200013a0  _lock                   
00002e6f  _nop                    
00002e67  _register_lock          
00002e61  _register_unlock        
00002f45  _system_pre_init        
200013a4  _unlock                 
00002b29  abort                   
000029b9  atoi                    
ffffffff  binit                   
00002a05  copy_in                 
00002b31  exit                    
00002c5d  feraiseexcept           
00002d75  frexp                   
20000000  g_pfnRAMVectors         
00000000  g_pfnVectors            
00002a99  ldexp                   
00002911  ltoa                    
00002def  main                    
200013c4  main_func_sp            
00002dd5  memccpy                 
000023a7  memcpy                  
000025e1  memset                  
00002d1d  raise                   
00002bad  signal                  
00002801  sprintf                 
00002e21  strchr                  
00002e75  strlen                  
200013c8  sysTickCount            
00002973  systemInit              


GLOBAL SYMBOLS: SORTED BY Symbol Address 

address   name                    
-------   ----                    
00000000  __TI_static_base__      
00000000  g_pfnVectors            
00000e85  __TI_printfi            
00001000  __STACK_SIZE            
00001295  RIT128x96x4Clear        
000012f1  RIT128x96x4StringDraw   
00001431  RIT128x96x4ImageDraw    
000014b9  RIT128x96x4Enable       
00001513  RIT128x96x4Disable      
0000158d  RIT128x96x4Init         
00001631  RIT128x96x4DisplayOn    
00001665  RIT128x96x4DisplayOff   
0000169d  __aeabi_uldivmod        
00001891  OLEDInit                
000019a7  OLEDExec                
00001a49  __aeabi_dsub            
00001a53  __aeabi_dadd            
00001c01  SysCtlClockGet          
00001d99  SysCtlClockSet          
00001edd  __aeabi_ddiv            
00002015  _Dscale                 
00002125  __aeabi_dmul            
00002221  GPIOPadConfigSet        
000022e9  _Dnorm                  
000023a7  __aeabi_memcpy          
000023a7  __aeabi_memcpy4         
000023a7  __aeabi_memcpy8         
000023a7  memcpy                  
00002445  SysCtlPeripheralReset   
000024cd  __aeabi_cdcmpeq         
000024cd  __aeabi_cdcmple         
00002553  __aeabi_cdrcmple        
000025d9  __aeabi_memclr          
000025d9  __aeabi_memclr4         
000025d9  __aeabi_memclr8         
000025db  __aeabi_memset          
000025db  __aeabi_memset4         
000025db  __aeabi_memset8         
000025e1  memset                  
00002655  LEDInit                 
0000267f  LEDExec                 
000026c5  __TI_auto_init          
0000279b  _Dunscale               
00002801  sprintf                 
00002861  SysCtlPeripheralDisable 
000028b9  SysCtlPeripheralEnable  
00002911  ltoa                    
00002973  systemInit              
000029b9  atoi                    
00002a05  copy_in                 
00002a51  __aeabi_d2iz            
00002a99  ldexp                   
00002adf  SSIConfigSetExpClk      
00002b25  C$$EXIT                 
00002b29  abort                   
00002b31  exit                    
00002b69  __aeabi_d2uiz           
00002bad  signal                  
00002bed  _c_int00                
00002c29  IntRegister             
00002c5d  feraiseexcept           
00002c91  _Feraise                
00002cc1  GPIODirModeSet          
00002cef  __aeabi_i2d             
00002d1d  raise                   
00002d4b  _Dclass                 
00002d75  frexp                   
00002d97  __aeabi_ui2d            
00002db9  SysTickIntRegister      
00002dd5  memccpy                 
00002def  main                    
00002e09  _args_main              
00002e21  strchr                  
00002e39  SysTickEnable           
00002e4d  SysTickIntEnable        
00002e61  _register_unlock        
00002e67  _register_lock          
00002e6f  _nop                    
00002e75  strlen                  
00002e89  GPIOPinTypeGPIOInput    
00002e9b  GPIOPinTypeGPIOOutput   
00002ead  GPIOPinTypeSSI          
00002ebf  SSIDataGetNonBlocking   
00002ed1  SysTickPeriodSet        
00002ee1  __TI_decompress_none    
00002eef  __TI_zero_init          
00002efb  ResetISR                
00002f07  SSIDataPut              
00002f11  SSIDisable              
00002f1b  SSIEnable               
00002f25  SSIBusy                 
00002f2d  GPIOPinRead             
00002f33  GPIOPinWrite            
00002f39  SysCtlDelay             
00002f3f  __TI_decompress_rle24   
00002f45  _system_pre_init        
00003128  _ctypes_                
00003384  __TI_Handler_Table_Base 
00003390  __TI_Handler_Table_Limit
000033a0  __TI_CINIT_Base         
000033b8  __TI_CINIT_Limit        
20000000  g_pfnRAMVectors         
2000026c  __stack                 
2000046c  __STACK_TOP             
2000126c  __STACK_END             
20001320  _Denorm                 
20001330  _Eps                    
20001340  _Hugeval                
20001350  _Inf                    
20001360  _Nan                    
20001370  _Snan                   
20001380  _Rteps                  
20001390  _Xbig                   
20001398  _Zero                   
200013a0  _lock                   
200013a4  _unlock                 
200013a8  __TI_cleanup_ptr        
200013ac  __TI_dtors_ptr          
200013b0  _Fenv                   
200013b4  _Tls_setup__Fenv        
200013c0  _Errno                  
200013c4  main_func_sp            
200013c8  sysTickCount            
ffffffff  __binit__               
ffffffff  __c_args__              
ffffffff  binit                   
UNDEFED   SHT$$INIT_ARRAY$$Base   
UNDEFED   SHT$$INIT_ARRAY$$Limit  

[128 symbols]
