******************************************************************************
                  TI ARM Linker PC v5.2.2                      
******************************************************************************
>> Linked Wed Feb 10 15:57:22 2016

OUTPUT FILE NAME:   <EECS_388_P1.out>
ENTRY POINT SYMBOL: "_c_int00"  address: 00002c5d


MEMORY CONFIGURATION

         name            origin    length      used     unused   attr    fill
----------------------  --------  ---------  --------  --------  ----  --------
  FLASH                 00000000   00040000  00003430  0003cbd0  R  X
  SRAM                  20000000   00010000  000014d8  0000eb28  RW X


SEGMENT ALLOCATION MAP

run origin  load origin   length   init length attrs members
----------  ----------- ---------- ----------- ----- -------
00000000    00000000    00003430   00003430    r-x
  00000000    00000000    000000f0   000000f0    r-- .intvecs
  000000f0    000000f0    00002ed0   00002ed0    r-x .text
  00002fc0    00002fc0    000003f8   000003f8    r-- .const
  000033b8    000033b8    00000078   00000078    r-- .cinit
20000000    20000000    000014dc   00000000    rw-
  20000000    20000000    0000026c   00000000    rw- .vtable
  2000026c    2000026c    00001000   00000000    rw- .stack
  20001270    20001270    00000160   00000000    rw- .data
  200013d0    200013d0    0000010c   00000000    rw- .bss


SECTION ALLOCATION MAP

 output                                  attributes/
section   page    origin      length       input sections
--------  ----  ----------  ----------   ----------------
.intvecs   0    00000000    000000f0     
                  00000000    000000f0     lm3s1968_startup_ccs.obj (.intvecs)

.text      0    000000f0    00002ed0     
                  000000f0    0000109a     rtsv7M3_T_le_eabi.lib : _printfi.obj (.text)
                  0000118a    00000002     --HOLE-- [fill = 0]
                  0000118c    00000510     rit128x96x4.obj (.text)
                  0000169c    000001f4     rtsv7M3_T_le_eabi.lib : ull_div_t2.obj (.text)
                  00001890    000001b8     oled.obj (.text)
                  00001a48    000001b6     rtsv7M3_T_le_eabi.lib : fd_add_t2.obj (.text)
                  00001bfe    00000002     --HOLE-- [fill = 0]
                  00001c00    00000198     driverlib-cm3.lib : sysctl.obj (.text:SysCtlClockGet)
                  00001d98    00000144                       : sysctl.obj (.text:SysCtlClockSet)
                  00001edc    00000136     rtsv7M3_T_le_eabi.lib : fd_div_t2.obj (.text)
                  00002012    00000002     --HOLE-- [fill = 0]
                  00002014    00000110                           : xdscale.obj (.text)
                  00002124    000000fc                           : fd_mul_t2.obj (.text)
                  00002220    000000c8     driverlib-cm3.lib : gpio.obj (.text:GPIOPadConfigSet)
                  000022e8    000000be     rtsv7M3_T_le_eabi.lib : xdnorm.obj (.text)
                  000023a6    0000009c                           : memcpy_t2.obj (.text)
                  00002442    00000002     --HOLE-- [fill = 0]
                  00002444    00000088     driverlib-cm3.lib : sysctl.obj (.text:SysCtlPeripheralReset)
                  000024cc    00000086     rtsv7M3_T_le_eabi.lib : fd_cmp_t2.obj (.text:__aeabi_cdcmple)
                  00002552    00000086                           : fd_cmp_t2.obj (.text:__aeabi_cdrcmple)
                  000025d8    0000007a                           : memset_t2.obj (.text)
                  00002652    00000002     --HOLE-- [fill = 0]
                  00002654    00000070     led.obj (.text)
                  000026c4    00000070     speaker.obj (.text)
                  00002734    0000006c     rtsv7M3_T_le_eabi.lib : autoinit.obj (.text)
                  000027a0    0000006a                           : copy_decompress_rle.obj (.text)
                  0000280a    00000066                           : xdunscal.obj (.text)
                  00002870    00000060                           : sprintf.obj (.text)
                  000028d0    00000058     driverlib-cm3.lib : sysctl.obj (.text:SysCtlPeripheralDisable)
                  00002928    00000058                       : sysctl.obj (.text:SysCtlPeripheralEnable)
                  00002980    00000056     rtsv7M3_T_le_eabi.lib : ltoa.obj (.text)
                  000029d6    00000002     --HOLE-- [fill = 0]
                  000029d8    00000050     system.obj (.text)
                  00002a28    0000004c     rtsv7M3_T_le_eabi.lib : atoi.obj (.text)
                  00002a74    0000004c                           : cpy_tbl.obj (.text)
                  00002ac0    00000048                           : fd_toi_t2.obj (.text)
                  00002b08    00000046                           : ldexp.obj (.text)
                  00002b4e    00000044     driverlib-cm3.lib : ssi.obj (.text:SSIConfigSetExpClk)
                  00002b92    00000002     --HOLE-- [fill = 0]
                  00002b94    00000044     rtsv7M3_T_le_eabi.lib : exit.obj (.text)
                  00002bd8    00000044                           : fd_tou_t2.obj (.text)
                  00002c1c    00000040                           : signal.obj (.text)
                  00002c5c    0000003c                           : boot.obj (.text)
                  00002c98    00000034     driverlib-cm3.lib : interrupt.obj (.text:IntRegister)
                  00002ccc    00000034     rtsv7M3_T_le_eabi.lib : feraiseexcept.obj (.text)
                  00002d00    00000030                           : xferaise.obj (.text)
                  00002d30    0000002e     driverlib-cm3.lib : gpio.obj (.text:GPIODirModeSet)
                  00002d5e    0000002e     rtsv7M3_T_le_eabi.lib : i_tofd_t2.obj (.text)
                  00002d8c    0000002e                           : raise.obj (.text)
                  00002dba    0000002a                           : xdclass.obj (.text)
                  00002de4    00000022                           : frexp.obj (.text)
                  00002e06    00000020     main.obj (.text)
                  00002e26    00000020     rtsv7M3_T_le_eabi.lib : u_tofd_t2.obj (.text)
                  00002e46    00000002     --HOLE-- [fill = 0]
                  00002e48    0000001c     driverlib-cm3.lib : systick.obj (.text:SysTickIntRegister)
                  00002e64    0000001a     rtsv7M3_T_le_eabi.lib : memccpy.obj (.text)
                  00002e7e    00000002     --HOLE-- [fill = 0]
                  00002e80    00000018                           : args_main.obj (.text)
                  00002e98    00000016                           : strchr.obj (.text)
                  00002eae    00000002     --HOLE-- [fill = 0]
                  00002eb0    00000014     driverlib-cm3.lib : systick.obj (.text:SysTickEnable)
                  00002ec4    00000014                       : systick.obj (.text:SysTickIntEnable)
                  00002ed8    00000014     rtsv7M3_T_le_eabi.lib : _lock.obj (.text)
                  00002eec    00000014                           : strlen.obj (.text)
                  00002f00    00000012     driverlib-cm3.lib : gpio.obj (.text:GPIOPinTypeGPIOInput)
                  00002f12    00000012                       : gpio.obj (.text:GPIOPinTypeGPIOOutput)
                  00002f24    00000012                       : gpio.obj (.text:GPIOPinTypeSSI)
                  00002f36    00000012                       : ssi.obj (.text:SSIDataGetNonBlocking)
                  00002f48    00000010                       : systick.obj (.text:SysTickPeriodSet)
                  00002f58    0000000e     rtsv7M3_T_le_eabi.lib : copy_decompress_none.obj (.text:decompress:none)
                  00002f66    0000000c                           : copy_zero_init.obj (.text:decompress:ZI)
                  00002f72    0000000c     lm3s1968_startup_ccs.obj (.text)
                  00002f7e    0000000a     driverlib-cm3.lib : ssi.obj (.text:SSIDataPut)
                  00002f88    0000000a                       : ssi.obj (.text:SSIDisable)
                  00002f92    0000000a                       : ssi.obj (.text:SSIEnable)
                  00002f9c    00000008                       : ssi.obj (.text:SSIBusy)
                  00002fa4    00000006                       : gpio.obj (.text:GPIOPinRead)
                  00002faa    00000006                       : gpio.obj (.text:GPIOPinWrite)
                  00002fb0    00000006                       : sysctl.obj (.text:SysCtlDelay)
                  00002fb6    00000006     rtsv7M3_T_le_eabi.lib : copy_decompress_rle.obj (.text:decompress:rle24)
                  00002fbc    00000004                           : pre_init.obj (.text)

.const     0    00002fc0    000003f8     
                  00002fc0    000001e0     rit128x96x4.obj (.const:g_pucFont)
                  000031a0    00000101     rtsv7M3_T_le_eabi.lib : ctype.obj (.const:.string:_ctypes_)
                  000032a1    00000003     --HOLE-- [fill = 0]
                  000032a4    0000006c     driverlib-cm3.lib : sysctl.obj (.const:g_pulXtals)
                  00003310    0000004f     rit128x96x4.obj (.const:.string:g_pucRIT128x96x4Init)
                  0000335f    00000001     --HOLE-- [fill = 0]
                  00003360    00000040     driverlib-cm3.lib : sysctl.obj (.const)
                  000033a0    0000000c     rit128x96x4.obj (.const:.string)
                  000033ac    00000004     led.obj (.const)
                  000033b0    00000004     oled.obj (.const)
                  000033b4    00000004     speaker.obj (.const)

.cinit     0    000033b8    00000078     
                  000033b8    00000041     (.cinit..data.load) [load image, compression = rle]
                  000033f9    00000003     --HOLE-- [fill = 0]
                  000033fc    0000000c     (__TI_handler_table)
                  00003408    00000008     (.cinit..bss.load) [load image, compression = zero_init]
                  00003410    00000008     (.cinit..vtable.load) [load image, compression = zero_init]
                  00003418    00000018     (__TI_cinit_table)

.init_array 
*          0    00000000    00000000     UNINITIALIZED

.vtable    0    20000000    0000026c     UNINITIALIZED
                  20000000    0000026c     driverlib-cm3.lib : interrupt.obj (.vtable)

.stack     0    2000026c    00001000     UNINITIALIZED
                  2000026c    00001000     --HOLE--

.data      0    20001270    00000160     UNINITIALIZED
                  20001270    000000b0     rtsv7M3_T_le_eabi.lib : signal.obj (.data:sigtable)
                  20001320    00000080                           : xvalues.obj (.data)
                  200013a0    00000008                           : _lock.obj (.data)
                  200013a8    00000008                           : exit.obj (.data)
                  200013b0    00000008                           : feraiseexcept.obj (.data)
                  200013b8    00000004     led.obj (.data)
                  200013bc    00000004     oled.obj (.data)
                  200013c0    00000004     rtsv7M3_T_le_eabi.lib : errno.obj (.data)
                  200013c4    00000004                           : stkdepth_vars.obj (.data)
                  200013c8    00000004     speaker.obj (.data)
                  200013cc    00000004     system.obj (.data)

.bss       0    200013d0    0000010c     UNINITIALIZED
                  200013d0    00000100     lm3s1968_startup_ccs.obj (.bss:pulStack)
                  200014d0    00000008     (.common:g_pucBuffer)
                  200014d8    00000004     (.common:g_ulSSIFlags)

.TI.persistent 
*          0    20001270    00000000     UNINITIALIZED

.TI.noinit 
*          0    200013d0    00000000     UNINITIALIZED


LINKER GENERATED COPY TABLES

__TI_cinit_table @ 00003418 records: 3, size/record: 8, table size: 24
	.data: load addr=000033b8, load size=00000041 bytes, run addr=20001270, run size=00000160 bytes, compression=rle
	.bss: load addr=00003408, load size=00000008 bytes, run addr=200013d0, run size=0000010c bytes, compression=zero_init
	.vtable: load addr=00003410, load size=00000008 bytes, run addr=20000000, run size=0000026c bytes, compression=zero_init


LINKER GENERATED HANDLER TABLE

__TI_handler_table @ 000033fc records: 3, size/record: 4, table size: 12
	index: 0, handler: __TI_zero_init
	index: 1, handler: __TI_decompress_rle24
	index: 2, handler: __TI_decompress_none


GLOBAL SYMBOLS: SORTED ALPHABETICALLY BY Name 

address   name                    
-------   ----                    
00002b95  C$$EXIT                 
00002d31  GPIODirModeSet          
00002221  GPIOPadConfigSet        
00002fa5  GPIOPinRead             
00002f01  GPIOPinTypeGPIOInput    
00002f13  GPIOPinTypeGPIOOutput   
00002f25  GPIOPinTypeSSI          
00002fab  GPIOPinWrite            
00002c99  IntRegister             
0000267f  LEDExec                 
00002655  LEDInit                 
000019a7  OLEDExec                
00001891  OLEDInit                
00001295  RIT128x96x4Clear        
00001513  RIT128x96x4Disable      
00001665  RIT128x96x4DisplayOff   
00001631  RIT128x96x4DisplayOn    
000014b9  RIT128x96x4Enable       
00001431  RIT128x96x4ImageDraw    
0000158d  RIT128x96x4Init         
000012f1  RIT128x96x4StringDraw   
00002f73  ResetISR                
UNDEFED   SHT$$INIT_ARRAY$$Base   
UNDEFED   SHT$$INIT_ARRAY$$Limit  
000026ef  SPEAKERExec             
000026c5  SPEAKERInit             
00002f9d  SSIBusy                 
00002b4f  SSIConfigSetExpClk      
00002f37  SSIDataGetNonBlocking   
00002f7f  SSIDataPut              
00002f89  SSIDisable              
00002f93  SSIEnable               
00001c01  SysCtlClockGet          
00001d99  SysCtlClockSet          
00002fb1  SysCtlDelay             
000028d1  SysCtlPeripheralDisable 
00002929  SysCtlPeripheralEnable  
00002445  SysCtlPeripheralReset   
00002eb1  SysTickEnable           
00002ec5  SysTickIntEnable        
00002e49  SysTickIntRegister      
00002f49  SysTickPeriodSet        
00002dbb  _Dclass                 
20001320  _Denorm                 
000022e9  _Dnorm                  
00002015  _Dscale                 
0000280b  _Dunscale               
20001330  _Eps                    
200013c0  _Errno                  
200013b0  _Fenv                   
00002d01  _Feraise                
20001340  _Hugeval                
20001350  _Inf                    
20001360  _Nan                    
20001380  _Rteps                  
20001370  _Snan                   
200013b4  _Tls_setup__Fenv        
20001390  _Xbig                   
20001398  _Zero                   
2000126c  __STACK_END             
00001000  __STACK_SIZE            
2000046c  __STACK_TOP             
00003418  __TI_CINIT_Base         
00003430  __TI_CINIT_Limit        
000033fc  __TI_Handler_Table_Base 
00003408  __TI_Handler_Table_Limit
00002735  __TI_auto_init          
200013a8  __TI_cleanup_ptr        
00002f59  __TI_decompress_none    
00002fb7  __TI_decompress_rle24   
200013ac  __TI_dtors_ptr          
00000e85  __TI_printfi            
00000000  __TI_static_base__      
00002f67  __TI_zero_init          
000024cd  __aeabi_cdcmpeq         
000024cd  __aeabi_cdcmple         
00002553  __aeabi_cdrcmple        
00002ac1  __aeabi_d2iz            
00002bd9  __aeabi_d2uiz           
00001a53  __aeabi_dadd            
00001edd  __aeabi_ddiv            
00002125  __aeabi_dmul            
00001a49  __aeabi_dsub            
00002d5f  __aeabi_i2d             
000025d9  __aeabi_memclr          
000025d9  __aeabi_memclr4         
000025d9  __aeabi_memclr8         
000023a7  __aeabi_memcpy          
000023a7  __aeabi_memcpy4         
000023a7  __aeabi_memcpy8         
000025db  __aeabi_memset          
000025db  __aeabi_memset4         
000025db  __aeabi_memset8         
00002e27  __aeabi_ui2d            
0000169d  __aeabi_uldivmod        
ffffffff  __binit__               
ffffffff  __c_args__              
2000026c  __stack                 
00002e81  _args_main              
00002c5d  _c_int00                
000031a0  _ctypes_                
200013a0  _lock                   
00002ee7  _nop                    
00002edf  _register_lock          
00002ed9  _register_unlock        
00002fbd  _system_pre_init        
200013a4  _unlock                 
00002b99  abort                   
00002a29  atoi                    
ffffffff  binit                   
00002a75  copy_in                 
00002ba1  exit                    
00002ccd  feraiseexcept           
00002de5  frexp                   
20000000  g_pfnRAMVectors         
00000000  g_pfnVectors            
00002b09  ldexp                   
00002981  ltoa                    
00002e07  main                    
200013c4  main_func_sp            
00002e65  memccpy                 
000023a7  memcpy                  
000025e1  memset                  
00002d8d  raise                   
00002c1d  signal                  
00002871  sprintf                 
00002e99  strchr                  
00002eed  strlen                  
200013cc  sysTickCount            
000029e3  systemInit              


GLOBAL SYMBOLS: SORTED BY Symbol Address 

address   name                    
-------   ----                    
00000000  __TI_static_base__      
00000000  g_pfnVectors            
00000e85  __TI_printfi            
00001000  __STACK_SIZE            
00001295  RIT128x96x4Clear        
000012f1  RIT128x96x4StringDraw   
00001431  RIT128x96x4ImageDraw    
000014b9  RIT128x96x4Enable       
00001513  RIT128x96x4Disable      
0000158d  RIT128x96x4Init         
00001631  RIT128x96x4DisplayOn    
00001665  RIT128x96x4DisplayOff   
0000169d  __aeabi_uldivmod        
00001891  OLEDInit                
000019a7  OLEDExec                
00001a49  __aeabi_dsub            
00001a53  __aeabi_dadd            
00001c01  SysCtlClockGet          
00001d99  SysCtlClockSet          
00001edd  __aeabi_ddiv            
00002015  _Dscale                 
00002125  __aeabi_dmul            
00002221  GPIOPadConfigSet        
000022e9  _Dnorm                  
000023a7  __aeabi_memcpy          
000023a7  __aeabi_memcpy4         
000023a7  __aeabi_memcpy8         
000023a7  memcpy                  
00002445  SysCtlPeripheralReset   
000024cd  __aeabi_cdcmpeq         
000024cd  __aeabi_cdcmple         
00002553  __aeabi_cdrcmple        
000025d9  __aeabi_memclr          
000025d9  __aeabi_memclr4         
000025d9  __aeabi_memclr8         
000025db  __aeabi_memset          
000025db  __aeabi_memset4         
000025db  __aeabi_memset8         
000025e1  memset                  
00002655  LEDInit                 
0000267f  LEDExec                 
000026c5  SPEAKERInit             
000026ef  SPEAKERExec             
00002735  __TI_auto_init          
0000280b  _Dunscale               
00002871  sprintf                 
000028d1  SysCtlPeripheralDisable 
00002929  SysCtlPeripheralEnable  
00002981  ltoa                    
000029e3  systemInit              
00002a29  atoi                    
00002a75  copy_in                 
00002ac1  __aeabi_d2iz            
00002b09  ldexp                   
00002b4f  SSIConfigSetExpClk      
00002b95  C$$EXIT                 
00002b99  abort                   
00002ba1  exit                    
00002bd9  __aeabi_d2uiz           
00002c1d  signal                  
00002c5d  _c_int00                
00002c99  IntRegister             
00002ccd  feraiseexcept           
00002d01  _Feraise                
00002d31  GPIODirModeSet          
00002d5f  __aeabi_i2d             
00002d8d  raise                   
00002dbb  _Dclass                 
00002de5  frexp                   
00002e07  main                    
00002e27  __aeabi_ui2d            
00002e49  SysTickIntRegister      
00002e65  memccpy                 
00002e81  _args_main              
00002e99  strchr                  
00002eb1  SysTickEnable           
00002ec5  SysTickIntEnable        
00002ed9  _register_unlock        
00002edf  _register_lock          
00002ee7  _nop                    
00002eed  strlen                  
00002f01  GPIOPinTypeGPIOInput    
00002f13  GPIOPinTypeGPIOOutput   
00002f25  GPIOPinTypeSSI          
00002f37  SSIDataGetNonBlocking   
00002f49  SysTickPeriodSet        
00002f59  __TI_decompress_none    
00002f67  __TI_zero_init          
00002f73  ResetISR                
00002f7f  SSIDataPut              
00002f89  SSIDisable              
00002f93  SSIEnable               
00002f9d  SSIBusy                 
00002fa5  GPIOPinRead             
00002fab  GPIOPinWrite            
00002fb1  SysCtlDelay             
00002fb7  __TI_decompress_rle24   
00002fbd  _system_pre_init        
000031a0  _ctypes_                
000033fc  __TI_Handler_Table_Base 
00003408  __TI_Handler_Table_Limit
00003418  __TI_CINIT_Base         
00003430  __TI_CINIT_Limit        
20000000  g_pfnRAMVectors         
2000026c  __stack                 
2000046c  __STACK_TOP             
2000126c  __STACK_END             
20001320  _Denorm                 
20001330  _Eps                    
20001340  _Hugeval                
20001350  _Inf                    
20001360  _Nan                    
20001370  _Snan                   
20001380  _Rteps                  
20001390  _Xbig                   
20001398  _Zero                   
200013a0  _lock                   
200013a4  _unlock                 
200013a8  __TI_cleanup_ptr        
200013ac  __TI_dtors_ptr          
200013b0  _Fenv                   
200013b4  _Tls_setup__Fenv        
200013c0  _Errno                  
200013c4  main_func_sp            
200013cc  sysTickCount            
ffffffff  __binit__               
ffffffff  __c_args__              
ffffffff  binit                   
UNDEFED   SHT$$INIT_ARRAY$$Base   
UNDEFED   SHT$$INIT_ARRAY$$Limit  

[130 symbols]
