EN dflipflop NULL //fileserver.eecs.ku.edu/raviles/Dflipflop/DFlipFlop.vhd sub00/vhpl00 1429111665
AR dflipflop structural //fileserver.eecs.ku.edu/raviles/Dflipflop/DFlipFlop.vhd sub00/vhpl01 1429111666
EN masterslave NULL //fileserver.eecs.ku.edu/raviles/Lab11Masterslave/masterSlave.vhd sub00/vhpl02 1429111667
AR masterslave behavioral //fileserver.eecs.ku.edu/raviles/Lab11Masterslave/masterSlave.vhd sub00/vhpl03 1429111668
