******************************************************************************
                  TI ARM Linker PC v5.2.2                      
******************************************************************************
>> Linked Wed Apr 06 16:56:06 2016

OUTPUT FILE NAME:   <EECS_388_FreeRTOS.out>
ENTRY POINT SYMBOL: "_c_int00"  address: 000038c1


MEMORY CONFIGURATION

         name            origin    length      used     unused   attr    fill
----------------------  --------  ---------  --------  --------  ----  --------
  FLASH                 00000000   00040000  00004080  0003bf80  R  X
  SRAM                  20000000   00010000  000035a8  0000ca58  RW X


SEGMENT ALLOCATION MAP

run origin  load origin   length   init length attrs members
----------  ----------- ---------- ----------- ----- -------
00000000    00000000    00004080   00004080    r-x
  00000000    00000000    000000f0   000000f0    r-- .intvecs
  000000f0    000000f0    00003b1c   00003b1c    r-x .text
  00003c0c    00003c0c    000003ec   000003ec    r-- .const
  00003ff8    00003ff8    00000088   00000088    r-- .cinit
20000000    20000000    000035ac   00000000    rw-
  20000000    20000000    0000026c   00000000    rw- .vtable
  20000270    20000270    000021b0   00000000    rw- .bss
  20002420    20002420    00001000   00000000    rw- .stack
  20003420    20003420    0000018c   00000000    rw- .data


SECTION ALLOCATION MAP

 output                                  attributes/
section   page    origin      length       input sections
--------  ----  ----------  ----------   ----------------
.intvecs   0    00000000    000000f0     
                  00000000    000000f0     lm3s1968_startup_ccs.obj (.intvecs)

.text      0    000000f0    00003b1c     
                  000000f0    0000109a     rtsv7M3_T_le_eabi.lib : _printfi.obj (.text)
                  0000118a    00000002     --HOLE-- [fill = 0]
                  0000118c    00000900     tasks.obj (.text)
                  00001a8c    00000510     rit128x96x4.obj (.text)
                  00001f9c    000001f4     rtsv7M3_T_le_eabi.lib : ull_div_t2.obj (.text)
                  00002190    000001b6                           : fd_add_t2.obj (.text)
                  00002346    00000002     --HOLE-- [fill = 0]
                  00002348    000001b4     heap_2.obj (.text)
                  000024fc    00000198     driverlib-cm3.lib : sysctl.obj (.text:SysCtlClockGet)
                  00002694    00000194     oled.obj (.text)
                  00002828    00000144     driverlib-cm3.lib : sysctl.obj (.text:SysCtlClockSet)
                  0000296c    00000136     rtsv7M3_T_le_eabi.lib : fd_div_t2.obj (.text)
                  00002aa2    0000012a     list.obj (.text)
                  00002bcc    00000110     rtsv7M3_T_le_eabi.lib : xdscale.obj (.text)
                  00002cdc    000000fc                           : fd_mul_t2.obj (.text)
                  00002dd8    000000f0     port.obj (.text)
                  00002ec8    000000c8     driverlib-cm3.lib : gpio.obj (.text:GPIOPadConfigSet)
                  00002f90    000000be     rtsv7M3_T_le_eabi.lib : xdnorm.obj (.text)
                  0000304e    0000009c                           : memcpy_t2.obj (.text)
                  000030ea    00000002     --HOLE-- [fill = 0]
                  000030ec    00000088     driverlib-cm3.lib : sysctl.obj (.text:SysCtlPeripheralReset)
                  00003174    00000086     rtsv7M3_T_le_eabi.lib : fd_cmp_t2.obj (.text:__aeabi_cdcmple)
                  000031fa    00000086                           : fd_cmp_t2.obj (.text:__aeabi_cdrcmple)
                  00003280    00000080     portasm.obj (.text)
                  00003300    0000007a     rtsv7M3_T_le_eabi.lib : memset_t2.obj (.text)
                  0000337a    00000002     --HOLE-- [fill = 0]
                  0000337c    0000006c     main.obj (.text)
                  000033e8    0000006c     rtsv7M3_T_le_eabi.lib : autoinit.obj (.text)
                  00003454    0000006a                           : copy_decompress_rle.obj (.text)
                  000034be    00000066                           : xdunscal.obj (.text)
                  00003524    00000060                           : sprintf.obj (.text)
                  00003584    00000058     driverlib-cm3.lib : sysctl.obj (.text:SysCtlPeripheralDisable)
                  000035dc    00000058                       : sysctl.obj (.text:SysCtlPeripheralEnable)
                  00003634    00000056     rtsv7M3_T_le_eabi.lib : ltoa.obj (.text)
                  0000368a    00000002     --HOLE-- [fill = 0]
                  0000368c    0000004c                           : atoi.obj (.text)
                  000036d8    0000004c                           : cpy_tbl.obj (.text)
                  00003724    00000048                           : fd_toi_t2.obj (.text)
                  0000376c    00000046                           : ldexp.obj (.text)
                  000037b2    00000044     driverlib-cm3.lib : ssi.obj (.text:SSIConfigSetExpClk)
                  000037f6    00000002     --HOLE-- [fill = 0]
                  000037f8    00000044     led.obj (.text)
                  0000383c    00000044     rtsv7M3_T_le_eabi.lib : exit.obj (.text)
                  00003880    00000040                           : signal.obj (.text)
                  000038c0    0000003c                           : boot.obj (.text)
                  000038fc    00000038     system.obj (.text)
                  00003934    00000034     driverlib-cm3.lib : interrupt.obj (.text:IntRegister)
                  00003968    00000034     rtsv7M3_T_le_eabi.lib : feraiseexcept.obj (.text)
                  0000399c    00000030                           : xferaise.obj (.text)
                  000039cc    0000002e     driverlib-cm3.lib : gpio.obj (.text:GPIODirModeSet)
                  000039fa    0000002e     rtsv7M3_T_le_eabi.lib : i_tofd_t2.obj (.text)
                  00003a28    0000002e                           : raise.obj (.text)
                  00003a56    0000002a                           : xdclass.obj (.text)
                  00003a80    00000022                           : frexp.obj (.text)
                  00003aa2    00000002     --HOLE-- [fill = 0]
                  00003aa4    0000001c     driverlib-cm3.lib : systick.obj (.text:SysTickIntRegister)
                  00003ac0    0000001a     rtsv7M3_T_le_eabi.lib : memccpy.obj (.text)
                  00003ada    00000002     --HOLE-- [fill = 0]
                  00003adc    00000018                           : args_main.obj (.text)
                  00003af4    00000016                           : strchr.obj (.text)
                  00003b0a    00000002     --HOLE-- [fill = 0]
                  00003b0c    00000014     driverlib-cm3.lib : systick.obj (.text:SysTickEnable)
                  00003b20    00000014                       : systick.obj (.text:SysTickIntEnable)
                  00003b34    00000014     rtsv7M3_T_le_eabi.lib : _lock.obj (.text)
                  00003b48    00000014                           : strlen.obj (.text)
                  00003b5c    00000012     driverlib-cm3.lib : gpio.obj (.text:GPIOPinTypeGPIOInput)
                  00003b6e    00000012                       : gpio.obj (.text:GPIOPinTypeGPIOOutput)
                  00003b80    00000012                       : gpio.obj (.text:GPIOPinTypeSSI)
                  00003b92    00000012                       : ssi.obj (.text:SSIDataGetNonBlocking)
                  00003ba4    0000000e     rtsv7M3_T_le_eabi.lib : copy_decompress_none.obj (.text:decompress:none)
                  00003bb2    0000000c                           : copy_zero_init.obj (.text:decompress:ZI)
                  00003bbe    0000000c     lm3s1968_startup_ccs.obj (.text)
                  00003bca    0000000a     driverlib-cm3.lib : ssi.obj (.text:SSIDataPut)
                  00003bd4    0000000a                       : ssi.obj (.text:SSIDisable)
                  00003bde    0000000a                       : ssi.obj (.text:SSIEnable)
                  00003be8    00000008                       : ssi.obj (.text:SSIBusy)
                  00003bf0    00000006                       : gpio.obj (.text:GPIOPinRead)
                  00003bf6    00000006                       : gpio.obj (.text:GPIOPinWrite)
                  00003bfc    00000006                       : sysctl.obj (.text:SysCtlDelay)
                  00003c02    00000006     rtsv7M3_T_le_eabi.lib : copy_decompress_rle.obj (.text:decompress:rle24)
                  00003c08    00000004                           : pre_init.obj (.text)

.const     0    00003c0c    000003ec     
                  00003c0c    000001e0     rit128x96x4.obj (.const:g_pucFont)
                  00003dec    00000101     rtsv7M3_T_le_eabi.lib : ctype.obj (.const:.string:_ctypes_)
                  00003eed    00000001     --HOLE-- [fill = 0]
                  00003eee    00000002     heap_2.obj (.const)
                  00003ef0    0000006c     driverlib-cm3.lib : sysctl.obj (.const:g_pulXtals)
                  00003f5c    0000004f     rit128x96x4.obj (.const:.string:g_pucRIT128x96x4Init)
                  00003fab    00000001     --HOLE-- [fill = 0]
                  00003fac    00000040     driverlib-cm3.lib : sysctl.obj (.const)
                  00003fec    0000000c     rit128x96x4.obj (.const:.string)

.cinit     0    00003ff8    00000088     
                  00003ff8    00000051     (.cinit..data.load) [load image, compression = rle]
                  00004049    00000003     --HOLE-- [fill = 0]
                  0000404c    0000000c     (__TI_handler_table)
                  00004058    00000008     (.cinit..bss.load) [load image, compression = zero_init]
                  00004060    00000008     (.cinit..vtable.load) [load image, compression = zero_init]
                  00004068    00000018     (__TI_cinit_table)

.init_array 
*          0    00000000    00000000     UNINITIALIZED

.vtable    0    20000000    0000026c     UNINITIALIZED
                  20000000    0000026c     driverlib-cm3.lib : interrupt.obj (.vtable)

.bss       0    20000270    000021b0     UNINITIALIZED
                  20000270    00002000     heap_2.obj (.bss:xHeap)
                  20002270    00000100     lm3s1968_startup_ccs.obj (.bss:pulStack)
                  20002370    00000050     tasks.obj (.bss:pxReadyTasksLists)
                  200023c0    00000014     (.common:xDelayedTaskList1)
                  200023d4    00000014     (.common:xDelayedTaskList2)
                  200023e8    00000014     (.common:xPendingReadyList)
                  200023fc    00000008     (.common:g_pucBuffer)
                  20002404    00000008     (.common:xEnd)
                  2000240c    00000008     (.common:xStart)
                  20002414    00000004     (.common:g_ulSSIFlags)
                  20002418    00000004     (.common:pxDelayedTaskList)
                  2000241c    00000004     (.common:pxOverflowDelayedTaskList)

.TI.noinit 
*          0    20000270    00000000     UNINITIALIZED

.stack     0    20002420    00001000     UNINITIALIZED
                  20002420    00001000     --HOLE--

.data      0    20003420    0000018c     UNINITIALIZED
                  20003420    000000b0     rtsv7M3_T_le_eabi.lib : signal.obj (.data:sigtable)
                  200034d0    00000080                           : xvalues.obj (.data)
                  20003550    0000002c     tasks.obj (.data)
                  2000357c    00000008     port.obj (.data)
                  20003584    00000008     heap_2.obj (.data)
                  2000358c    00000008     rtsv7M3_T_le_eabi.lib : _lock.obj (.data)
                  20003594    00000008                           : exit.obj (.data)
                  2000359c    00000008                           : feraiseexcept.obj (.data)
                  200035a4    00000004                           : errno.obj (.data)
                  200035a8    00000004                           : stkdepth_vars.obj (.data)

.TI.persistent 
*          0    20003420    00000000     UNINITIALIZED


LINKER GENERATED COPY TABLES

__TI_cinit_table @ 00004068 records: 3, size/record: 8, table size: 24
	.data: load addr=00003ff8, load size=00000051 bytes, run addr=20003420, run size=0000018c bytes, compression=rle
	.bss: load addr=00004058, load size=00000008 bytes, run addr=20000270, run size=000021b0 bytes, compression=zero_init
	.vtable: load addr=00004060, load size=00000008 bytes, run addr=20000000, run size=0000026c bytes, compression=zero_init


LINKER GENERATED HANDLER TABLE

__TI_handler_table @ 0000404c records: 3, size/record: 4, table size: 12
	index: 0, handler: __TI_zero_init
	index: 1, handler: __TI_decompress_rle24
	index: 2, handler: __TI_decompress_none


GLOBAL SYMBOLS: SORTED ALPHABETICALLY BY Name 

address   name                             
-------   ----                             
0000383d  C$$EXIT                          
000039cd  GPIODirModeSet                   
00002ec9  GPIOPadConfigSet                 
00003bf1  GPIOPinRead                      
00003b5d  GPIOPinTypeGPIOInput             
00003b6f  GPIOPinTypeGPIOOutput            
00003b81  GPIOPinTypeSSI                   
00003bf7  GPIOPinWrite                     
00003935  IntRegister                      
000037f9  LEDTask                          
0000279d  OLEDTask                         
00001b95  RIT128x96x4Clear                 
00001e13  RIT128x96x4Disable               
00001f65  RIT128x96x4DisplayOff            
00001f31  RIT128x96x4DisplayOn             
00001db9  RIT128x96x4Enable                
00001d31  RIT128x96x4ImageDraw             
00001e8d  RIT128x96x4Init                  
00001bf1  RIT128x96x4StringDraw            
00003bbf  ResetISR                         
UNDEFED   SHT$$INIT_ARRAY$$Base            
UNDEFED   SHT$$INIT_ARRAY$$Limit           
00003be9  SSIBusy                          
000037b3  SSIConfigSetExpClk               
00003b93  SSIDataGetNonBlocking            
00003bcb  SSIDataPut                       
00003bd5  SSIDisable                       
00003bdf  SSIEnable                        
000024fd  SysCtlClockGet                   
00002829  SysCtlClockSet                   
00003bfd  SysCtlDelay                      
00003585  SysCtlPeripheralDisable          
000035dd  SysCtlPeripheralEnable           
000030ed  SysCtlPeripheralReset            
00003b0d  SysTickEnable                    
00003b21  SysTickIntEnable                 
00003aa5  SysTickIntRegister               
00003a57  _Dclass                          
200034d0  _Denorm                          
00002f91  _Dnorm                           
00002bcd  _Dscale                          
000034bf  _Dunscale                        
200034e0  _Eps                             
200035a4  _Errno                           
2000359c  _Fenv                            
0000399d  _Feraise                         
200034f0  _Hugeval                         
20003500  _Inf                             
20003510  _Nan                             
20003530  _Rteps                           
20003520  _Snan                            
200035a0  _Tls_setup__Fenv                 
20003540  _Xbig                            
20003548  _Zero                            
20003420  __STACK_END                      
00001000  __STACK_SIZE                     
20002620  __STACK_TOP                      
00004068  __TI_CINIT_Base                  
00004080  __TI_CINIT_Limit                 
0000404c  __TI_Handler_Table_Base          
00004058  __TI_Handler_Table_Limit         
000033e9  __TI_auto_init                   
20003594  __TI_cleanup_ptr                 
00003ba5  __TI_decompress_none             
00003c03  __TI_decompress_rle24            
20003598  __TI_dtors_ptr                   
00000e85  __TI_printfi                     
00000000  __TI_static_base__               
00003bb3  __TI_zero_init                   
00003175  __aeabi_cdcmpeq                  
00003175  __aeabi_cdcmple                  
000031fb  __aeabi_cdrcmple                 
00003725  __aeabi_d2iz                     
0000219b  __aeabi_dadd                     
0000296d  __aeabi_ddiv                     
00002cdd  __aeabi_dmul                     
00002191  __aeabi_dsub                     
000039fb  __aeabi_i2d                      
00003301  __aeabi_memclr                   
00003301  __aeabi_memclr4                  
00003301  __aeabi_memclr8                  
0000304f  __aeabi_memcpy                   
0000304f  __aeabi_memcpy4                  
0000304f  __aeabi_memcpy8                  
00003303  __aeabi_memset                   
00003303  __aeabi_memset4                  
00003303  __aeabi_memset8                  
00001f9d  __aeabi_uldivmod                 
ffffffff  __binit__                        
ffffffff  __c_args__                       
20002420  __stack                          
00003add  _args_main                       
000038c1  _c_int00                         
00003dec  _ctypes_                         
2000358c  _lock                            
00003b43  _nop                             
00003b3b  _register_lock                   
00003b35  _register_unlock                 
00003c09  _system_pre_init                 
20003590  _unlock                          
00003841  abort                            
0000368d  atoi                             
ffffffff  binit                            
000036d9  copy_in                          
00003849  exit                             
00003969  feraiseexcept                    
00003a81  frexp                            
20000000  g_pfnRAMVectors                  
00000000  g_pfnVectors                     
0000376d  ldexp                            
00003635  ltoa                             
0000337d  main                             
200035a8  main_func_sp                     
00003ac1  memccpy                          
0000304f  memcpy                           
00003309  memset                           
00002349  pvPortMalloc                     
20003550  pxCurrentTCB                     
20002418  pxDelayedTaskList                
2000241c  pxOverflowDelayedTaskList        
00002dd9  pxPortInitialiseStack            
20002370  pxReadyTasksLists                
00003a29  raise                            
00003881  signal                           
00003525  sprintf                          
00002695  startScreen                      
00003af5  strchr                           
00003b49  strlen                           
000038fd  systemInit                       
000032bd  ulPortSetInterruptMask           
20003554  uxCurrentNumberOfTasks           
00002b85  uxListRemove                     
20003564  uxPendedTicks                    
000014d5  uxTaskGetNumberOfTasks           
20003570  uxTaskNumber                     
00001a47  uxTaskResetEventItemValue        
2000355c  uxTopReadyPriority               
00002aa3  vListInitialise                  
00002ad3  vListInitialiseItem              
00002b1f  vListInsert                      
00002ae3  vListInsertEnd                   
000032cb  vPortClearInterruptMask          
00002e49  vPortEndScheduler                
00002e55  vPortEnterCritical               
00002e65  vPortExitCritical                
00002471  vPortFree                        
000024d9  vPortInitialiseBlocks            
000032d1  vPortSVCHandler                  
00002e9f  vPortSetupTimerInterrupt         
000032ef  vPortStartFirstTask              
00002e4b  vPortYieldFromISR                
00001323  vTaskDelay                       
00001297  vTaskDelayUntil                  
000013a9  vTaskEndScheduler                
0000189f  vTaskMissedYield                 
00001685  vTaskPlaceOnEventList            
000016c5  vTaskPlaceOnUnorderedEventList   
0000180f  vTaskSetTimeOutState             
00001363  vTaskStartScheduler              
000013bb  vTaskSuspendAll                  
00001601  vTaskSwitchContext               
200023c0  xDelayedTaskList1                
200023d4  xDelayedTaskList2                
20003574  xNextTaskUnblockTime             
2000356c  xNumOfOverflows                  
200023e8  xPendingReadyList                
000024d3  xPortGetFreeHeapSize             
00003281  xPortPendSVHandler               
00002e21  xPortStartScheduler              
20003580  xPortSysTickCount                
00002e7d  xPortSysTickHandler              
20003560  xSchedulerRunning                
00001835  xTaskCheckForTimeOut             
0000118d  xTaskGenericCreate               
000014a1  xTaskGetTickCount                
000014bd  xTaskGetTickCountFromISR         
000014e1  xTaskIncrementTick               
0000170b  xTaskRemoveFromEventList         
00001799  xTaskRemoveFromUnorderedEventList
000013c5  xTaskResumeAll                   
20003558  xTickCount                       
20003568  xYieldPending                    


GLOBAL SYMBOLS: SORTED BY Symbol Address 

address   name                             
-------   ----                             
00000000  __TI_static_base__               
00000000  g_pfnVectors                     
00000e85  __TI_printfi                     
00001000  __STACK_SIZE                     
0000118d  xTaskGenericCreate               
00001297  vTaskDelayUntil                  
00001323  vTaskDelay                       
00001363  vTaskStartScheduler              
000013a9  vTaskEndScheduler                
000013bb  vTaskSuspendAll                  
000013c5  xTaskResumeAll                   
000014a1  xTaskGetTickCount                
000014bd  xTaskGetTickCountFromISR         
000014d5  uxTaskGetNumberOfTasks           
000014e1  xTaskIncrementTick               
00001601  vTaskSwitchContext               
00001685  vTaskPlaceOnEventList            
000016c5  vTaskPlaceOnUnorderedEventList   
0000170b  xTaskRemoveFromEventList         
00001799  xTaskRemoveFromUnorderedEventList
0000180f  vTaskSetTimeOutState             
00001835  xTaskCheckForTimeOut             
0000189f  vTaskMissedYield                 
00001a47  uxTaskResetEventItemValue        
00001b95  RIT128x96x4Clear                 
00001bf1  RIT128x96x4StringDraw            
00001d31  RIT128x96x4ImageDraw             
00001db9  RIT128x96x4Enable                
00001e13  RIT128x96x4Disable               
00001e8d  RIT128x96x4Init                  
00001f31  RIT128x96x4DisplayOn             
00001f65  RIT128x96x4DisplayOff            
00001f9d  __aeabi_uldivmod                 
00002191  __aeabi_dsub                     
0000219b  __aeabi_dadd                     
00002349  pvPortMalloc                     
00002471  vPortFree                        
000024d3  xPortGetFreeHeapSize             
000024d9  vPortInitialiseBlocks            
000024fd  SysCtlClockGet                   
00002695  startScreen                      
0000279d  OLEDTask                         
00002829  SysCtlClockSet                   
0000296d  __aeabi_ddiv                     
00002aa3  vListInitialise                  
00002ad3  vListInitialiseItem              
00002ae3  vListInsertEnd                   
00002b1f  vListInsert                      
00002b85  uxListRemove                     
00002bcd  _Dscale                          
00002cdd  __aeabi_dmul                     
00002dd9  pxPortInitialiseStack            
00002e21  xPortStartScheduler              
00002e49  vPortEndScheduler                
00002e4b  vPortYieldFromISR                
00002e55  vPortEnterCritical               
00002e65  vPortExitCritical                
00002e7d  xPortSysTickHandler              
00002e9f  vPortSetupTimerInterrupt         
00002ec9  GPIOPadConfigSet                 
00002f91  _Dnorm                           
0000304f  __aeabi_memcpy                   
0000304f  __aeabi_memcpy4                  
0000304f  __aeabi_memcpy8                  
0000304f  memcpy                           
000030ed  SysCtlPeripheralReset            
00003175  __aeabi_cdcmpeq                  
00003175  __aeabi_cdcmple                  
000031fb  __aeabi_cdrcmple                 
00003281  xPortPendSVHandler               
000032bd  ulPortSetInterruptMask           
000032cb  vPortClearInterruptMask          
000032d1  vPortSVCHandler                  
000032ef  vPortStartFirstTask              
00003301  __aeabi_memclr                   
00003301  __aeabi_memclr4                  
00003301  __aeabi_memclr8                  
00003303  __aeabi_memset                   
00003303  __aeabi_memset4                  
00003303  __aeabi_memset8                  
00003309  memset                           
0000337d  main                             
000033e9  __TI_auto_init                   
000034bf  _Dunscale                        
00003525  sprintf                          
00003585  SysCtlPeripheralDisable          
000035dd  SysCtlPeripheralEnable           
00003635  ltoa                             
0000368d  atoi                             
000036d9  copy_in                          
00003725  __aeabi_d2iz                     
0000376d  ldexp                            
000037b3  SSIConfigSetExpClk               
000037f9  LEDTask                          
0000383d  C$$EXIT                          
00003841  abort                            
00003849  exit                             
00003881  signal                           
000038c1  _c_int00                         
000038fd  systemInit                       
00003935  IntRegister                      
00003969  feraiseexcept                    
0000399d  _Feraise                         
000039cd  GPIODirModeSet                   
000039fb  __aeabi_i2d                      
00003a29  raise                            
00003a57  _Dclass                          
00003a81  frexp                            
00003aa5  SysTickIntRegister               
00003ac1  memccpy                          
00003add  _args_main                       
00003af5  strchr                           
00003b0d  SysTickEnable                    
00003b21  SysTickIntEnable                 
00003b35  _register_unlock                 
00003b3b  _register_lock                   
00003b43  _nop                             
00003b49  strlen                           
00003b5d  GPIOPinTypeGPIOInput             
00003b6f  GPIOPinTypeGPIOOutput            
00003b81  GPIOPinTypeSSI                   
00003b93  SSIDataGetNonBlocking            
00003ba5  __TI_decompress_none             
00003bb3  __TI_zero_init                   
00003bbf  ResetISR                         
00003bcb  SSIDataPut                       
00003bd5  SSIDisable                       
00003bdf  SSIEnable                        
00003be9  SSIBusy                          
00003bf1  GPIOPinRead                      
00003bf7  GPIOPinWrite                     
00003bfd  SysCtlDelay                      
00003c03  __TI_decompress_rle24            
00003c09  _system_pre_init                 
00003dec  _ctypes_                         
0000404c  __TI_Handler_Table_Base          
00004058  __TI_Handler_Table_Limit         
00004068  __TI_CINIT_Base                  
00004080  __TI_CINIT_Limit                 
20000000  g_pfnRAMVectors                  
20002370  pxReadyTasksLists                
200023c0  xDelayedTaskList1                
200023d4  xDelayedTaskList2                
200023e8  xPendingReadyList                
20002418  pxDelayedTaskList                
2000241c  pxOverflowDelayedTaskList        
20002420  __stack                          
20002620  __STACK_TOP                      
20003420  __STACK_END                      
200034d0  _Denorm                          
200034e0  _Eps                             
200034f0  _Hugeval                         
20003500  _Inf                             
20003510  _Nan                             
20003520  _Snan                            
20003530  _Rteps                           
20003540  _Xbig                            
20003548  _Zero                            
20003550  pxCurrentTCB                     
20003554  uxCurrentNumberOfTasks           
20003558  xTickCount                       
2000355c  uxTopReadyPriority               
20003560  xSchedulerRunning                
20003564  uxPendedTicks                    
20003568  xYieldPending                    
2000356c  xNumOfOverflows                  
20003570  uxTaskNumber                     
20003574  xNextTaskUnblockTime             
20003580  xPortSysTickCount                
2000358c  _lock                            
20003590  _unlock                          
20003594  __TI_cleanup_ptr                 
20003598  __TI_dtors_ptr                   
2000359c  _Fenv                            
200035a0  _Tls_setup__Fenv                 
200035a4  _Errno                           
200035a8  main_func_sp                     
ffffffff  __binit__                        
ffffffff  __c_args__                       
ffffffff  binit                            
UNDEFED   SHT$$INIT_ARRAY$$Base            
UNDEFED   SHT$$INIT_ARRAY$$Limit           

[182 symbols]
