<?xml version="1.0"?>
<link_info>
   <banner>TI ARM Linker PC v5.2.2</banner>
   <copyright>Copyright (c) 1996-2015 Texas Instruments Incorporated</copyright>
   <link_time>0x570585f6</link_time>
   <link_errors>0x0</link_errors>
   <output_file>EECS_388_FreeRTOS.out</output_file>
   <entry_point>
      <name>_c_int00</name>
      <address>0x38c1</address>
   </entry_point>
   <input_file_list>
      <input_file id="fl-2">
         <path>.\</path>
         <kind>object</kind>
         <file>main.obj</file>
         <name>main.obj</name>
      </input_file>
      <input_file id="fl-3">
         <path>.\targetConfigs\</path>
         <kind>object</kind>
         <file>lm3s1968_startup_ccs.obj</file>
         <name>lm3s1968_startup_ccs.obj</name>
      </input_file>
      <input_file id="fl-4">
         <path>.\src\</path>
         <kind>object</kind>
         <file>led.obj</file>
         <name>led.obj</name>
      </input_file>
      <input_file id="fl-5">
         <path>.\src\</path>
         <kind>object</kind>
         <file>oled.obj</file>
         <name>oled.obj</name>
      </input_file>
      <input_file id="fl-6">
         <path>.\src\</path>
         <kind>object</kind>
         <file>system.obj</file>
         <name>system.obj</name>
      </input_file>
      <input_file id="fl-7">
         <path>.\src\OLED_Driver\</path>
         <kind>object</kind>
         <file>rit128x96x4.obj</file>
         <name>rit128x96x4.obj</name>
      </input_file>
      <input_file id="fl-8">
         <path>.\src\FreeRTOS\</path>
         <kind>object</kind>
         <file>croutine.obj</file>
         <name>croutine.obj</name>
      </input_file>
      <input_file id="fl-9">
         <path>.\src\FreeRTOS\</path>
         <kind>object</kind>
         <file>event_groups.obj</file>
         <name>event_groups.obj</name>
      </input_file>
      <input_file id="fl-a">
         <path>.\src\FreeRTOS\</path>
         <kind>object</kind>
         <file>list.obj</file>
         <name>list.obj</name>
      </input_file>
      <input_file id="fl-b">
         <path>.\src\FreeRTOS\</path>
         <kind>object</kind>
         <file>queue.obj</file>
         <name>queue.obj</name>
      </input_file>
      <input_file id="fl-c">
         <path>.\src\FreeRTOS\</path>
         <kind>object</kind>
         <file>tasks.obj</file>
         <name>tasks.obj</name>
      </input_file>
      <input_file id="fl-d">
         <path>.\src\FreeRTOS\</path>
         <kind>object</kind>
         <file>timers.obj</file>
         <name>timers.obj</name>
      </input_file>
      <input_file id="fl-e">
         <path>.\src\FreeRTOS\portable\CCS6\ARM_CM4F\</path>
         <kind>object</kind>
         <file>port.obj</file>
         <name>port.obj</name>
      </input_file>
      <input_file id="fl-f">
         <path>.\src\FreeRTOS\portable\CCS6\ARM_CM4F\</path>
         <kind>object</kind>
         <file>portasm.obj</file>
         <name>portasm.obj</name>
      </input_file>
      <input_file id="fl-10">
         <path>.\src\FreeRTOS\portable\CCS6\ARM_CM3\</path>
         <kind>object</kind>
         <file>port.obj</file>
         <name>port.obj</name>
      </input_file>
      <input_file id="fl-11">
         <path>.\src\FreeRTOS\portable\CCS6\ARM_CM3\</path>
         <kind>object</kind>
         <file>portasm.obj</file>
         <name>portasm.obj</name>
      </input_file>
      <input_file id="fl-12">
         <path>.\src\FreeRTOS\portable\CCS5\ARM_CM3\</path>
         <kind>object</kind>
         <file>port.obj</file>
         <name>port.obj</name>
      </input_file>
      <input_file id="fl-13">
         <path>.\src\FreeRTOS\portable\CCS5\ARM_CM3\</path>
         <kind>object</kind>
         <file>portasm.obj</file>
         <name>portasm.obj</name>
      </input_file>
      <input_file id="fl-14">
         <path>.\src\FreeRTOS\include\</path>
         <kind>object</kind>
         <file>heap_2.obj</file>
         <name>heap_2.obj</name>
      </input_file>
      <input_file id="fl-13b">
         <path>C:\TI_CodeComposer\ccsv6\tools\compiler\ti-cgt-arm_5.2.2\lib\</path>
         <kind>archive</kind>
         <file>rtsv7M3_T_le_eabi.lib</file>
         <name>boot.obj</name>
      </input_file>
      <input_file id="fl-13c">
         <path>C:\TI_CodeComposer\ccsv6\tools\compiler\ti-cgt-arm_5.2.2\lib\</path>
         <kind>archive</kind>
         <file>rtsv7M3_T_le_eabi.lib</file>
         <name>copy_decompress_none.obj</name>
      </input_file>
      <input_file id="fl-13d">
         <path>C:\TI_CodeComposer\ccsv6\tools\compiler\ti-cgt-arm_5.2.2\lib\</path>
         <kind>archive</kind>
         <file>rtsv7M3_T_le_eabi.lib</file>
         <name>copy_decompress_rle.obj</name>
      </input_file>
      <input_file id="fl-13e">
         <path>C:\TI_CodeComposer\ccsv6\tools\compiler\ti-cgt-arm_5.2.2\lib\</path>
         <kind>archive</kind>
         <file>rtsv7M3_T_le_eabi.lib</file>
         <name>copy_zero_init.obj</name>
      </input_file>
      <input_file id="fl-13f">
         <path>C:\TI_CodeComposer\ccsv6\tools\compiler\ti-cgt-arm_5.2.2\lib\</path>
         <kind>archive</kind>
         <file>rtsv7M3_T_le_eabi.lib</file>
         <name>exit.obj</name>
      </input_file>
      <input_file id="fl-140">
         <path>C:\TI_CodeComposer\ccsv6\tools\compiler\ti-cgt-arm_5.2.2\lib\</path>
         <kind>archive</kind>
         <file>rtsv7M3_T_le_eabi.lib</file>
         <name>memcpy_t2.obj</name>
      </input_file>
      <input_file id="fl-141">
         <path>C:\TI_CodeComposer\ccsv6\tools\compiler\ti-cgt-arm_5.2.2\lib\</path>
         <kind>archive</kind>
         <file>rtsv7M3_T_le_eabi.lib</file>
         <name>memset_t2.obj</name>
      </input_file>
      <input_file id="fl-142">
         <path>C:\TI_CodeComposer\ccsv6\tools\compiler\ti-cgt-arm_5.2.2\lib\</path>
         <kind>archive</kind>
         <file>rtsv7M3_T_le_eabi.lib</file>
         <name>pre_init.obj</name>
      </input_file>
      <input_file id="fl-143">
         <path>C:\TI_CodeComposer\ccsv6\tools\compiler\ti-cgt-arm_5.2.2\lib\</path>
         <kind>archive</kind>
         <file>rtsv7M3_T_le_eabi.lib</file>
         <name>sprintf.obj</name>
      </input_file>
      <input_file id="fl-144">
         <path>C:\TI_CodeComposer\ccsv6\tools\compiler\ti-cgt-arm_5.2.2\lib\</path>
         <kind>archive</kind>
         <file>rtsv7M3_T_le_eabi.lib</file>
         <name>stkdepth_vars.obj</name>
      </input_file>
      <input_file id="fl-145">
         <path>C:\TI_CodeComposer\ccsv6\tools\compiler\ti-cgt-arm_5.2.2\lib\</path>
         <kind>archive</kind>
         <file>rtsv7M3_T_le_eabi.lib</file>
         <name>_lock.obj</name>
      </input_file>
      <input_file id="fl-146">
         <path>C:\TI_CodeComposer\ccsv6\tools\compiler\ti-cgt-arm_5.2.2\lib\</path>
         <kind>archive</kind>
         <file>rtsv7M3_T_le_eabi.lib</file>
         <name>_printfi.obj</name>
      </input_file>
      <input_file id="fl-147">
         <path>C:\TI_CodeComposer\ccsv6\tools\compiler\ti-cgt-arm_5.2.2\lib\</path>
         <kind>archive</kind>
         <file>rtsv7M3_T_le_eabi.lib</file>
         <name>args_main.obj</name>
      </input_file>
      <input_file id="fl-148">
         <path>C:\TI_CodeComposer\ccsv6\tools\compiler\ti-cgt-arm_5.2.2\lib\</path>
         <kind>archive</kind>
         <file>rtsv7M3_T_le_eabi.lib</file>
         <name>atoi.obj</name>
      </input_file>
      <input_file id="fl-149">
         <path>C:\TI_CodeComposer\ccsv6\tools\compiler\ti-cgt-arm_5.2.2\lib\</path>
         <kind>archive</kind>
         <file>rtsv7M3_T_le_eabi.lib</file>
         <name>autoinit.obj</name>
      </input_file>
      <input_file id="fl-14a">
         <path>C:\TI_CodeComposer\ccsv6\tools\compiler\ti-cgt-arm_5.2.2\lib\</path>
         <kind>archive</kind>
         <file>rtsv7M3_T_le_eabi.lib</file>
         <name>cpy_tbl.obj</name>
      </input_file>
      <input_file id="fl-14b">
         <path>C:\TI_CodeComposer\ccsv6\tools\compiler\ti-cgt-arm_5.2.2\lib\</path>
         <kind>archive</kind>
         <file>rtsv7M3_T_le_eabi.lib</file>
         <name>ctype.obj</name>
      </input_file>
      <input_file id="fl-14c">
         <path>C:\TI_CodeComposer\ccsv6\tools\compiler\ti-cgt-arm_5.2.2\lib\</path>
         <kind>archive</kind>
         <file>rtsv7M3_T_le_eabi.lib</file>
         <name>fd_add_t2.obj</name>
      </input_file>
      <input_file id="fl-14d">
         <path>C:\TI_CodeComposer\ccsv6\tools\compiler\ti-cgt-arm_5.2.2\lib\</path>
         <kind>archive</kind>
         <file>rtsv7M3_T_le_eabi.lib</file>
         <name>fd_cmp_t2.obj</name>
      </input_file>
      <input_file id="fl-14e">
         <path>C:\TI_CodeComposer\ccsv6\tools\compiler\ti-cgt-arm_5.2.2\lib\</path>
         <kind>archive</kind>
         <file>rtsv7M3_T_le_eabi.lib</file>
         <name>fd_div_t2.obj</name>
      </input_file>
      <input_file id="fl-14f">
         <path>C:\TI_CodeComposer\ccsv6\tools\compiler\ti-cgt-arm_5.2.2\lib\</path>
         <kind>archive</kind>
         <file>rtsv7M3_T_le_eabi.lib</file>
         <name>fd_mul_t2.obj</name>
      </input_file>
      <input_file id="fl-150">
         <path>C:\TI_CodeComposer\ccsv6\tools\compiler\ti-cgt-arm_5.2.2\lib\</path>
         <kind>archive</kind>
         <file>rtsv7M3_T_le_eabi.lib</file>
         <name>fd_toi_t2.obj</name>
      </input_file>
      <input_file id="fl-151">
         <path>C:\TI_CodeComposer\ccsv6\tools\compiler\ti-cgt-arm_5.2.2\lib\</path>
         <kind>archive</kind>
         <file>rtsv7M3_T_le_eabi.lib</file>
         <name>frexp.obj</name>
      </input_file>
      <input_file id="fl-152">
         <path>C:\TI_CodeComposer\ccsv6\tools\compiler\ti-cgt-arm_5.2.2\lib\</path>
         <kind>archive</kind>
         <file>rtsv7M3_T_le_eabi.lib</file>
         <name>i_tofd_t2.obj</name>
      </input_file>
      <input_file id="fl-153">
         <path>C:\TI_CodeComposer\ccsv6\tools\compiler\ti-cgt-arm_5.2.2\lib\</path>
         <kind>archive</kind>
         <file>rtsv7M3_T_le_eabi.lib</file>
         <name>ldexp.obj</name>
      </input_file>
      <input_file id="fl-154">
         <path>C:\TI_CodeComposer\ccsv6\tools\compiler\ti-cgt-arm_5.2.2\lib\</path>
         <kind>archive</kind>
         <file>rtsv7M3_T_le_eabi.lib</file>
         <name>ltoa.obj</name>
      </input_file>
      <input_file id="fl-155">
         <path>C:\TI_CodeComposer\ccsv6\tools\compiler\ti-cgt-arm_5.2.2\lib\</path>
         <kind>archive</kind>
         <file>rtsv7M3_T_le_eabi.lib</file>
         <name>memccpy.obj</name>
      </input_file>
      <input_file id="fl-156">
         <path>C:\TI_CodeComposer\ccsv6\tools\compiler\ti-cgt-arm_5.2.2\lib\</path>
         <kind>archive</kind>
         <file>rtsv7M3_T_le_eabi.lib</file>
         <name>strchr.obj</name>
      </input_file>
      <input_file id="fl-157">
         <path>C:\TI_CodeComposer\ccsv6\tools\compiler\ti-cgt-arm_5.2.2\lib\</path>
         <kind>archive</kind>
         <file>rtsv7M3_T_le_eabi.lib</file>
         <name>strlen.obj</name>
      </input_file>
      <input_file id="fl-158">
         <path>C:\TI_CodeComposer\ccsv6\tools\compiler\ti-cgt-arm_5.2.2\lib\</path>
         <kind>archive</kind>
         <file>rtsv7M3_T_le_eabi.lib</file>
         <name>ull_div_t2.obj</name>
      </input_file>
      <input_file id="fl-159">
         <path>C:\TI_CodeComposer\ccsv6\tools\compiler\ti-cgt-arm_5.2.2\lib\</path>
         <kind>archive</kind>
         <file>rtsv7M3_T_le_eabi.lib</file>
         <name>xdclass.obj</name>
      </input_file>
      <input_file id="fl-15a">
         <path>C:\TI_CodeComposer\ccsv6\tools\compiler\ti-cgt-arm_5.2.2\lib\</path>
         <kind>archive</kind>
         <file>rtsv7M3_T_le_eabi.lib</file>
         <name>xdscale.obj</name>
      </input_file>
      <input_file id="fl-15b">
         <path>C:\TI_CodeComposer\ccsv6\tools\compiler\ti-cgt-arm_5.2.2\lib\</path>
         <kind>archive</kind>
         <file>rtsv7M3_T_le_eabi.lib</file>
         <name>xdunscal.obj</name>
      </input_file>
      <input_file id="fl-15c">
         <path>C:\TI_CodeComposer\ccsv6\tools\compiler\ti-cgt-arm_5.2.2\lib\</path>
         <kind>archive</kind>
         <file>rtsv7M3_T_le_eabi.lib</file>
         <name>xferaise.obj</name>
      </input_file>
      <input_file id="fl-15d">
         <path>C:\TI_CodeComposer\ccsv6\tools\compiler\ti-cgt-arm_5.2.2\lib\</path>
         <kind>archive</kind>
         <file>rtsv7M3_T_le_eabi.lib</file>
         <name>xvalues.obj</name>
      </input_file>
      <input_file id="fl-15e">
         <path>C:\TI_CodeComposer\ccsv6\tools\compiler\ti-cgt-arm_5.2.2\lib\</path>
         <kind>archive</kind>
         <file>rtsv7M3_T_le_eabi.lib</file>
         <name>errno.obj</name>
      </input_file>
      <input_file id="fl-15f">
         <path>C:\TI_CodeComposer\ccsv6\tools\compiler\ti-cgt-arm_5.2.2\lib\</path>
         <kind>archive</kind>
         <file>rtsv7M3_T_le_eabi.lib</file>
         <name>feraiseexcept.obj</name>
      </input_file>
      <input_file id="fl-160">
         <path>C:\TI_CodeComposer\ccsv6\tools\compiler\ti-cgt-arm_5.2.2\lib\</path>
         <kind>archive</kind>
         <file>rtsv7M3_T_le_eabi.lib</file>
         <name>raise.obj</name>
      </input_file>
      <input_file id="fl-161">
         <path>C:\TI_CodeComposer\ccsv6\tools\compiler\ti-cgt-arm_5.2.2\lib\</path>
         <kind>archive</kind>
         <file>rtsv7M3_T_le_eabi.lib</file>
         <name>signal.obj</name>
      </input_file>
      <input_file id="fl-162">
         <path>C:\TI_CodeComposer\ccsv6\tools\compiler\ti-cgt-arm_5.2.2\lib\</path>
         <kind>archive</kind>
         <file>rtsv7M3_T_le_eabi.lib</file>
         <name>xdnorm.obj</name>
      </input_file>
      <input_file id="fl-163">
         <path>C:\TI_CodeComposer\StellarisWare-LM3S1968\driverlib\ccs-cm3\Debug\</path>
         <kind>archive</kind>
         <file>driverlib-cm3.lib</file>
         <name>systick.obj</name>
      </input_file>
      <input_file id="fl-164">
         <path>C:\TI_CodeComposer\StellarisWare-LM3S1968\driverlib\ccs-cm3\Debug\</path>
         <kind>archive</kind>
         <file>driverlib-cm3.lib</file>
         <name>sysctl.obj</name>
      </input_file>
      <input_file id="fl-165">
         <path>C:\TI_CodeComposer\StellarisWare-LM3S1968\driverlib\ccs-cm3\Debug\</path>
         <kind>archive</kind>
         <file>driverlib-cm3.lib</file>
         <name>ssi.obj</name>
      </input_file>
      <input_file id="fl-166">
         <path>C:\TI_CodeComposer\StellarisWare-LM3S1968\driverlib\ccs-cm3\Debug\</path>
         <kind>archive</kind>
         <file>driverlib-cm3.lib</file>
         <name>interrupt.obj</name>
      </input_file>
      <input_file id="fl-167">
         <path>C:\TI_CodeComposer\StellarisWare-LM3S1968\driverlib\ccs-cm3\Debug\</path>
         <kind>archive</kind>
         <file>driverlib-cm3.lib</file>
         <name>gpio.obj</name>
      </input_file>
      <input_file id="fl-168">
         <path>C:\TI_CodeComposer\StellarisWare-LM3S1968\driverlib\ccs-cm3\Debug\</path>
         <kind>archive</kind>
         <file>driverlib-cm3.lib</file>
         <name>cpu.obj</name>
      </input_file>
   </input_file_list>
   <object_component_list>
      <object_component id="oc-f">
         <name>.intvecs</name>
         <load_address>0x0</load_address>
         <run_address>0x0</run_address>
         <size>0xf0</size>
         <input_file_ref idref="fl-3"/>
      </object_component>
      <object_component id="oc-1ee">
         <name>.text</name>
         <load_address>0xf0</load_address>
         <run_address>0xf0</run_address>
         <size>0x109a</size>
         <input_file_ref idref="fl-146"/>
      </object_component>
      <object_component id="oc-be">
         <name>.text</name>
         <load_address>0x118c</load_address>
         <run_address>0x118c</run_address>
         <size>0x900</size>
         <input_file_ref idref="fl-c"/>
      </object_component>
      <object_component id="oc-137">
         <name>.text</name>
         <load_address>0x1a8c</load_address>
         <run_address>0x1a8c</run_address>
         <size>0x510</size>
         <input_file_ref idref="fl-7"/>
      </object_component>
      <object_component id="oc-241">
         <name>.text</name>
         <load_address>0x1f9c</load_address>
         <run_address>0x1f9c</run_address>
         <size>0x1f4</size>
         <input_file_ref idref="fl-158"/>
      </object_component>
      <object_component id="oc-270">
         <name>.text</name>
         <load_address>0x2190</load_address>
         <run_address>0x2190</run_address>
         <size>0x1b6</size>
         <input_file_ref idref="fl-14c"/>
      </object_component>
      <object_component id="oc-10f">
         <name>.text</name>
         <load_address>0x2348</load_address>
         <run_address>0x2348</run_address>
         <size>0x1b4</size>
         <input_file_ref idref="fl-14"/>
      </object_component>
      <object_component id="oc-1bf">
         <name>.text:SysCtlClockGet</name>
         <load_address>0x24fc</load_address>
         <run_address>0x24fc</run_address>
         <size>0x198</size>
         <input_file_ref idref="fl-164"/>
      </object_component>
      <object_component id="oc-ca">
         <name>.text</name>
         <load_address>0x2694</load_address>
         <run_address>0x2694</run_address>
         <size>0x194</size>
         <input_file_ref idref="fl-5"/>
      </object_component>
      <object_component id="oc-122">
         <name>.text:SysCtlClockSet</name>
         <load_address>0x2828</load_address>
         <run_address>0x2828</run_address>
         <size>0x144</size>
         <input_file_ref idref="fl-164"/>
      </object_component>
      <object_component id="oc-256">
         <name>.text</name>
         <load_address>0x296c</load_address>
         <run_address>0x296c</run_address>
         <size>0x136</size>
         <input_file_ref idref="fl-14e"/>
      </object_component>
      <object_component id="oc-f9">
         <name>.text</name>
         <load_address>0x2aa2</load_address>
         <run_address>0x2aa2</run_address>
         <size>0x12a</size>
         <input_file_ref idref="fl-a"/>
      </object_component>
      <object_component id="oc-2d0">
         <name>.text</name>
         <load_address>0x2bcc</load_address>
         <run_address>0x2bcc</run_address>
         <size>0x110</size>
         <input_file_ref idref="fl-15a"/>
      </object_component>
      <object_component id="oc-251">
         <name>.text</name>
         <load_address>0x2cdc</load_address>
         <run_address>0x2cdc</run_address>
         <size>0xfc</size>
         <input_file_ref idref="fl-14f"/>
      </object_component>
      <object_component id="oc-f3">
         <name>.text</name>
         <load_address>0x2dd8</load_address>
         <run_address>0x2dd8</run_address>
         <size>0xf0</size>
         <input_file_ref idref="fl-10"/>
      </object_component>
      <object_component id="oc-1cb">
         <name>.text:GPIOPadConfigSet</name>
         <load_address>0x2ec8</load_address>
         <run_address>0x2ec8</run_address>
         <size>0xc8</size>
         <input_file_ref idref="fl-167"/>
      </object_component>
      <object_component id="oc-2f4">
         <name>.text</name>
         <load_address>0x2f90</load_address>
         <run_address>0x2f90</run_address>
         <size>0xbe</size>
         <input_file_ref idref="fl-162"/>
      </object_component>
      <object_component id="oc-36">
         <name>.text</name>
         <load_address>0x304e</load_address>
         <run_address>0x304e</run_address>
         <size>0x9c</size>
         <input_file_ref idref="fl-140"/>
      </object_component>
      <object_component id="oc-149">
         <name>.text:SysCtlPeripheralReset</name>
         <load_address>0x30ec</load_address>
         <run_address>0x30ec</run_address>
         <size>0x88</size>
         <input_file_ref idref="fl-164"/>
      </object_component>
      <object_component id="oc-24c">
         <name>.text:__aeabi_cdcmple</name>
         <load_address>0x3174</load_address>
         <run_address>0x3174</run_address>
         <size>0x86</size>
         <input_file_ref idref="fl-14d"/>
      </object_component>
      <object_component id="oc-25b">
         <name>.text:__aeabi_cdrcmple</name>
         <load_address>0x31fa</load_address>
         <run_address>0x31fa</run_address>
         <size>0x86</size>
         <input_file_ref idref="fl-14d"/>
      </object_component>
      <object_component id="oc-ff">
         <name>.text</name>
         <load_address>0x3280</load_address>
         <run_address>0x3280</run_address>
         <size>0x80</size>
         <input_file_ref idref="fl-11"/>
      </object_component>
      <object_component id="oc-4f">
         <name>.text</name>
         <load_address>0x3300</load_address>
         <run_address>0x3300</run_address>
         <size>0x7a</size>
         <input_file_ref idref="fl-141"/>
      </object_component>
      <object_component id="oc-9d">
         <name>.text</name>
         <load_address>0x337c</load_address>
         <run_address>0x337c</run_address>
         <size>0x6c</size>
         <input_file_ref idref="fl-2"/>
      </object_component>
      <object_component id="oc-61">
         <name>.text</name>
         <load_address>0x33e8</load_address>
         <run_address>0x33e8</run_address>
         <size>0x6c</size>
         <input_file_ref idref="fl-149"/>
      </object_component>
      <object_component id="oc-42">
         <name>.text</name>
         <load_address>0x3454</load_address>
         <run_address>0x3454</run_address>
         <size>0x6a</size>
         <input_file_ref idref="fl-13d"/>
      </object_component>
      <object_component id="oc-2c8">
         <name>.text</name>
         <load_address>0x34be</load_address>
         <run_address>0x34be</run_address>
         <size>0x66</size>
         <input_file_ref idref="fl-15b"/>
      </object_component>
      <object_component id="oc-151">
         <name>.text</name>
         <load_address>0x3524</load_address>
         <run_address>0x3524</run_address>
         <size>0x60</size>
         <input_file_ref idref="fl-143"/>
      </object_component>
      <object_component id="oc-14d">
         <name>.text:SysCtlPeripheralDisable</name>
         <load_address>0x3584</load_address>
         <run_address>0x3584</run_address>
         <size>0x58</size>
         <input_file_ref idref="fl-164"/>
      </object_component>
      <object_component id="oc-13d">
         <name>.text:SysCtlPeripheralEnable</name>
         <load_address>0x35dc</load_address>
         <run_address>0x35dc</run_address>
         <size>0x58</size>
         <input_file_ref idref="fl-164"/>
      </object_component>
      <object_component id="oc-265">
         <name>.text</name>
         <load_address>0x3634</load_address>
         <run_address>0x3634</run_address>
         <size>0x56</size>
         <input_file_ref idref="fl-154"/>
      </object_component>
      <object_component id="oc-293">
         <name>.text</name>
         <load_address>0x368c</load_address>
         <run_address>0x368c</run_address>
         <size>0x4c</size>
         <input_file_ref idref="fl-148"/>
      </object_component>
      <object_component id="oc-95">
         <name>.text</name>
         <load_address>0x36d8</load_address>
         <run_address>0x36d8</run_address>
         <size>0x4c</size>
         <input_file_ref idref="fl-14a"/>
      </object_component>
      <object_component id="oc-260">
         <name>.text</name>
         <load_address>0x3724</load_address>
         <run_address>0x3724</run_address>
         <size>0x48</size>
         <input_file_ref idref="fl-150"/>
      </object_component>
      <object_component id="oc-27b">
         <name>.text</name>
         <load_address>0x376c</load_address>
         <run_address>0x376c</run_address>
         <size>0x46</size>
         <input_file_ref idref="fl-153"/>
      </object_component>
      <object_component id="oc-1c3">
         <name>.text:SSIConfigSetExpClk</name>
         <load_address>0x37b2</load_address>
         <run_address>0x37b2</run_address>
         <size>0x44</size>
         <input_file_ref idref="fl-165"/>
      </object_component>
      <object_component id="oc-d0">
         <name>.text</name>
         <load_address>0x37f8</load_address>
         <run_address>0x37f8</run_address>
         <size>0x44</size>
         <input_file_ref idref="fl-4"/>
      </object_component>
      <object_component id="oc-6d">
         <name>.text</name>
         <load_address>0x383c</load_address>
         <run_address>0x383c</run_address>
         <size>0x44</size>
         <input_file_ref idref="fl-13f"/>
      </object_component>
      <object_component id="oc-337">
         <name>.text</name>
         <load_address>0x3880</load_address>
         <run_address>0x3880</run_address>
         <size>0x40</size>
         <input_file_ref idref="fl-161"/>
      </object_component>
      <object_component id="oc-24">
         <name>.text</name>
         <load_address>0x38c0</load_address>
         <run_address>0x38c0</run_address>
         <size>0x3c</size>
         <input_file_ref idref="fl-13b"/>
      </object_component>
      <object_component id="oc-c4">
         <name>.text</name>
         <load_address>0x38fc</load_address>
         <run_address>0x38fc</run_address>
         <size>0x38</size>
         <input_file_ref idref="fl-6"/>
      </object_component>
      <object_component id="oc-126">
         <name>.text:IntRegister</name>
         <load_address>0x3934</load_address>
         <run_address>0x3934</run_address>
         <size>0x34</size>
         <input_file_ref idref="fl-166"/>
      </object_component>
      <object_component id="oc-303">
         <name>.text</name>
         <load_address>0x3968</load_address>
         <run_address>0x3968</run_address>
         <size>0x34</size>
         <input_file_ref idref="fl-15f"/>
      </object_component>
      <object_component id="oc-2d6">
         <name>.text</name>
         <load_address>0x399c</load_address>
         <run_address>0x399c</run_address>
         <size>0x30</size>
         <input_file_ref idref="fl-15c"/>
      </object_component>
      <object_component id="oc-1e5">
         <name>.text:GPIODirModeSet</name>
         <load_address>0x39cc</load_address>
         <run_address>0x39cc</run_address>
         <size>0x2e</size>
         <input_file_ref idref="fl-167"/>
      </object_component>
      <object_component id="oc-26b">
         <name>.text</name>
         <load_address>0x39fa</load_address>
         <run_address>0x39fa</run_address>
         <size>0x2e</size>
         <input_file_ref idref="fl-152"/>
      </object_component>
      <object_component id="oc-327">
         <name>.text</name>
         <load_address>0x3a28</load_address>
         <run_address>0x3a28</run_address>
         <size>0x2e</size>
         <input_file_ref idref="fl-160"/>
      </object_component>
      <object_component id="oc-287">
         <name>.text</name>
         <load_address>0x3a56</load_address>
         <run_address>0x3a56</run_address>
         <size>0x2a</size>
         <input_file_ref idref="fl-159"/>
      </object_component>
      <object_component id="oc-275">
         <name>.text</name>
         <load_address>0x3a80</load_address>
         <run_address>0x3a80</run_address>
         <size>0x22</size>
         <input_file_ref idref="fl-151"/>
      </object_component>
      <object_component id="oc-12a">
         <name>.text:SysTickIntRegister</name>
         <load_address>0x3aa4</load_address>
         <run_address>0x3aa4</run_address>
         <size>0x1c</size>
         <input_file_ref idref="fl-163"/>
      </object_component>
      <object_component id="oc-28d">
         <name>.text</name>
         <load_address>0x3ac0</load_address>
         <run_address>0x3ac0</run_address>
         <size>0x1a</size>
         <input_file_ref idref="fl-155"/>
      </object_component>
      <object_component id="oc-67">
         <name>.text</name>
         <load_address>0x3adc</load_address>
         <run_address>0x3adc</run_address>
         <size>0x18</size>
         <input_file_ref idref="fl-147"/>
      </object_component>
      <object_component id="oc-281">
         <name>.text</name>
         <load_address>0x3af4</load_address>
         <run_address>0x3af4</run_address>
         <size>0x16</size>
         <input_file_ref idref="fl-156"/>
      </object_component>
      <object_component id="oc-132">
         <name>.text:SysTickEnable</name>
         <load_address>0x3b0c</load_address>
         <run_address>0x3b0c</run_address>
         <size>0x14</size>
         <input_file_ref idref="fl-163"/>
      </object_component>
      <object_component id="oc-12e">
         <name>.text:SysTickIntEnable</name>
         <load_address>0x3b20</load_address>
         <run_address>0x3b20</run_address>
         <size>0x14</size>
         <input_file_ref idref="fl-163"/>
      </object_component>
      <object_component id="oc-de">
         <name>.text</name>
         <load_address>0x3b34</load_address>
         <run_address>0x3b34</run_address>
         <size>0x14</size>
         <input_file_ref idref="fl-145"/>
      </object_component>
      <object_component id="oc-246">
         <name>.text</name>
         <load_address>0x3b48</load_address>
         <run_address>0x3b48</run_address>
         <size>0x14</size>
         <input_file_ref idref="fl-157"/>
      </object_component>
      <object_component id="oc-141">
         <name>.text:GPIOPinTypeGPIOInput</name>
         <load_address>0x3b5c</load_address>
         <run_address>0x3b5c</run_address>
         <size>0x12</size>
         <input_file_ref idref="fl-167"/>
      </object_component>
      <object_component id="oc-15c">
         <name>.text:GPIOPinTypeGPIOOutput</name>
         <load_address>0x3b6e</load_address>
         <run_address>0x3b6e</run_address>
         <size>0x12</size>
         <input_file_ref idref="fl-167"/>
      </object_component>
      <object_component id="oc-1c7">
         <name>.text:GPIOPinTypeSSI</name>
         <load_address>0x3b80</load_address>
         <run_address>0x3b80</run_address>
         <size>0x12</size>
         <input_file_ref idref="fl-167"/>
      </object_component>
      <object_component id="oc-1d3">
         <name>.text:SSIDataGetNonBlocking</name>
         <load_address>0x3b92</load_address>
         <run_address>0x3b92</run_address>
         <size>0x12</size>
         <input_file_ref idref="fl-165"/>
      </object_component>
      <object_component id="oc-12">
         <name>.text:decompress:none</name>
         <load_address>0x3ba4</load_address>
         <run_address>0x3ba4</run_address>
         <size>0xe</size>
         <input_file_ref idref="fl-13c"/>
      </object_component>
      <object_component id="oc-1e">
         <name>.text:decompress:ZI</name>
         <load_address>0x3bb2</load_address>
         <run_address>0x3bb2</run_address>
         <size>0xc</size>
         <input_file_ref idref="fl-13e"/>
      </object_component>
      <object_component id="oc-2d">
         <name>.text</name>
         <load_address>0x3bbe</load_address>
         <run_address>0x3bbe</run_address>
         <size>0xc</size>
         <input_file_ref idref="fl-3"/>
      </object_component>
      <object_component id="oc-1b4">
         <name>.text:SSIDataPut</name>
         <load_address>0x3bca</load_address>
         <run_address>0x3bca</run_address>
         <size>0xa</size>
         <input_file_ref idref="fl-165"/>
      </object_component>
      <object_component id="oc-1bb">
         <name>.text:SSIDisable</name>
         <load_address>0x3bd4</load_address>
         <run_address>0x3bd4</run_address>
         <size>0xa</size>
         <input_file_ref idref="fl-165"/>
      </object_component>
      <object_component id="oc-1cf">
         <name>.text:SSIEnable</name>
         <load_address>0x3bde</load_address>
         <run_address>0x3bde</run_address>
         <size>0xa</size>
         <input_file_ref idref="fl-165"/>
      </object_component>
      <object_component id="oc-1b0">
         <name>.text:SSIBusy</name>
         <load_address>0x3be8</load_address>
         <run_address>0x3be8</run_address>
         <size>0x8</size>
         <input_file_ref idref="fl-165"/>
      </object_component>
      <object_component id="oc-145">
         <name>.text:GPIOPinRead</name>
         <load_address>0x3bf0</load_address>
         <run_address>0x3bf0</run_address>
         <size>0x6</size>
         <input_file_ref idref="fl-167"/>
      </object_component>
      <object_component id="oc-160">
         <name>.text:GPIOPinWrite</name>
         <load_address>0x3bf6</load_address>
         <run_address>0x3bf6</run_address>
         <size>0x6</size>
         <input_file_ref idref="fl-167"/>
      </object_component>
      <object_component id="oc-1a1">
         <name>.text:SysCtlDelay</name>
         <load_address>0x3bfc</load_address>
         <run_address>0x3bfc</run_address>
         <size>0x6</size>
         <input_file_ref idref="fl-164"/>
      </object_component>
      <object_component id="oc-18">
         <name>.text:decompress:rle24</name>
         <load_address>0x3c02</load_address>
         <run_address>0x3c02</run_address>
         <size>0x6</size>
         <input_file_ref idref="fl-13d"/>
      </object_component>
      <object_component id="oc-5b">
         <name>.text</name>
         <load_address>0x3c08</load_address>
         <run_address>0x3c08</run_address>
         <size>0x4</size>
         <input_file_ref idref="fl-142"/>
      </object_component>
      <object_component id="oc-1db">
         <name>.const:g_pucFont</name>
         <load_address>0x3c0c</load_address>
         <run_address>0x3c0c</run_address>
         <size>0x1e0</size>
         <input_file_ref idref="fl-7"/>
      </object_component>
      <object_component id="oc-2e4">
         <name>.const:.string:_ctypes_</name>
         <load_address>0x3dec</load_address>
         <run_address>0x3dec</run_address>
         <size>0x101</size>
         <input_file_ref idref="fl-14b"/>
      </object_component>
      <object_component id="oc-19c">
         <name>.const</name>
         <load_address>0x3eee</load_address>
         <run_address>0x3eee</run_address>
         <size>0x2</size>
         <input_file_ref idref="fl-14"/>
      </object_component>
      <object_component id="oc-22e">
         <name>.const:g_pulXtals</name>
         <load_address>0x3ef0</load_address>
         <run_address>0x3ef0</run_address>
         <size>0x6c</size>
         <input_file_ref idref="fl-164"/>
      </object_component>
      <object_component id="oc-1de">
         <name>.const:.string:g_pucRIT128x96x4Init</name>
         <load_address>0x3f5c</load_address>
         <run_address>0x3f5c</run_address>
         <size>0x4f</size>
         <input_file_ref idref="fl-7"/>
      </object_component>
      <object_component id="oc-1e2">
         <name>.const</name>
         <load_address>0x3fac</load_address>
         <run_address>0x3fac</run_address>
         <size>0x40</size>
         <input_file_ref idref="fl-164"/>
      </object_component>
      <object_component id="oc-1d8">
         <name>.const:.string</name>
         <load_address>0x3fec</load_address>
         <run_address>0x3fec</run_address>
         <size>0xc</size>
         <input_file_ref idref="fl-7"/>
      </object_component>
      <object_component id="oc-37e">
         <name>.cinit..data.load</name>
         <load_address>0x3ff8</load_address>
         <run_address>0x3ff8</run_address>
         <size>0x51</size>
      </object_component>
      <object_component id="oc-37b">
         <name>__TI_handler_table</name>
         <load_address>0x404c</load_address>
         <run_address>0x404c</run_address>
         <size>0xc</size>
      </object_component>
      <object_component id="oc-37f">
         <name>.cinit..bss.load</name>
         <load_address>0x4058</load_address>
         <run_address>0x4058</run_address>
         <size>0x8</size>
      </object_component>
      <object_component id="oc-37d">
         <name>.cinit..vtable.load</name>
         <load_address>0x4060</load_address>
         <run_address>0x4060</run_address>
         <size>0x8</size>
      </object_component>
      <object_component id="oc-37c">
         <name>__TI_cinit_table</name>
         <load_address>0x4068</load_address>
         <run_address>0x4068</run_address>
         <size>0x18</size>
      </object_component>
      <object_component id="oc-1a8">
         <name>.vtable</name>
         <uninitialized>true</uninitialized>
         <run_address>0x20000000</run_address>
         <size>0x26c</size>
         <input_file_ref idref="fl-166"/>
      </object_component>
      <object_component id="oc-29">
         <name>.stack</name>
         <uninitialized>true</uninitialized>
         <run_address>0x20002420</run_address>
         <size>0x0</size>
         <input_file_ref idref="fl-13b"/>
      </object_component>
      <object_component id="oc-380">
         <name>.stack</name>
         <uninitialized>true</uninitialized>
         <run_address>0x20002420</run_address>
         <size>0x0</size>
      </object_component>
      <object_component id="oc-2a">
         <name>.bss:pulStack</name>
         <uninitialized>true</uninitialized>
         <run_address>0x20002270</run_address>
         <size>0x100</size>
         <input_file_ref idref="fl-3"/>
      </object_component>
      <object_component id="oc-107">
         <name>.bss:pxReadyTasksLists</name>
         <uninitialized>true</uninitialized>
         <run_address>0x20002370</run_address>
         <size>0x50</size>
         <input_file_ref idref="fl-c"/>
      </object_component>
      <object_component id="oc-198">
         <name>.bss:xHeap</name>
         <uninitialized>true</uninitialized>
         <run_address>0x20000270</run_address>
         <size>0x2000</size>
         <input_file_ref idref="fl-14"/>
      </object_component>
      <object_component id="oc-1b8">
         <name>.common:g_ulSSIFlags</name>
         <uninitialized>true</uninitialized>
         <run_address>0x20002414</run_address>
         <size>0x4</size>
      </object_component>
      <object_component id="oc-1d7">
         <name>.common:g_pucBuffer</name>
         <uninitialized>true</uninitialized>
         <run_address>0x200023fc</run_address>
         <size>0x8</size>
      </object_component>
      <object_component id="oc-115">
         <name>.common:xDelayedTaskList1</name>
         <uninitialized>true</uninitialized>
         <run_address>0x200023c0</run_address>
         <size>0x14</size>
      </object_component>
      <object_component id="oc-116">
         <name>.common:xDelayedTaskList2</name>
         <uninitialized>true</uninitialized>
         <run_address>0x200023d4</run_address>
         <size>0x14</size>
      </object_component>
      <object_component id="oc-10d">
         <name>.common:pxDelayedTaskList</name>
         <uninitialized>true</uninitialized>
         <run_address>0x20002418</run_address>
         <size>0x4</size>
      </object_component>
      <object_component id="oc-10e">
         <name>.common:pxOverflowDelayedTaskList</name>
         <uninitialized>true</uninitialized>
         <run_address>0x2000241c</run_address>
         <size>0x4</size>
      </object_component>
      <object_component id="oc-10a">
         <name>.common:xPendingReadyList</name>
         <uninitialized>true</uninitialized>
         <run_address>0x200023e8</run_address>
         <size>0x14</size>
      </object_component>
      <object_component id="oc-195">
         <name>.common:xStart</name>
         <uninitialized>true</uninitialized>
         <run_address>0x2000240c</run_address>
         <size>0x8</size>
      </object_component>
      <object_component id="oc-19b">
         <name>.common:xEnd</name>
         <uninitialized>true</uninitialized>
         <run_address>0x20002404</run_address>
         <size>0x8</size>
      </object_component>
      <object_component id="oc-104">
         <name>.data</name>
         <load_address>0x20003550</load_address>
         <run_address>0x20003550</run_address>
         <size>0x2c</size>
         <input_file_ref idref="fl-c"/>
      </object_component>
      <object_component id="oc-157">
         <name>.data</name>
         <load_address>0x2000357c</load_address>
         <run_address>0x2000357c</run_address>
         <size>0x8</size>
         <input_file_ref idref="fl-10"/>
      </object_component>
      <object_component id="oc-192">
         <name>.data</name>
         <load_address>0x20003584</load_address>
         <run_address>0x20003584</run_address>
         <size>0x8</size>
         <input_file_ref idref="fl-14"/>
      </object_component>
      <object_component id="oc-a8">
         <name>.data</name>
         <load_address>0x20003594</load_address>
         <run_address>0x20003594</run_address>
         <size>0x8</size>
         <input_file_ref idref="fl-13f"/>
      </object_component>
      <object_component id="oc-73">
         <name>.data</name>
         <load_address>0x200035a8</load_address>
         <run_address>0x200035a8</run_address>
         <size>0x4</size>
         <input_file_ref idref="fl-144"/>
      </object_component>
      <object_component id="oc-a5">
         <name>.data</name>
         <load_address>0x2000358c</load_address>
         <run_address>0x2000358c</run_address>
         <size>0x8</size>
         <input_file_ref idref="fl-145"/>
      </object_component>
      <object_component id="oc-2fe">
         <name>.data</name>
         <load_address>0x200034d0</load_address>
         <run_address>0x200034d0</run_address>
         <size>0x80</size>
         <input_file_ref idref="fl-15d"/>
      </object_component>
      <object_component id="oc-309">
         <name>.data</name>
         <load_address>0x200035a4</load_address>
         <run_address>0x200035a4</run_address>
         <size>0x4</size>
         <input_file_ref idref="fl-15e"/>
      </object_component>
      <object_component id="oc-32d">
         <name>.data</name>
         <load_address>0x2000359c</load_address>
         <run_address>0x2000359c</run_address>
         <size>0x8</size>
         <input_file_ref idref="fl-15f"/>
      </object_component>
      <object_component id="oc-348">
         <name>.data:sigtable</name>
         <load_address>0x20003420</load_address>
         <run_address>0x20003420</run_address>
         <size>0xb0</size>
         <input_file_ref idref="fl-161"/>
      </object_component>
      <object_component id="oc-1a0">
         <name>.debug_info</name>
         <load_address>0x0</load_address>
         <run_address>0x0</run_address>
         <size>0x247</size>
         <input_file_ref idref="fl-2"/>
      </object_component>
      <object_component id="oc-9e">
         <name>.debug_info</name>
         <load_address>0x247</load_address>
         <run_address>0x247</run_address>
         <size>0x156</size>
         <input_file_ref idref="fl-2"/>
      </object_component>
      <object_component id="oc-174">
         <name>.debug_info</name>
         <load_address>0x39d</load_address>
         <run_address>0x39d</run_address>
         <size>0x2ab</size>
         <input_file_ref idref="fl-2"/>
      </object_component>
      <object_component id="oc-7c">
         <name>.debug_info</name>
         <load_address>0x648</load_address>
         <run_address>0x648</run_address>
         <size>0x84</size>
         <input_file_ref idref="fl-2"/>
      </object_component>
      <object_component id="oc-11d">
         <name>.debug_info</name>
         <load_address>0x6cc</load_address>
         <run_address>0x6cc</run_address>
         <size>0x2c</size>
         <input_file_ref idref="fl-2"/>
      </object_component>
      <object_component id="oc-17e">
         <name>.debug_info</name>
         <load_address>0x6f8</load_address>
         <run_address>0x6f8</run_address>
         <size>0x18b</size>
         <input_file_ref idref="fl-2"/>
      </object_component>
      <object_component id="oc-228">
         <name>.debug_info</name>
         <load_address>0x883</load_address>
         <run_address>0x883</run_address>
         <size>0x2c</size>
         <input_file_ref idref="fl-2"/>
      </object_component>
      <object_component id="oc-118">
         <name>.debug_info</name>
         <load_address>0x8af</load_address>
         <run_address>0x8af</run_address>
         <size>0xae</size>
         <input_file_ref idref="fl-2"/>
      </object_component>
      <object_component id="oc-1f6">
         <name>.debug_info</name>
         <load_address>0x95d</load_address>
         <run_address>0x95d</run_address>
         <size>0x4e</size>
         <input_file_ref idref="fl-2"/>
      </object_component>
      <object_component id="oc-188">
         <name>.debug_info</name>
         <load_address>0x9ab</load_address>
         <run_address>0x9ab</run_address>
         <size>0x14c</size>
         <input_file_ref idref="fl-2"/>
      </object_component>
      <object_component id="oc-35">
         <name>.debug_info</name>
         <load_address>0xaf7</load_address>
         <run_address>0xaf7</run_address>
         <size>0xf8</size>
         <input_file_ref idref="fl-3"/>
      </object_component>
      <object_component id="oc-2b">
         <name>.debug_info</name>
         <load_address>0xbef</load_address>
         <run_address>0xbef</run_address>
         <size>0xe8</size>
         <input_file_ref idref="fl-3"/>
      </object_component>
      <object_component id="oc-10">
         <name>.debug_info</name>
         <load_address>0xcd7</load_address>
         <run_address>0xcd7</run_address>
         <size>0xf1</size>
         <input_file_ref idref="fl-3"/>
      </object_component>
      <object_component id="oc-2e">
         <name>.debug_info</name>
         <load_address>0xdc8</load_address>
         <run_address>0xdc8</run_address>
         <size>0x2b4</size>
         <input_file_ref idref="fl-3"/>
      </object_component>
      <object_component id="oc-165">
         <name>.debug_info</name>
         <load_address>0x107c</load_address>
         <run_address>0x107c</run_address>
         <size>0x228</size>
         <input_file_ref idref="fl-4"/>
      </object_component>
      <object_component id="oc-d1">
         <name>.debug_info</name>
         <load_address>0x12a4</load_address>
         <run_address>0x12a4</run_address>
         <size>0x1bb</size>
         <input_file_ref idref="fl-4"/>
      </object_component>
      <object_component id="oc-15b">
         <name>.debug_info</name>
         <load_address>0x145f</load_address>
         <run_address>0x145f</run_address>
         <size>0x3e0</size>
         <input_file_ref idref="fl-5"/>
      </object_component>
      <object_component id="oc-cb">
         <name>.debug_info</name>
         <load_address>0x183f</load_address>
         <run_address>0x183f</run_address>
         <size>0x3ee</size>
         <input_file_ref idref="fl-5"/>
      </object_component>
      <object_component id="oc-c5">
         <name>.debug_info</name>
         <load_address>0x1c2d</load_address>
         <run_address>0x1c2d</run_address>
         <size>0x188</size>
         <input_file_ref idref="fl-6"/>
      </object_component>
      <object_component id="oc-1b9">
         <name>.debug_info</name>
         <load_address>0x1db5</load_address>
         <run_address>0x1db5</run_address>
         <size>0x41f</size>
         <input_file_ref idref="fl-7"/>
      </object_component>
      <object_component id="oc-1d9">
         <name>.debug_info</name>
         <load_address>0x21d4</load_address>
         <run_address>0x21d4</run_address>
         <size>0x165</size>
         <input_file_ref idref="fl-7"/>
      </object_component>
      <object_component id="oc-1dc">
         <name>.debug_info</name>
         <load_address>0x2339</load_address>
         <run_address>0x2339</run_address>
         <size>0xf7</size>
         <input_file_ref idref="fl-7"/>
      </object_component>
      <object_component id="oc-1df">
         <name>.debug_info</name>
         <load_address>0x2430</load_address>
         <run_address>0x2430</run_address>
         <size>0x10d</size>
         <input_file_ref idref="fl-7"/>
      </object_component>
      <object_component id="oc-138">
         <name>.debug_info</name>
         <load_address>0x253d</load_address>
         <run_address>0x253d</run_address>
         <size>0xeff</size>
         <input_file_ref idref="fl-7"/>
      </object_component>
      <object_component id="oc-207">
         <name>.debug_info</name>
         <load_address>0x343c</load_address>
         <run_address>0x343c</run_address>
         <size>0x492</size>
         <input_file_ref idref="fl-9"/>
      </object_component>
      <object_component id="oc-18d">
         <name>.debug_info</name>
         <load_address>0x38ce</load_address>
         <run_address>0x38ce</run_address>
         <size>0x110</size>
         <input_file_ref idref="fl-9"/>
      </object_component>
      <object_component id="oc-2ae">
         <name>.debug_info</name>
         <load_address>0x39de</load_address>
         <run_address>0x39de</run_address>
         <size>0x39</size>
         <input_file_ref idref="fl-9"/>
      </object_component>
      <object_component id="oc-179">
         <name>.debug_info</name>
         <load_address>0x3a17</load_address>
         <run_address>0x3a17</run_address>
         <size>0x46</size>
         <input_file_ref idref="fl-9"/>
      </object_component>
      <object_component id="oc-2b3">
         <name>.debug_info</name>
         <load_address>0x3a5d</load_address>
         <run_address>0x3a5d</run_address>
         <size>0x70</size>
         <input_file_ref idref="fl-9"/>
      </object_component>
      <object_component id="oc-16c">
         <name>.debug_info</name>
         <load_address>0x3acd</load_address>
         <run_address>0x3acd</run_address>
         <size>0x13e</size>
         <input_file_ref idref="fl-a"/>
      </object_component>
      <object_component id="oc-fa">
         <name>.debug_info</name>
         <load_address>0x3c0b</load_address>
         <run_address>0x3c0b</run_address>
         <size>0x5ab</size>
         <input_file_ref idref="fl-a"/>
      </object_component>
      <object_component id="oc-10b">
         <name>.debug_info</name>
         <load_address>0x41b6</load_address>
         <run_address>0x41b6</run_address>
         <size>0x63c</size>
         <input_file_ref idref="fl-c"/>
      </object_component>
      <object_component id="oc-105">
         <name>.debug_info</name>
         <load_address>0x47f2</load_address>
         <run_address>0x47f2</run_address>
         <size>0x2de</size>
         <input_file_ref idref="fl-c"/>
      </object_component>
      <object_component id="oc-108">
         <name>.debug_info</name>
         <load_address>0x4ad0</load_address>
         <run_address>0x4ad0</run_address>
         <size>0xff</size>
         <input_file_ref idref="fl-c"/>
      </object_component>
      <object_component id="oc-bf">
         <name>.debug_info</name>
         <load_address>0x4bcf</load_address>
         <run_address>0x4bcf</run_address>
         <size>0x23d2</size>
         <input_file_ref idref="fl-c"/>
      </object_component>
      <object_component id="oc-183">
         <name>.debug_info</name>
         <load_address>0x6fa1</load_address>
         <run_address>0x6fa1</run_address>
         <size>0xcd</size>
         <input_file_ref idref="fl-c"/>
      </object_component>
      <object_component id="oc-16a">
         <name>.debug_info</name>
         <load_address>0x706e</load_address>
         <run_address>0x706e</run_address>
         <size>0x228</size>
         <input_file_ref idref="fl-10"/>
      </object_component>
      <object_component id="oc-158">
         <name>.debug_info</name>
         <load_address>0x7296</load_address>
         <run_address>0x7296</run_address>
         <size>0x146</size>
         <input_file_ref idref="fl-10"/>
      </object_component>
      <object_component id="oc-f4">
         <name>.debug_info</name>
         <load_address>0x73dc</load_address>
         <run_address>0x73dc</run_address>
         <size>0x8a6</size>
         <input_file_ref idref="fl-10"/>
      </object_component>
      <object_component id="oc-100">
         <name>.debug_info</name>
         <load_address>0x7c82</load_address>
         <run_address>0x7c82</run_address>
         <size>0x187</size>
         <input_file_ref idref="fl-11"/>
      </object_component>
      <object_component id="oc-196">
         <name>.debug_info</name>
         <load_address>0x7e09</load_address>
         <run_address>0x7e09</run_address>
         <size>0x21d</size>
         <input_file_ref idref="fl-14"/>
      </object_component>
      <object_component id="oc-199">
         <name>.debug_info</name>
         <load_address>0x8026</load_address>
         <run_address>0x8026</run_address>
         <size>0xef</size>
         <input_file_ref idref="fl-14"/>
      </object_component>
      <object_component id="oc-19d">
         <name>.debug_info</name>
         <load_address>0x8115</load_address>
         <run_address>0x8115</run_address>
         <size>0x103</size>
         <input_file_ref idref="fl-14"/>
      </object_component>
      <object_component id="oc-193">
         <name>.debug_info</name>
         <load_address>0x8218</load_address>
         <run_address>0x8218</run_address>
         <size>0x10b</size>
         <input_file_ref idref="fl-14"/>
      </object_component>
      <object_component id="oc-110">
         <name>.debug_info</name>
         <load_address>0x8323</load_address>
         <run_address>0x8323</run_address>
         <size>0x5e5</size>
         <input_file_ref idref="fl-14"/>
      </object_component>
      <object_component id="oc-20c">
         <name>.debug_info</name>
         <load_address>0x8908</load_address>
         <run_address>0x8908</run_address>
         <size>0xa7</size>
         <input_file_ref idref="fl-14"/>
      </object_component>
      <object_component id="oc-26">
         <name>.debug_info</name>
         <load_address>0x89af</load_address>
         <run_address>0x89af</run_address>
         <size>0x138</size>
         <input_file_ref idref="fl-13b"/>
      </object_component>
      <object_component id="oc-41">
         <name>.debug_info</name>
         <load_address>0x8ae7</load_address>
         <run_address>0x8ae7</run_address>
         <size>0x123</size>
         <input_file_ref idref="fl-13c"/>
      </object_component>
      <object_component id="oc-16">
         <name>.debug_info</name>
         <load_address>0x8c0a</load_address>
         <run_address>0x8c0a</run_address>
         <size>0x1c2</size>
         <input_file_ref idref="fl-13c"/>
      </object_component>
      <object_component id="oc-3c">
         <name>.debug_info</name>
         <load_address>0x8dcc</load_address>
         <run_address>0x8dcc</run_address>
         <size>0x46</size>
         <input_file_ref idref="fl-13c"/>
      </object_component>
      <object_component id="oc-82">
         <name>.debug_info</name>
         <load_address>0x8e12</load_address>
         <run_address>0x8e12</run_address>
         <size>0x2c</size>
         <input_file_ref idref="fl-13c"/>
      </object_component>
      <object_component id="oc-49">
         <name>.debug_info</name>
         <load_address>0x8e3e</load_address>
         <run_address>0x8e3e</run_address>
         <size>0x117</size>
         <input_file_ref idref="fl-13d"/>
      </object_component>
      <object_component id="oc-43">
         <name>.debug_info</name>
         <load_address>0x8f55</load_address>
         <run_address>0x8f55</run_address>
         <size>0x22a</size>
         <input_file_ref idref="fl-13d"/>
      </object_component>
      <object_component id="oc-19">
         <name>.debug_info</name>
         <load_address>0x917f</load_address>
         <run_address>0x917f</run_address>
         <size>0x1bc</size>
         <input_file_ref idref="fl-13d"/>
      </object_component>
      <object_component id="oc-4a">
         <name>.debug_info</name>
         <load_address>0x933b</load_address>
         <run_address>0x933b</run_address>
         <size>0x39</size>
         <input_file_ref idref="fl-13d"/>
      </object_component>
      <object_component id="oc-8c">
         <name>.debug_info</name>
         <load_address>0x9374</load_address>
         <run_address>0x9374</run_address>
         <size>0x2c</size>
         <input_file_ref idref="fl-13d"/>
      </object_component>
      <object_component id="oc-5a">
         <name>.debug_info</name>
         <load_address>0x93a0</load_address>
         <run_address>0x93a0</run_address>
         <size>0x112</size>
         <input_file_ref idref="fl-13e"/>
      </object_component>
      <object_component id="oc-22">
         <name>.debug_info</name>
         <load_address>0x94b2</load_address>
         <run_address>0x94b2</run_address>
         <size>0x18d</size>
         <input_file_ref idref="fl-13e"/>
      </object_component>
      <object_component id="oc-55">
         <name>.debug_info</name>
         <load_address>0x963f</load_address>
         <run_address>0x963f</run_address>
         <size>0x46</size>
         <input_file_ref idref="fl-13e"/>
      </object_component>
      <object_component id="oc-ac">
         <name>.debug_info</name>
         <load_address>0x9685</load_address>
         <run_address>0x9685</run_address>
         <size>0x174</size>
         <input_file_ref idref="fl-13f"/>
      </object_component>
      <object_component id="oc-a9">
         <name>.debug_info</name>
         <load_address>0x97f9</load_address>
         <run_address>0x97f9</run_address>
         <size>0x119</size>
         <input_file_ref idref="fl-13f"/>
      </object_component>
      <object_component id="oc-70">
         <name>.debug_info</name>
         <load_address>0x9912</load_address>
         <run_address>0x9912</run_address>
         <size>0x1f0</size>
         <input_file_ref idref="fl-13f"/>
      </object_component>
      <object_component id="oc-38">
         <name>.debug_info</name>
         <load_address>0x9b02</load_address>
         <run_address>0x9b02</run_address>
         <size>0xfa</size>
         <input_file_ref idref="fl-140"/>
      </object_component>
      <object_component id="oc-52">
         <name>.debug_info</name>
         <load_address>0x9bfc</load_address>
         <run_address>0x9bfc</run_address>
         <size>0x12a</size>
         <input_file_ref idref="fl-141"/>
      </object_component>
      <object_component id="oc-5d">
         <name>.debug_info</name>
         <load_address>0x9d26</load_address>
         <run_address>0x9d26</run_address>
         <size>0x12b</size>
         <input_file_ref idref="fl-142"/>
      </object_component>
      <object_component id="oc-1f5">
         <name>.debug_info</name>
         <load_address>0x9e51</load_address>
         <run_address>0x9e51</run_address>
         <size>0x19e</size>
         <input_file_ref idref="fl-143"/>
      </object_component>
      <object_component id="oc-155">
         <name>.debug_info</name>
         <load_address>0x9fef</load_address>
         <run_address>0x9fef</run_address>
         <size>0x2e3</size>
         <input_file_ref idref="fl-143"/>
      </object_component>
      <object_component id="oc-2a0">
         <name>.debug_info</name>
         <load_address>0xa2d2</load_address>
         <run_address>0xa2d2</run_address>
         <size>0x2c</size>
         <input_file_ref idref="fl-143"/>
      </object_component>
      <object_component id="oc-74">
         <name>.debug_info</name>
         <load_address>0xa2fe</load_address>
         <run_address>0xa2fe</run_address>
         <size>0xec</size>
         <input_file_ref idref="fl-144"/>
      </object_component>
      <object_component id="oc-e6">
         <name>.debug_info</name>
         <load_address>0xa3ea</load_address>
         <run_address>0xa3ea</run_address>
         <size>0x107</size>
         <input_file_ref idref="fl-145"/>
      </object_component>
      <object_component id="oc-a6">
         <name>.debug_info</name>
         <load_address>0xa4f1</load_address>
         <run_address>0xa4f1</run_address>
         <size>0xf6</size>
         <input_file_ref idref="fl-145"/>
      </object_component>
      <object_component id="oc-e2">
         <name>.debug_info</name>
         <load_address>0xa5e7</load_address>
         <run_address>0xa5e7</run_address>
         <size>0x202</size>
         <input_file_ref idref="fl-145"/>
      </object_component>
      <object_component id="oc-29a">
         <name>.debug_info</name>
         <load_address>0xa7e9</load_address>
         <run_address>0xa7e9</run_address>
         <size>0x3ae</size>
         <input_file_ref idref="fl-146"/>
      </object_component>
      <object_component id="oc-1f2">
         <name>.debug_info</name>
         <load_address>0xab97</load_address>
         <run_address>0xab97</run_address>
         <size>0x1811</size>
         <input_file_ref idref="fl-146"/>
      </object_component>
      <object_component id="oc-29b">
         <name>.debug_info</name>
         <load_address>0xc3a8</load_address>
         <run_address>0xc3a8</run_address>
         <size>0x86</size>
         <input_file_ref idref="fl-146"/>
      </object_component>
      <object_component id="oc-2eb">
         <name>.debug_info</name>
         <load_address>0xc42e</load_address>
         <run_address>0xc42e</run_address>
         <size>0x46</size>
         <input_file_ref idref="fl-146"/>
      </object_component>
      <object_component id="oc-2a5">
         <name>.debug_info</name>
         <load_address>0xc474</load_address>
         <run_address>0xc474</run_address>
         <size>0x39</size>
         <input_file_ref idref="fl-146"/>
      </object_component>
      <object_component id="oc-a4">
         <name>.debug_info</name>
         <load_address>0xc4ad</load_address>
         <run_address>0xc4ad</run_address>
         <size>0x149</size>
         <input_file_ref idref="fl-147"/>
      </object_component>
      <object_component id="oc-6b">
         <name>.debug_info</name>
         <load_address>0xc5f6</load_address>
         <run_address>0xc5f6</run_address>
         <size>0x14a</size>
         <input_file_ref idref="fl-147"/>
      </object_component>
      <object_component id="oc-d9">
         <name>.debug_info</name>
         <load_address>0xc740</load_address>
         <run_address>0xc740</run_address>
         <size>0x5e</size>
         <input_file_ref idref="fl-147"/>
      </object_component>
      <object_component id="oc-2e8">
         <name>.debug_info</name>
         <load_address>0xc79e</load_address>
         <run_address>0xc79e</run_address>
         <size>0xf7</size>
         <input_file_ref idref="fl-148"/>
      </object_component>
      <object_component id="oc-297">
         <name>.debug_info</name>
         <load_address>0xc895</load_address>
         <run_address>0xc895</run_address>
         <size>0x154</size>
         <input_file_ref idref="fl-148"/>
      </object_component>
      <object_component id="oc-9c">
         <name>.debug_info</name>
         <load_address>0xc9e9</load_address>
         <run_address>0xc9e9</run_address>
         <size>0x2a0</size>
         <input_file_ref idref="fl-149"/>
      </object_component>
      <object_component id="oc-63">
         <name>.debug_info</name>
         <load_address>0xcc89</load_address>
         <run_address>0xcc89</run_address>
         <size>0x194</size>
         <input_file_ref idref="fl-149"/>
      </object_component>
      <object_component id="oc-b4">
         <name>.debug_info</name>
         <load_address>0xce1d</load_address>
         <run_address>0xce1d</run_address>
         <size>0x39</size>
         <input_file_ref idref="fl-149"/>
      </object_component>
      <object_component id="oc-b9">
         <name>.debug_info</name>
         <load_address>0xce56</load_address>
         <run_address>0xce56</run_address>
         <size>0xcd</size>
         <input_file_ref idref="fl-149"/>
      </object_component>
      <object_component id="oc-b1">
         <name>.debug_info</name>
         <load_address>0xcf23</load_address>
         <run_address>0xcf23</run_address>
         <size>0x1c3</size>
         <input_file_ref idref="fl-14a"/>
      </object_component>
      <object_component id="oc-97">
         <name>.debug_info</name>
         <load_address>0xd0e6</load_address>
         <run_address>0xd0e6</run_address>
         <size>0x17f</size>
         <input_file_ref idref="fl-14a"/>
      </object_component>
      <object_component id="oc-ee">
         <name>.debug_info</name>
         <load_address>0xd265</load_address>
         <run_address>0xd265</run_address>
         <size>0x2c</size>
         <input_file_ref idref="fl-14a"/>
      </object_component>
      <object_component id="oc-317">
         <name>.debug_info</name>
         <load_address>0xd291</load_address>
         <run_address>0xd291</run_address>
         <size>0xd1</size>
         <input_file_ref idref="fl-14b"/>
      </object_component>
      <object_component id="oc-2e5">
         <name>.debug_info</name>
         <load_address>0xd362</load_address>
         <run_address>0xd362</run_address>
         <size>0xdd</size>
         <input_file_ref idref="fl-14b"/>
      </object_component>
      <object_component id="oc-272">
         <name>.debug_info</name>
         <load_address>0xd43f</load_address>
         <run_address>0xd43f</run_address>
         <size>0x12d</size>
         <input_file_ref idref="fl-14c"/>
      </object_component>
      <object_component id="oc-24e">
         <name>.debug_info</name>
         <load_address>0xd56c</load_address>
         <run_address>0xd56c</run_address>
         <size>0x109</size>
         <input_file_ref idref="fl-14d"/>
      </object_component>
      <object_component id="oc-25c">
         <name>.debug_info</name>
         <load_address>0xd675</load_address>
         <run_address>0xd675</run_address>
         <size>0x10b</size>
         <input_file_ref idref="fl-14d"/>
      </object_component>
      <object_component id="oc-258">
         <name>.debug_info</name>
         <load_address>0xd780</load_address>
         <run_address>0xd780</run_address>
         <size>0x11b</size>
         <input_file_ref idref="fl-14e"/>
      </object_component>
      <object_component id="oc-253">
         <name>.debug_info</name>
         <load_address>0xd89b</load_address>
         <run_address>0xd89b</run_address>
         <size>0x11b</size>
         <input_file_ref idref="fl-14f"/>
      </object_component>
      <object_component id="oc-263">
         <name>.debug_info</name>
         <load_address>0xd9b6</load_address>
         <run_address>0xd9b6</run_address>
         <size>0x10f</size>
         <input_file_ref idref="fl-150"/>
      </object_component>
      <object_component id="oc-2cf">
         <name>.debug_info</name>
         <load_address>0xdac5</load_address>
         <run_address>0xdac5</run_address>
         <size>0x16f</size>
         <input_file_ref idref="fl-151"/>
      </object_component>
      <object_component id="oc-278">
         <name>.debug_info</name>
         <load_address>0xdc34</load_address>
         <run_address>0xdc34</run_address>
         <size>0x16f</size>
         <input_file_ref idref="fl-151"/>
      </object_component>
      <object_component id="oc-26e">
         <name>.debug_info</name>
         <load_address>0xdda3</load_address>
         <run_address>0xdda3</run_address>
         <size>0x10d</size>
         <input_file_ref idref="fl-152"/>
      </object_component>
      <object_component id="oc-2dd">
         <name>.debug_info</name>
         <load_address>0xdeb0</load_address>
         <run_address>0xdeb0</run_address>
         <size>0x171</size>
         <input_file_ref idref="fl-153"/>
      </object_component>
      <object_component id="oc-27f">
         <name>.debug_info</name>
         <load_address>0xe021</load_address>
         <run_address>0xe021</run_address>
         <size>0x166</size>
         <input_file_ref idref="fl-153"/>
      </object_component>
      <object_component id="oc-2c5">
         <name>.debug_info</name>
         <load_address>0xe187</load_address>
         <run_address>0xe187</run_address>
         <size>0x12f</size>
         <input_file_ref idref="fl-154"/>
      </object_component>
      <object_component id="oc-268">
         <name>.debug_info</name>
         <load_address>0xe2b6</load_address>
         <run_address>0xe2b6</run_address>
         <size>0x1a5</size>
         <input_file_ref idref="fl-154"/>
      </object_component>
      <object_component id="oc-2e3">
         <name>.debug_info</name>
         <load_address>0xe45b</load_address>
         <run_address>0xe45b</run_address>
         <size>0xd4</size>
         <input_file_ref idref="fl-155"/>
      </object_component>
      <object_component id="oc-291">
         <name>.debug_info</name>
         <load_address>0xe52f</load_address>
         <run_address>0xe52f</run_address>
         <size>0x18e</size>
         <input_file_ref idref="fl-155"/>
      </object_component>
      <object_component id="oc-2df">
         <name>.debug_info</name>
         <load_address>0xe6bd</load_address>
         <run_address>0xe6bd</run_address>
         <size>0xd8</size>
         <input_file_ref idref="fl-156"/>
      </object_component>
      <object_component id="oc-285">
         <name>.debug_info</name>
         <load_address>0xe795</load_address>
         <run_address>0xe795</run_address>
         <size>0x1f7</size>
         <input_file_ref idref="fl-156"/>
      </object_component>
      <object_component id="oc-2be">
         <name>.debug_info</name>
         <load_address>0xe98c</load_address>
         <run_address>0xe98c</run_address>
         <size>0xcd</size>
         <input_file_ref idref="fl-157"/>
      </object_component>
      <object_component id="oc-24a">
         <name>.debug_info</name>
         <load_address>0xea59</load_address>
         <run_address>0xea59</run_address>
         <size>0x1dd</size>
         <input_file_ref idref="fl-157"/>
      </object_component>
      <object_component id="oc-244">
         <name>.debug_info</name>
         <load_address>0xec36</load_address>
         <run_address>0xec36</run_address>
         <size>0x168</size>
         <input_file_ref idref="fl-158"/>
      </object_component>
      <object_component id="oc-2e1">
         <name>.debug_info</name>
         <load_address>0xed9e</load_address>
         <run_address>0xed9e</run_address>
         <size>0x122</size>
         <input_file_ref idref="fl-159"/>
      </object_component>
      <object_component id="oc-28a">
         <name>.debug_info</name>
         <load_address>0xeec0</load_address>
         <run_address>0xeec0</run_address>
         <size>0x157</size>
         <input_file_ref idref="fl-159"/>
      </object_component>
      <object_component id="oc-302">
         <name>.debug_info</name>
         <load_address>0xf017</load_address>
         <run_address>0xf017</run_address>
         <size>0x182</size>
         <input_file_ref idref="fl-15a"/>
      </object_component>
      <object_component id="oc-2d4">
         <name>.debug_info</name>
         <load_address>0xf199</load_address>
         <run_address>0xf199</run_address>
         <size>0x194</size>
         <input_file_ref idref="fl-15a"/>
      </object_component>
      <object_component id="oc-320">
         <name>.debug_info</name>
         <load_address>0xf32d</load_address>
         <run_address>0xf32d</run_address>
         <size>0x86</size>
         <input_file_ref idref="fl-15a"/>
      </object_component>
      <object_component id="oc-2fb">
         <name>.debug_info</name>
         <load_address>0xf3b3</load_address>
         <run_address>0xf3b3</run_address>
         <size>0x16c</size>
         <input_file_ref idref="fl-15b"/>
      </object_component>
      <object_component id="oc-2cc">
         <name>.debug_info</name>
         <load_address>0xf51f</load_address>
         <run_address>0xf51f</run_address>
         <size>0x175</size>
         <input_file_ref idref="fl-15b"/>
      </object_component>
      <object_component id="oc-2d7">
         <name>.debug_info</name>
         <load_address>0xf694</load_address>
         <run_address>0xf694</run_address>
         <size>0x155</size>
         <input_file_ref idref="fl-15c"/>
      </object_component>
      <object_component id="oc-2ff">
         <name>.debug_info</name>
         <load_address>0xf7e9</load_address>
         <run_address>0xf7e9</run_address>
         <size>0x1b7</size>
         <input_file_ref idref="fl-15d"/>
      </object_component>
      <object_component id="oc-30a">
         <name>.debug_info</name>
         <load_address>0xf9a0</load_address>
         <run_address>0xf9a0</run_address>
         <size>0xd8</size>
         <input_file_ref idref="fl-15e"/>
      </object_component>
      <object_component id="oc-346">
         <name>.debug_info</name>
         <load_address>0xfa78</load_address>
         <run_address>0xfa78</run_address>
         <size>0x1af</size>
         <input_file_ref idref="fl-15f"/>
      </object_component>
      <object_component id="oc-32e">
         <name>.debug_info</name>
         <load_address>0xfc27</load_address>
         <run_address>0xfc27</run_address>
         <size>0x110</size>
         <input_file_ref idref="fl-15f"/>
      </object_component>
      <object_component id="oc-304">
         <name>.debug_info</name>
         <load_address>0xfd37</load_address>
         <run_address>0xfd37</run_address>
         <size>0x171</size>
         <input_file_ref idref="fl-15f"/>
      </object_component>
      <object_component id="oc-341">
         <name>.debug_info</name>
         <load_address>0xfea8</load_address>
         <run_address>0xfea8</run_address>
         <size>0x6f</size>
         <input_file_ref idref="fl-15f"/>
      </object_component>
      <object_component id="oc-33e">
         <name>.debug_info</name>
         <load_address>0xff17</load_address>
         <run_address>0xff17</run_address>
         <size>0xff</size>
         <input_file_ref idref="fl-160"/>
      </object_component>
      <object_component id="oc-328">
         <name>.debug_info</name>
         <load_address>0x10016</load_address>
         <run_address>0x10016</run_address>
         <size>0x156</size>
         <input_file_ref idref="fl-160"/>
      </object_component>
      <object_component id="oc-34f">
         <name>.debug_info</name>
         <load_address>0x1016c</load_address>
         <run_address>0x1016c</run_address>
         <size>0x2c</size>
         <input_file_ref idref="fl-160"/>
      </object_component>
      <object_component id="oc-34c">
         <name>.debug_info</name>
         <load_address>0x10198</load_address>
         <run_address>0x10198</run_address>
         <size>0x11f</size>
         <input_file_ref idref="fl-161"/>
      </object_component>
      <object_component id="oc-349">
         <name>.debug_info</name>
         <load_address>0x102b7</load_address>
         <run_address>0x102b7</run_address>
         <size>0xdd</size>
         <input_file_ref idref="fl-161"/>
      </object_component>
      <object_component id="oc-338">
         <name>.debug_info</name>
         <load_address>0x10394</load_address>
         <run_address>0x10394</run_address>
         <size>0x16c</size>
         <input_file_ref idref="fl-161"/>
      </object_component>
      <object_component id="oc-31b">
         <name>.debug_info</name>
         <load_address>0x10500</load_address>
         <run_address>0x10500</run_address>
         <size>0x137</size>
         <input_file_ref idref="fl-162"/>
      </object_component>
      <object_component id="oc-2f8">
         <name>.debug_info</name>
         <load_address>0x10637</load_address>
         <run_address>0x10637</run_address>
         <size>0x14f</size>
         <input_file_ref idref="fl-162"/>
      </object_component>
      <object_component id="oc-1ad">
         <name>.debug_info</name>
         <load_address>0x10786</load_address>
         <run_address>0x10786</run_address>
         <size>0x413</size>
         <input_file_ref idref="fl-163"/>
      </object_component>
      <object_component id="oc-12b">
         <name>.debug_info</name>
         <load_address>0x10b99</load_address>
         <run_address>0x10b99</run_address>
         <size>0x1ec</size>
         <input_file_ref idref="fl-163"/>
      </object_component>
      <object_component id="oc-12f">
         <name>.debug_info</name>
         <load_address>0x10d85</load_address>
         <run_address>0x10d85</run_address>
         <size>0x19c</size>
         <input_file_ref idref="fl-163"/>
      </object_component>
      <object_component id="oc-133">
         <name>.debug_info</name>
         <load_address>0x10f21</load_address>
         <run_address>0x10f21</run_address>
         <size>0x196</size>
         <input_file_ref idref="fl-163"/>
      </object_component>
      <object_component id="oc-1a3">
         <name>.debug_info</name>
         <load_address>0x110b7</load_address>
         <run_address>0x110b7</run_address>
         <size>0x84</size>
         <input_file_ref idref="fl-163"/>
      </object_component>
      <object_component id="oc-219">
         <name>.debug_info</name>
[...]
      <symbol id="sm-252">
         <name>xTaskIncrementTick</name>
         <value>0x14e1</value>
         <object_component_ref idref="oc-be"/>
      </symbol>
      <symbol id="sm-253">
         <name>xTickCount</name>
         <value>0x20003558</value>
         <object_component_ref idref="oc-104"/>
      </symbol>
      <symbol id="sm-254">
         <name>vTaskSwitchContext</name>
         <value>0x1601</value>
         <object_component_ref idref="oc-be"/>
      </symbol>
      <symbol id="sm-255">
         <name>uxTaskResetEventItemValue</name>
         <value>0x1a47</value>
         <object_component_ref idref="oc-be"/>
      </symbol>
      <symbol id="sm-256">
         <name>xNextTaskUnblockTime</name>
         <value>0x20003574</value>
         <object_component_ref idref="oc-104"/>
      </symbol>
      <symbol id="sm-257">
         <name>vTaskPlaceOnUnorderedEventList</name>
         <value>0x16c5</value>
         <object_component_ref idref="oc-be"/>
      </symbol>
      <symbol id="sm-258">
         <name>xTaskRemoveFromEventList</name>
         <value>0x170b</value>
         <object_component_ref idref="oc-be"/>
      </symbol>
      <symbol id="sm-27f">
         <name>vPortSetupTimerInterrupt</name>
         <value>0x2e9f</value>
         <object_component_ref idref="oc-f3"/>
      </symbol>
      <symbol id="sm-280">
         <name>vPortEndScheduler</name>
         <value>0x2e49</value>
         <object_component_ref idref="oc-f3"/>
      </symbol>
      <symbol id="sm-281">
         <name>xPortSysTickCount</name>
         <value>0x20003580</value>
         <object_component_ref idref="oc-157"/>
      </symbol>
      <symbol id="sm-282">
         <name>xPortSysTickHandler</name>
         <value>0x2e7d</value>
         <object_component_ref idref="oc-f3"/>
      </symbol>
      <symbol id="sm-283">
         <name>vPortYieldFromISR</name>
         <value>0x2e4b</value>
         <object_component_ref idref="oc-f3"/>
      </symbol>
      <symbol id="sm-284">
         <name>pxPortInitialiseStack</name>
         <value>0x2dd9</value>
         <object_component_ref idref="oc-f3"/>
      </symbol>
      <symbol id="sm-285">
         <name>vPortExitCritical</name>
         <value>0x2e65</value>
         <object_component_ref idref="oc-f3"/>
      </symbol>
      <symbol id="sm-286">
         <name>xPortStartScheduler</name>
         <value>0x2e21</value>
         <object_component_ref idref="oc-f3"/>
      </symbol>
      <symbol id="sm-287">
         <name>vPortEnterCritical</name>
         <value>0x2e55</value>
         <object_component_ref idref="oc-f3"/>
      </symbol>
      <symbol id="sm-295">
         <name>vPortStartFirstTask</name>
         <value>0x32ef</value>
         <object_component_ref idref="oc-ff"/>
      </symbol>
      <symbol id="sm-296">
         <name>xPortPendSVHandler</name>
         <value>0x3281</value>
         <object_component_ref idref="oc-ff"/>
      </symbol>
      <symbol id="sm-297">
         <name>vPortClearInterruptMask</name>
         <value>0x32cb</value>
         <object_component_ref idref="oc-ff"/>
      </symbol>
      <symbol id="sm-298">
         <name>ulPortSetInterruptMask</name>
         <value>0x32bd</value>
         <object_component_ref idref="oc-ff"/>
      </symbol>
      <symbol id="sm-299">
         <name>vPortSVCHandler</name>
         <value>0x32d1</value>
         <object_component_ref idref="oc-ff"/>
      </symbol>
      <symbol id="sm-2de">
         <name>vPortInitialiseBlocks</name>
         <value>0x24d9</value>
         <object_component_ref idref="oc-10f"/>
      </symbol>
      <symbol id="sm-2df">
         <name>xPortGetFreeHeapSize</name>
         <value>0x24d3</value>
         <object_component_ref idref="oc-10f"/>
      </symbol>
      <symbol id="sm-2e0">
         <name>pvPortMalloc</name>
         <value>0x2349</value>
         <object_component_ref idref="oc-10f"/>
      </symbol>
      <symbol id="sm-2e1">
         <name>vPortFree</name>
         <value>0x2471</value>
         <object_component_ref idref="oc-10f"/>
      </symbol>
      <symbol id="sm-2f1">
         <name>_c_int00</name>
         <value>0x38c1</value>
         <object_component_ref idref="oc-24"/>
      </symbol>
      <symbol id="sm-2f2">
         <name>__stack</name>
         <value>0x20002420</value>
         <object_component_ref idref="oc-29"/>
      </symbol>
      <symbol id="sm-309">
         <name>__TI_decompress_none</name>
         <value>0x3ba5</value>
         <object_component_ref idref="oc-12"/>
      </symbol>
      <symbol id="sm-331">
         <name>__TI_decompress_rle24</name>
         <value>0x3c03</value>
         <object_component_ref idref="oc-18"/>
      </symbol>
      <symbol id="sm-343">
         <name>__TI_zero_init</name>
         <value>0x3bb3</value>
         <object_component_ref idref="oc-1e"/>
      </symbol>
      <symbol id="sm-362">
         <name>C$$EXIT</name>
         <value>0x383d</value>
         <object_component_ref idref="oc-6d"/>
      </symbol>
      <symbol id="sm-363">
         <name>abort</name>
         <value>0x3841</value>
         <object_component_ref idref="oc-6d"/>
      </symbol>
      <symbol id="sm-364">
         <name>exit</name>
         <value>0x3849</value>
         <object_component_ref idref="oc-6d"/>
      </symbol>
      <symbol id="sm-365">
         <name>__TI_dtors_ptr</name>
         <value>0x20003598</value>
         <object_component_ref idref="oc-a8"/>
      </symbol>
      <symbol id="sm-366">
         <name>__TI_cleanup_ptr</name>
         <value>0x20003594</value>
         <object_component_ref idref="oc-a8"/>
      </symbol>
      <symbol id="sm-381">
         <name>memcpy</name>
         <value>0x304f</value>
         <object_component_ref idref="oc-36"/>
      </symbol>
      <symbol id="sm-382">
         <name>__aeabi_memcpy</name>
         <value>0x304f</value>
         <object_component_ref idref="oc-36"/>
      </symbol>
      <symbol id="sm-383">
         <name>__aeabi_memcpy8</name>
         <value>0x304f</value>
         <object_component_ref idref="oc-36"/>
      </symbol>
      <symbol id="sm-384">
         <name>__aeabi_memcpy4</name>
         <value>0x304f</value>
         <object_component_ref idref="oc-36"/>
      </symbol>
      <symbol id="sm-393">
         <name>__aeabi_memset</name>
         <value>0x3303</value>
         <object_component_ref idref="oc-4f"/>
      </symbol>
      <symbol id="sm-394">
         <name>memset</name>
         <value>0x3309</value>
         <object_component_ref idref="oc-4f"/>
      </symbol>
      <symbol id="sm-395">
         <name>__aeabi_memset8</name>
         <value>0x3303</value>
         <object_component_ref idref="oc-4f"/>
      </symbol>
      <symbol id="sm-396">
         <name>__aeabi_memset4</name>
         <value>0x3303</value>
         <object_component_ref idref="oc-4f"/>
      </symbol>
      <symbol id="sm-397">
         <name>__aeabi_memclr8</name>
         <value>0x3301</value>
         <object_component_ref idref="oc-4f"/>
      </symbol>
      <symbol id="sm-398">
         <name>__aeabi_memclr4</name>
         <value>0x3301</value>
         <object_component_ref idref="oc-4f"/>
      </symbol>
      <symbol id="sm-399">
         <name>__aeabi_memclr</name>
         <value>0x3301</value>
         <object_component_ref idref="oc-4f"/>
      </symbol>
      <symbol id="sm-3a3">
         <name>_system_pre_init</name>
         <value>0x3c09</value>
         <object_component_ref idref="oc-5b"/>
      </symbol>
      <symbol id="sm-3bc">
         <name>sprintf</name>
         <value>0x3525</value>
         <object_component_ref idref="oc-151"/>
      </symbol>
      <symbol id="sm-3c4">
         <name>main_func_sp</name>
         <value>0x200035a8</value>
         <object_component_ref idref="oc-73"/>
      </symbol>
      <symbol id="sm-3dd">
         <name>_nop</name>
         <value>0x3b43</value>
         <object_component_ref idref="oc-de"/>
      </symbol>
      <symbol id="sm-3de">
         <name>_lock</name>
         <value>0x2000358c</value>
         <object_component_ref idref="oc-a5"/>
      </symbol>
      <symbol id="sm-3df">
         <name>_unlock</name>
         <value>0x20003590</value>
         <object_component_ref idref="oc-a5"/>
      </symbol>
      <symbol id="sm-3e0">
         <name>_register_lock</name>
         <value>0x3b3b</value>
         <object_component_ref idref="oc-de"/>
      </symbol>
      <symbol id="sm-3e1">
         <name>_register_unlock</name>
         <value>0x3b35</value>
         <object_component_ref idref="oc-de"/>
      </symbol>
      <symbol id="sm-4e6">
         <name>__TI_printfi</name>
         <value>0xe85</value>
         <object_component_ref idref="oc-1ee"/>
      </symbol>
      <symbol id="sm-4fb">
         <name>_args_main</name>
         <value>0x3add</value>
         <object_component_ref idref="oc-67"/>
      </symbol>
      <symbol id="sm-511">
         <name>atoi</name>
         <value>0x368d</value>
         <object_component_ref idref="oc-293"/>
      </symbol>
      <symbol id="sm-537">
         <name>__TI_auto_init</name>
         <value>0x33e9</value>
         <object_component_ref idref="oc-61"/>
      </symbol>
      <symbol id="sm-551">
         <name>copy_in</name>
         <value>0x36d9</value>
         <object_component_ref idref="oc-95"/>
      </symbol>
      <symbol id="sm-55c">
         <name>_ctypes_</name>
         <value>0x3dec</value>
         <object_component_ref idref="oc-2e4"/>
      </symbol>
      <symbol id="sm-580">
         <name>__aeabi_dsub</name>
         <value>0x2191</value>
         <object_component_ref idref="oc-270"/>
      </symbol>
      <symbol id="sm-581">
         <name>__aeabi_dadd</name>
         <value>0x219b</value>
         <object_component_ref idref="oc-270"/>
      </symbol>
      <symbol id="sm-5a8">
         <name>__aeabi_cdcmpeq</name>
         <value>0x3175</value>
         <object_component_ref idref="oc-24c"/>
      </symbol>
      <symbol id="sm-5a9">
         <name>__aeabi_cdcmple</name>
         <value>0x3175</value>
         <object_component_ref idref="oc-24c"/>
      </symbol>
      <symbol id="sm-5aa">
         <name>__aeabi_cdrcmple</name>
         <value>0x31fb</value>
         <object_component_ref idref="oc-25b"/>
      </symbol>
      <symbol id="sm-5ca">
         <name>__aeabi_ddiv</name>
         <value>0x296d</value>
         <object_component_ref idref="oc-256"/>
      </symbol>
      <symbol id="sm-5e1">
         <name>__aeabi_dmul</name>
         <value>0x2cdd</value>
         <object_component_ref idref="oc-251"/>
      </symbol>
      <symbol id="sm-5ef">
         <name>__aeabi_d2iz</name>
         <value>0x3725</value>
         <object_component_ref idref="oc-260"/>
      </symbol>
      <symbol id="sm-5fc">
         <name>frexp</name>
         <value>0x3a81</value>
         <object_component_ref idref="oc-275"/>
      </symbol>
      <symbol id="sm-608">
         <name>__aeabi_i2d</name>
         <value>0x39fb</value>
         <object_component_ref idref="oc-26b"/>
      </symbol>
      <symbol id="sm-619">
         <name>ldexp</name>
         <value>0x376d</value>
         <object_component_ref idref="oc-27b"/>
      </symbol>
      <symbol id="sm-628">
         <name>ltoa</name>
         <value>0x3635</value>
         <object_component_ref idref="oc-265"/>
      </symbol>
      <symbol id="sm-638">
         <name>memccpy</name>
         <value>0x3ac1</value>
         <object_component_ref idref="oc-28d"/>
      </symbol>
      <symbol id="sm-648">
         <name>strchr</name>
         <value>0x3af5</value>
         <object_component_ref idref="oc-281"/>
      </symbol>
      <symbol id="sm-656">
         <name>strlen</name>
         <value>0x3b49</value>
         <object_component_ref idref="oc-246"/>
      </symbol>
      <symbol id="sm-680">
         <name>__aeabi_uldivmod</name>
         <value>0x1f9d</value>
         <object_component_ref idref="oc-241"/>
      </symbol>
      <symbol id="sm-68e">
         <name>_Dclass</name>
         <value>0x3a57</value>
         <object_component_ref idref="oc-287"/>
      </symbol>
      <symbol id="sm-6af">
         <name>_Dscale</name>
         <value>0x2bcd</value>
         <object_component_ref idref="oc-2d0"/>
      </symbol>
      <symbol id="sm-6c3">
         <name>_Dunscale</name>
         <value>0x34bf</value>
         <object_component_ref idref="oc-2c8"/>
      </symbol>
      <symbol id="sm-6d2">
         <name>_Feraise</name>
         <value>0x399d</value>
         <object_component_ref idref="oc-2d6"/>
      </symbol>
      <symbol id="sm-6e2">
         <name>_Rteps</name>
         <value>0x20003530</value>
         <object_component_ref idref="oc-2fe"/>
      </symbol>
      <symbol id="sm-6e3">
         <name>_Zero</name>
         <value>0x20003548</value>
         <object_component_ref idref="oc-2fe"/>
      </symbol>
      <symbol id="sm-6e4">
         <name>_Hugeval</name>
         <value>0x200034f0</value>
         <object_component_ref idref="oc-2fe"/>
      </symbol>
      <symbol id="sm-6e5">
         <name>_Snan</name>
         <value>0x20003520</value>
         <object_component_ref idref="oc-2fe"/>
      </symbol>
      <symbol id="sm-6e6">
         <name>_Nan</name>
         <value>0x20003510</value>
         <object_component_ref idref="oc-2fe"/>
      </symbol>
      <symbol id="sm-6e7">
         <name>_Inf</name>
         <value>0x20003500</value>
         <object_component_ref idref="oc-2fe"/>
      </symbol>
      <symbol id="sm-6e8">
         <name>_Xbig</name>
         <value>0x20003540</value>
         <object_component_ref idref="oc-2fe"/>
      </symbol>
      <symbol id="sm-6e9">
         <name>_Eps</name>
         <value>0x200034e0</value>
         <object_component_ref idref="oc-2fe"/>
      </symbol>
      <symbol id="sm-6ea">
         <name>_Denorm</name>
         <value>0x200034d0</value>
         <object_component_ref idref="oc-2fe"/>
      </symbol>
      <symbol id="sm-6f2">
         <name>_Errno</name>
         <value>0x200035a4</value>
         <object_component_ref idref="oc-309"/>
      </symbol>
      <symbol id="sm-710">
         <name>feraiseexcept</name>
         <value>0x3969</value>
         <object_component_ref idref="oc-303"/>
      </symbol>
      <symbol id="sm-711">
         <name>_Tls_setup__Fenv</name>
         <value>0x200035a0</value>
         <object_component_ref idref="oc-32d"/>
      </symbol>
      <symbol id="sm-712">
         <name>_Fenv</name>
         <value>0x2000359c</value>
         <object_component_ref idref="oc-32d"/>
      </symbol>
      <symbol id="sm-726">
         <name>raise</name>
         <value>0x3a29</value>
         <object_component_ref idref="oc-327"/>
      </symbol>
      <symbol id="sm-740">
         <name>signal</name>
         <value>0x3881</value>
         <object_component_ref idref="oc-337"/>
      </symbol>
      <symbol id="sm-755">
         <name>_Dnorm</name>
         <value>0x2f91</value>
         <object_component_ref idref="oc-2f4"/>
      </symbol>
      <symbol id="sm-77a">
         <name>SysTickEnable</name>
         <value>0x3b0d</value>
         <object_component_ref idref="oc-132"/>
      </symbol>
      <symbol id="sm-77b">
         <name>SysTickIntRegister</name>
         <value>0x3aa5</value>
         <object_component_ref idref="oc-12a"/>
      </symbol>
      <symbol id="sm-77c">
         <name>SysTickIntEnable</name>
         <value>0x3b21</value>
         <object_component_ref idref="oc-12e"/>
      </symbol>
      <symbol id="sm-80f">
         <name>SysCtlClockSet</name>
         <value>0x2829</value>
         <object_component_ref idref="oc-122"/>
      </symbol>
      <symbol id="sm-810">
         <name>SysCtlDelay</name>
         <value>0x3bfd</value>
         <object_component_ref idref="oc-1a1"/>
      </symbol>
      <symbol id="sm-811">
         <name>SysCtlPeripheralEnable</name>
         <value>0x35dd</value>
         <object_component_ref idref="oc-13d"/>
      </symbol>
      <symbol id="sm-812">
         <name>SysCtlClockGet</name>
         <value>0x24fd</value>
         <object_component_ref idref="oc-1bf"/>
      </symbol>
      <symbol id="sm-813">
         <name>SysCtlPeripheralDisable</name>
         <value>0x3585</value>
         <object_component_ref idref="oc-14d"/>
      </symbol>
      <symbol id="sm-814">
         <name>SysCtlPeripheralReset</name>
         <value>0x30ed</value>
         <object_component_ref idref="oc-149"/>
      </symbol>
      <symbol id="sm-848">
         <name>SSIDataPut</name>
         <value>0x3bcb</value>
         <object_component_ref idref="oc-1b4"/>
      </symbol>
      <symbol id="sm-849">
         <name>SSIDataGetNonBlocking</name>
         <value>0x3b93</value>
         <object_component_ref idref="oc-1d3"/>
      </symbol>
      <symbol id="sm-84a">
         <name>SSIConfigSetExpClk</name>
         <value>0x37b3</value>
         <object_component_ref idref="oc-1c3"/>
      </symbol>
      <symbol id="sm-84b">
         <name>SSIEnable</name>
         <value>0x3bdf</value>
         <object_component_ref idref="oc-1cf"/>
      </symbol>
      <symbol id="sm-84c">
         <name>SSIBusy</name>
         <value>0x3be9</value>
         <object_component_ref idref="oc-1b0"/>
      </symbol>
      <symbol id="sm-84d">
         <name>SSIDisable</name>
         <value>0x3bd5</value>
         <object_component_ref idref="oc-1bb"/>
      </symbol>
      <symbol id="sm-863">
         <name>IntRegister</name>
         <value>0x3935</value>
         <object_component_ref idref="oc-126"/>
      </symbol>
      <symbol id="sm-864">
         <name>g_pfnRAMVectors</name>
         <value>0x20000000</value>
         <object_component_ref idref="oc-1a8"/>
      </symbol>
      <symbol id="sm-8a9">
         <name>GPIOPinTypeGPIOInput</name>
         <value>0x3b5d</value>
         <object_component_ref idref="oc-141"/>
      </symbol>
      <symbol id="sm-8aa">
         <name>GPIOPinTypeGPIOOutput</name>
         <value>0x3b6f</value>
         <object_component_ref idref="oc-15c"/>
      </symbol>
      <symbol id="sm-8ab">
         <name>GPIOPinRead</name>
         <value>0x3bf1</value>
         <object_component_ref idref="oc-145"/>
      </symbol>
      <symbol id="sm-8ac">
         <name>GPIODirModeSet</name>
         <value>0x39cd</value>
         <object_component_ref idref="oc-1e5"/>
      </symbol>
      <symbol id="sm-8ad">
         <name>GPIOPinWrite</name>
         <value>0x3bf7</value>
         <object_component_ref idref="oc-160"/>
      </symbol>
      <symbol id="sm-8ae">
         <name>GPIOPadConfigSet</name>
         <value>0x2ec9</value>
         <object_component_ref idref="oc-1cb"/>
      </symbol>
      <symbol id="sm-8af">
         <name>GPIOPinTypeSSI</name>
         <value>0x3b81</value>
         <object_component_ref idref="oc-1c7"/>
      </symbol>
      <symbol id="sm-8b1">
         <name>__TI_static_base__</name>
         <value>0x0</value>
      </symbol>
      <symbol id="sm-8b4">
         <name>SHT$$INIT_ARRAY$$Limit</name>
         <value>0x0</value>
      </symbol>
      <symbol id="sm-8b5">
         <name>SHT$$INIT_ARRAY$$Base</name>
         <value>0x0</value>
      </symbol>
   </symbol_table>
   <title>Link successful</title>
</link_info>
